[2.773s] Invoking command in '/root/DockerFiles/drone_ws/src/tello_mission': PYTHONPATH=/root/DockerFiles/drone_ws/build/tello_mission/prefix_override:/root/DockerFiles/drone_ws/install/tello_mission/lib/python3.8/site-packages:${PYTHONPATH} /usr/bin/python3 setup.py egg_info --egg-base ../../build/tello_mission build --build-base /root/DockerFiles/drone_ws/build/tello_mission/build install --record /root/DockerFiles/drone_ws/build/tello_mission/install.log --single-version-externally-managed
[3.182s] running egg_info
[3.186s] creating ../../build/tello_mission/tello_mission.egg-info
[3.186s] writing ../../build/tello_mission/tello_mission.egg-info/PKG-INFO
[3.186s] writing dependency_links to ../../build/tello_mission/tello_mission.egg-info/dependency_links.txt
[3.187s] writing entry points to ../../build/tello_mission/tello_mission.egg-info/entry_points.txt
[3.188s] writing requirements to ../../build/tello_mission/tello_mission.egg-info/requires.txt
[3.189s] writing top-level names to ../../build/tello_mission/tello_mission.egg-info/top_level.txt
[3.196s] writing manifest file '../../build/tello_mission/tello_mission.egg-info/SOURCES.txt'
[3.286s] reading manifest file '../../build/tello_mission/tello_mission.egg-info/SOURCES.txt'
[3.286s] writing manifest file '../../build/tello_mission/tello_mission.egg-info/SOURCES.txt'
[3.286s] running build
[3.286s] running build_py
[3.286s] creating /root/DockerFiles/drone_ws/build/tello_mission/build
[3.287s] creating /root/DockerFiles/drone_ws/build/tello_mission/build/lib
[3.287s] creating /root/DockerFiles/drone_ws/build/tello_mission/build/lib/tello_mission
[3.287s] copying tello_mission/tello_mission.py -> /root/DockerFiles/drone_ws/build/tello_mission/build/lib/tello_mission
[3.287s] copying tello_mission/__init__.py -> /root/DockerFiles/drone_ws/build/tello_mission/build/lib/tello_mission
[3.287s] running install
[3.290s] running install_lib
[3.290s] creating /root/DockerFiles/drone_ws/install/tello_mission/lib/python3.8/site-packages/tello_mission
[3.290s] copying /root/DockerFiles/drone_ws/build/tello_mission/build/lib/tello_mission/tello_mission.py -> /root/DockerFiles/drone_ws/install/tello_mission/lib/python3.8/site-packages/tello_mission
[3.290s] copying /root/DockerFiles/drone_ws/build/tello_mission/build/lib/tello_mission/__init__.py -> /root/DockerFiles/drone_ws/install/tello_mission/lib/python3.8/site-packages/tello_mission
[3.290s] byte-compiling /root/DockerFiles/drone_ws/install/tello_mission/lib/python3.8/site-packages/tello_mission/tello_mission.py to tello_mission.cpython-38.pyc
[3.302s] byte-compiling /root/DockerFiles/drone_ws/install/tello_mission/lib/python3.8/site-packages/tello_mission/__init__.py to __init__.cpython-38.pyc
[3.303s] running install_data
[3.303s] creating /root/DockerFiles/drone_ws/install/tello_mission/share/ament_index
[3.303s] creating /root/DockerFiles/drone_ws/install/tello_mission/share/ament_index/resource_index
[3.303s] creating /root/DockerFiles/drone_ws/install/tello_mission/share/ament_index/resource_index/packages
[3.303s] copying resource/tello_mission -> /root/DockerFiles/drone_ws/install/tello_mission/share/ament_index/resource_index/packages
[3.303s] copying package.xml -> /root/DockerFiles/drone_ws/install/tello_mission/share/tello_mission
[3.303s] running install_egg_info
[3.304s] Copying ../../build/tello_mission/tello_mission.egg-info to /root/DockerFiles/drone_ws/install/tello_mission/lib/python3.8/site-packages/tello_mission-0.0.1-py3.8.egg-info
[3.304s] running install_scripts
[3.354s] Installing tello_mission script to /root/DockerFiles/drone_ws/install/tello_mission/lib/tello_mission
[3.354s] writing list of installed files to '/root/DockerFiles/drone_ws/build/tello_mission/install.log'
[3.497s] Invoked command in '/root/DockerFiles/drone_ws/src/tello_mission' returned '0': PYTHONPATH=/root/DockerFiles/drone_ws/build/tello_mission/prefix_override:/root/DockerFiles/drone_ws/install/tello_mission/lib/python3.8/site-packages:${PYTHONPATH} /usr/bin/python3 setup.py egg_info --egg-base ../../build/tello_mission build --build-base /root/DockerFiles/drone_ws/build/tello_mission/build install --record /root/DockerFiles/drone_ws/build/tello_mission/install.log --single-version-externally-managed
