[2.710s] Invoking command in '/root/DockerFiles/drone_ws/src/tello_mission': PYTHONPATH=/root/DockerFiles/drone_ws/build/tello_mission/prefix_override:/root/DockerFiles/drone_ws/install/tello_mission/lib/python3.8/site-packages:${PYTHONPATH} /usr/bin/python3 setup.py egg_info --egg-base ../../build/tello_mission build --build-base /root/DockerFiles/drone_ws/build/tello_mission/build install --record /root/DockerFiles/drone_ws/build/tello_mission/install.log --single-version-externally-managed
[3.117s] running egg_info
[3.118s] writing ../../build/tello_mission/tello_mission.egg-info/PKG-INFO
[3.119s] writing dependency_links to ../../build/tello_mission/tello_mission.egg-info/dependency_links.txt
[3.121s] writing entry points to ../../build/tello_mission/tello_mission.egg-info/entry_points.txt
[3.128s] writing requirements to ../../build/tello_mission/tello_mission.egg-info/requires.txt
[3.128s] writing top-level names to ../../build/tello_mission/tello_mission.egg-info/top_level.txt
[3.204s] reading manifest file '../../build/tello_mission/tello_mission.egg-info/SOURCES.txt'
[3.205s] writing manifest file '../../build/tello_mission/tello_mission.egg-info/SOURCES.txt'
[3.206s] running build
[3.206s] running build_py
[3.209s] running install
[3.210s] running install_lib
[3.211s] running install_data
[3.212s] running install_egg_info
[3.229s] removing '/root/DockerFiles/drone_ws/install/tello_mission/lib/python3.8/site-packages/tello_mission-0.0.1-py3.8.egg-info' (and everything under it)
[3.230s] Copying ../../build/tello_mission/tello_mission.egg-info to /root/DockerFiles/drone_ws/install/tello_mission/lib/python3.8/site-packages/tello_mission-0.0.1-py3.8.egg-info
[3.230s] running install_scripts
[3.257s] Installing tello_mission script to /root/DockerFiles/drone_ws/install/tello_mission/lib/tello_mission
[3.257s] writing list of installed files to '/root/DockerFiles/drone_ws/build/tello_mission/install.log'
[3.357s] Invoked command in '/root/DockerFiles/drone_ws/src/tello_mission' returned '0': PYTHONPATH=/root/DockerFiles/drone_ws/build/tello_mission/prefix_override:/root/DockerFiles/drone_ws/install/tello_mission/lib/python3.8/site-packages:${PYTHONPATH} /usr/bin/python3 setup.py egg_info --egg-base ../../build/tello_mission build --build-base /root/DockerFiles/drone_ws/build/tello_mission/build install --record /root/DockerFiles/drone_ws/build/tello_mission/install.log --single-version-externally-managed
