running egg_info
creating ../../build/tello_mission/tello_mission.egg-info
writing ../../build/tello_mission/tello_mission.egg-info/PKG-INFO
writing dependency_links to ../../build/tello_mission/tello_mission.egg-info/dependency_links.txt
writing entry points to ../../build/tello_mission/tello_mission.egg-info/entry_points.txt
writing requirements to ../../build/tello_mission/tello_mission.egg-info/requires.txt
writing top-level names to ../../build/tello_mission/tello_mission.egg-info/top_level.txt
writing manifest file '../../build/tello_mission/tello_mission.egg-info/SOURCES.txt'
reading manifest file '../../build/tello_mission/tello_mission.egg-info/SOURCES.txt'
writing manifest file '../../build/tello_mission/tello_mission.egg-info/SOURCES.txt'
running build
running build_py
creating /root/DockerFiles/drone_ws/build/tello_mission/build
creating /root/DockerFiles/drone_ws/build/tello_mission/build/lib
creating /root/DockerFiles/drone_ws/build/tello_mission/build/lib/tello_mission
copying tello_mission/tello_mission.py -> /root/DockerFiles/drone_ws/build/tello_mission/build/lib/tello_mission
copying tello_mission/__init__.py -> /root/DockerFiles/drone_ws/build/tello_mission/build/lib/tello_mission
running install
running install_lib
creating /root/DockerFiles/drone_ws/install/tello_mission/lib/python3.8/site-packages/tello_mission
copying /root/DockerFiles/drone_ws/build/tello_mission/build/lib/tello_mission/tello_mission.py -> /root/DockerFiles/drone_ws/install/tello_mission/lib/python3.8/site-packages/tello_mission
copying /root/DockerFiles/drone_ws/build/tello_mission/build/lib/tello_mission/__init__.py -> /root/DockerFiles/drone_ws/install/tello_mission/lib/python3.8/site-packages/tello_mission
byte-compiling /root/DockerFiles/drone_ws/install/tello_mission/lib/python3.8/site-packages/tello_mission/tello_mission.py to tello_mission.cpython-38.pyc
byte-compiling /root/DockerFiles/drone_ws/install/tello_mission/lib/python3.8/site-packages/tello_mission/__init__.py to __init__.cpython-38.pyc
running install_data
creating /root/DockerFiles/drone_ws/install/tello_mission/share/ament_index
creating /root/DockerFiles/drone_ws/install/tello_mission/share/ament_index/resource_index
creating /root/DockerFiles/drone_ws/install/tello_mission/share/ament_index/resource_index/packages
copying resource/tello_mission -> /root/DockerFiles/drone_ws/install/tello_mission/share/ament_index/resource_index/packages
copying package.xml -> /root/DockerFiles/drone_ws/install/tello_mission/share/tello_mission
running install_egg_info
Copying ../../build/tello_mission/tello_mission.egg-info to /root/DockerFiles/drone_ws/install/tello_mission/lib/python3.8/site-packages/tello_mission-0.0.1-py3.8.egg-info
running install_scripts
Installing tello_mission script to /root/DockerFiles/drone_ws/install/tello_mission/lib/tello_mission
writing list of installed files to '/root/DockerFiles/drone_ws/build/tello_mission/install.log'
