[1.855s] Invoking command in '/root/DockerFiles/drone_ws/src/tello_camera': PYTHONPATH=/root/DockerFiles/drone_ws/build/tello_camera/prefix_override:/root/DockerFiles/drone_ws/install/tello_camera/lib/python3.8/site-packages:${PYTHONPATH} /usr/bin/python3 setup.py egg_info --egg-base ../../build/tello_camera build --build-base /root/DockerFiles/drone_ws/build/tello_camera/build install --record /root/DockerFiles/drone_ws/build/tello_camera/install.log --single-version-externally-managed
[2.127s] running egg_info
[2.127s] writing ../../build/tello_camera/tello_camera.egg-info/PKG-INFO
[2.129s] writing dependency_links to ../../build/tello_camera/tello_camera.egg-info/dependency_links.txt
[2.129s] writing entry points to ../../build/tello_camera/tello_camera.egg-info/entry_points.txt
[2.129s] writing requirements to ../../build/tello_camera/tello_camera.egg-info/requires.txt
[2.129s] writing top-level names to ../../build/tello_camera/tello_camera.egg-info/top_level.txt
[2.194s] reading manifest file '../../build/tello_camera/tello_camera.egg-info/SOURCES.txt'
[2.194s] writing manifest file '../../build/tello_camera/tello_camera.egg-info/SOURCES.txt'
[2.194s] running build
[2.194s] running build_py
[2.194s] copying tello_camera/tello_camera_hough.py -> /root/DockerFiles/drone_ws/build/tello_camera/build/lib/tello_camera
[2.195s] running install
[2.195s] running install_lib
[2.195s] copying /root/DockerFiles/drone_ws/build/tello_camera/build/lib/tello_camera/tello_camera_hough.py -> /root/DockerFiles/drone_ws/install/tello_camera/lib/python3.8/site-packages/tello_camera
[2.195s] byte-compiling /root/DockerFiles/drone_ws/install/tello_camera/lib/python3.8/site-packages/tello_camera/tello_camera_hough.py to tello_camera_hough.cpython-38.pyc
[2.200s] running install_data
[2.200s] running install_egg_info
[2.201s] removing '/root/DockerFiles/drone_ws/install/tello_camera/lib/python3.8/site-packages/tello_camera-1.0.0-py3.8.egg-info' (and everything under it)
[2.201s] Copying ../../build/tello_camera/tello_camera.egg-info to /root/DockerFiles/drone_ws/install/tello_camera/lib/python3.8/site-packages/tello_camera-1.0.0-py3.8.egg-info
[2.201s] running install_scripts
[2.219s] Installing tello_camera_contour script to /root/DockerFiles/drone_ws/install/tello_camera/lib/tello_camera
[2.223s] Installing tello_camera_hough script to /root/DockerFiles/drone_ws/install/tello_camera/lib/tello_camera
[2.223s] writing list of installed files to '/root/DockerFiles/drone_ws/build/tello_camera/install.log'
[2.307s] Invoked command in '/root/DockerFiles/drone_ws/src/tello_camera' returned '0': PYTHONPATH=/root/DockerFiles/drone_ws/build/tello_camera/prefix_override:/root/DockerFiles/drone_ws/install/tello_camera/lib/python3.8/site-packages:${PYTHONPATH} /usr/bin/python3 setup.py egg_info --egg-base ../../build/tello_camera build --build-base /root/DockerFiles/drone_ws/build/tello_camera/build install --record /root/DockerFiles/drone_ws/build/tello_camera/install.log --single-version-externally-managed
