[1.221s] Invoking command in '/root/DockerFiles/drone_ws/src/tello_mission': PYTHONPATH=/root/DockerFiles/drone_ws/build/tello_mission/prefix_override:/root/DockerFiles/drone_ws/install/tello_mission/lib/python3.8/site-packages:${PYTHONPATH} /usr/bin/python3 setup.py egg_info --egg-base ../../build/tello_mission build --build-base /root/DockerFiles/drone_ws/build/tello_mission/build install --record /root/DockerFiles/drone_ws/build/tello_mission/install.log --single-version-externally-managed
[1.411s] running egg_info
[1.412s] writing ../../build/tello_mission/tello_mission.egg-info/PKG-INFO
[1.412s] writing dependency_links to ../../build/tello_mission/tello_mission.egg-info/dependency_links.txt
[1.412s] writing entry points to ../../build/tello_mission/tello_mission.egg-info/entry_points.txt
[1.412s] writing requirements to ../../build/tello_mission/tello_mission.egg-info/requires.txt
[1.413s] writing top-level names to ../../build/tello_mission/tello_mission.egg-info/top_level.txt
[1.444s] reading manifest file '../../build/tello_mission/tello_mission.egg-info/SOURCES.txt'
[1.445s] writing manifest file '../../build/tello_mission/tello_mission.egg-info/SOURCES.txt'
[1.445s] running build
[1.446s] running build_py
[1.446s] running install
[1.447s] running install_lib
[1.448s] running install_data
[1.449s] running install_egg_info
[1.450s] removing '/root/DockerFiles/drone_ws/install/tello_mission/lib/python3.8/site-packages/tello_mission-0.0.1-py3.8.egg-info' (and everything under it)
[1.451s] Copying ../../build/tello_mission/tello_mission.egg-info to /root/DockerFiles/drone_ws/install/tello_mission/lib/python3.8/site-packages/tello_mission-0.0.1-py3.8.egg-info
[1.452s] running install_scripts
[1.473s] Installing tello_mission script to /root/DockerFiles/drone_ws/install/tello_mission/lib/tello_mission
[1.473s] writing list of installed files to '/root/DockerFiles/drone_ws/build/tello_mission/install.log'
