[0.039s] Invoking command in '/root/DockerFiles/drone_ws/build/tello_driver': CMAKE_PREFIX_PATH=/root/DockerFiles/drone_ws/install/tello_msgs:/root/DockerFiles/drone_ws/install/ros2_shared:/root/DockerFiles/drone_ws/install/tello_gazebo:/root/DockerFiles/drone_ws/install/tello_driver:/root/DockerFiles/drone_ws/install/tello_description:/root/DockerFiles/drone_ws/install/tello_mission:/root/DockerFiles/drone_ws/install/tello_hand_move:/root/DockerFiles/drone_ws/install/tello_controller:/root/DockerFiles/drone_ws/install/tello_camera:/opt/ros/foxy LD_LIBRARY_PATH=/root/DockerFiles/drone_ws/install/tello_msgs/lib:/root/DockerFiles/drone_ws/install/tello_gazebo/lib:/root/DockerFiles/drone_ws/install/tello_driver/lib:/usr/lib/x86_64-linux-gnu/gazebo-11/plugins:/opt/ros/foxy/opt/yaml_cpp_vendor/lib:/opt/ros/foxy/opt/rviz_ogre_vendor/lib:/opt/ros/foxy/lib/x86_64-linux-gnu:/opt/ros/foxy/lib /usr/bin/cmake /root/DockerFiles/drone_ws/src/tello_ros/tello_driver -DCMAKE_INSTALL_PREFIX=/root/DockerFiles/drone_ws/install/tello_driver
[0.139s] -- The C compiler identification is GNU 9.4.0
[0.222s] -- The CXX compiler identification is GNU 9.4.0
[0.227s] -- Check for working C compiler: /usr/bin/cc
[0.353s] -- Check for working C compiler: /usr/bin/cc -- works
[0.354s] -- Detecting C compiler ABI info
[0.466s] -- Detecting C compiler ABI info - done
[0.487s] -- Detecting C compile features
[0.488s] -- Detecting C compile features - done
[0.490s] -- Check for working CXX compiler: /usr/bin/c++
[0.620s] -- Check for working CXX compiler: /usr/bin/c++ -- works
[0.621s] -- Detecting CXX compiler ABI info
[0.754s] -- Detecting CXX compiler ABI info - done
[0.772s] -- Detecting CXX compile features
[0.773s] -- Detecting CXX compile features - done
[0.774s] -- Found ament_cmake: 0.9.12 (/opt/ros/foxy/share/ament_cmake/cmake)
[0.818s] -- Found PythonInterp: /usr/bin/python3 (found suitable version "3.8.10", minimum required is "3") 
[0.818s] -- Using PYTHON_EXECUTABLE: /usr/bin/python3
[1.101s] -- Found camera_calibration_parsers: 2.4.0 (/opt/ros/foxy/share/camera_calibration_parsers/cmake)
[1.182s] -- Using all available rosidl_typesupport_c: rosidl_typesupport_fastrtps_c;rosidl_typesupport_introspection_c
[1.195s] -- Found rosidl_adapter: 1.3.1 (/opt/ros/foxy/share/rosidl_adapter/cmake)
[1.375s] -- Found OpenSSL: /usr/lib/x86_64-linux-gnu/libcrypto.so (found version "1.1.1f")  
[1.423s] -- Found FastRTPS: /opt/ros/foxy/include  
[1.560s] -- Using all available rosidl_typesupport_cpp: rosidl_typesupport_fastrtps_cpp;rosidl_typesupport_introspection_cpp
[1.660s] -- Found rmw_implementation_cmake: 1.0.4 (/opt/ros/foxy/share/rmw_implementation_cmake/cmake)
[1.663s] -- Using RMW implementation 'rmw_fastrtps_cpp' as default
[1.663s] -- Looking for pthread.h
[1.795s] -- Looking for pthread.h - found
[1.795s] -- Performing Test CMAKE_HAVE_LIBC_PTHREAD
[1.929s] -- Performing Test CMAKE_HAVE_LIBC_PTHREAD - Failed
[1.931s] -- Looking for pthread_create in pthreads
[2.037s] -- Looking for pthread_create in pthreads - not found
[2.039s] -- Looking for pthread_create in pthread
[2.156s] -- Looking for pthread_create in pthread - found
[2.157s] -- Found Threads: TRUE  
[2.624s] -- Setting yaml-cpp_DIR to: '/opt/ros/foxy/share/yaml_cpp_vendor/cmake/../../../opt/yaml_cpp_vendor/lib/cmake/yaml-cpp'
[2.633s] -- Found class_loader: 2.0.3 (/opt/ros/foxy/share/class_loader/cmake)
[2.648s] -- Found cv_bridge: 3.0.7 (/opt/ros/foxy/share/cv_bridge/cmake)
[2.710s] -- Found OpenCV: /usr (found version "4.2.0") 
[2.712s] -- Found rclcpp_components: 2.4.3 (/opt/ros/foxy/share/rclcpp_components/cmake)
[2.795s] -- Found ros2_shared: 0.1.0 (/root/DockerFiles/drone_ws/install/ros2_shared/share/ros2_shared/cmake)
[2.801s] -- Found tello_msgs: 0.1.0 (/root/DockerFiles/drone_ws/install/tello_msgs/share/tello_msgs/cmake)
[3.113s] -- Configuring done
[3.245s] -- Generating done
[3.256s] -- Build files have been written to: /root/DockerFiles/drone_ws/build/tello_driver
[3.285s] Invoked command in '/root/DockerFiles/drone_ws/build/tello_driver' returned '0': CMAKE_PREFIX_PATH=/root/DockerFiles/drone_ws/install/tello_msgs:/root/DockerFiles/drone_ws/install/ros2_shared:/root/DockerFiles/drone_ws/install/tello_gazebo:/root/DockerFiles/drone_ws/install/tello_driver:/root/DockerFiles/drone_ws/install/tello_description:/root/DockerFiles/drone_ws/install/tello_mission:/root/DockerFiles/drone_ws/install/tello_hand_move:/root/DockerFiles/drone_ws/install/tello_controller:/root/DockerFiles/drone_ws/install/tello_camera:/opt/ros/foxy LD_LIBRARY_PATH=/root/DockerFiles/drone_ws/install/tello_msgs/lib:/root/DockerFiles/drone_ws/install/tello_gazebo/lib:/root/DockerFiles/drone_ws/install/tello_driver/lib:/usr/lib/x86_64-linux-gnu/gazebo-11/plugins:/opt/ros/foxy/opt/yaml_cpp_vendor/lib:/opt/ros/foxy/opt/rviz_ogre_vendor/lib:/opt/ros/foxy/lib/x86_64-linux-gnu:/opt/ros/foxy/lib /usr/bin/cmake /root/DockerFiles/drone_ws/src/tello_ros/tello_driver -DCMAKE_INSTALL_PREFIX=/root/DockerFiles/drone_ws/install/tello_driver
[3.291s] Invoking command in '/root/DockerFiles/drone_ws/build/tello_driver': CMAKE_PREFIX_PATH=/root/DockerFiles/drone_ws/install/tello_msgs:/root/DockerFiles/drone_ws/install/ros2_shared:/root/DockerFiles/drone_ws/install/tello_gazebo:/root/DockerFiles/drone_ws/install/tello_driver:/root/DockerFiles/drone_ws/install/tello_description:/root/DockerFiles/drone_ws/install/tello_mission:/root/DockerFiles/drone_ws/install/tello_hand_move:/root/DockerFiles/drone_ws/install/tello_controller:/root/DockerFiles/drone_ws/install/tello_camera:/opt/ros/foxy LD_LIBRARY_PATH=/root/DockerFiles/drone_ws/install/tello_msgs/lib:/root/DockerFiles/drone_ws/install/tello_gazebo/lib:/root/DockerFiles/drone_ws/install/tello_driver/lib:/usr/lib/x86_64-linux-gnu/gazebo-11/plugins:/opt/ros/foxy/opt/yaml_cpp_vendor/lib:/opt/ros/foxy/opt/rviz_ogre_vendor/lib:/opt/ros/foxy/lib/x86_64-linux-gnu:/opt/ros/foxy/lib /usr/bin/cmake --build /root/DockerFiles/drone_ws/build/tello_driver -- -j12 -l12
[3.366s] [35m[1mScanning dependencies of target tello_joy_main[0m
[3.463s] [  4%] [32mBuilding CXX object CMakeFiles/tello_joy_main.dir/src/tello_joy_main.cpp.o[0m
[6.261s] [  9%] [32mBuilding CXX object CMakeFiles/tello_joy_main.dir/src/tello_joy_node.cpp.o[0m
[15.342s] [ 13%] [32m[1mLinking CXX executable tello_joy_main[0m
[15.926s] [ 13%] Built target tello_joy_main
[15.940s] [35m[1mScanning dependencies of target tello_joy_node[0m
[16.012s] [ 18%] [32mBuilding CXX object CMakeFiles/tello_joy_node.dir/src/tello_joy_node.cpp.o[0m
[24.920s] [ 22%] [32m[1mLinking CXX shared library libtello_joy_node.so[0m
[25.463s] [ 22%] Built target tello_joy_node
[25.479s] [35m[1mScanning dependencies of target tello_emulator[0m
[25.506s] [ 27%] [32mBuilding CXX object CMakeFiles/tello_emulator.dir/src/tello_emulator.cpp.o[0m
[27.349s] [ 31%] [32m[1mLinking CXX executable tello_emulator[0m
[27.506s] [ 31%] Built target tello_emulator
[27.529s] [35m[1mScanning dependencies of target tello_driver_main[0m
[27.695s] [ 36%] [32mBuilding CXX object CMakeFiles/tello_driver_main.dir/src/tello_driver_main.cpp.o[0m
[32.263s] [ 40%] [32mBuilding CXX object CMakeFiles/tello_driver_main.dir/h264decoder/h264decoder.cpp.o[0m
[32.600s] [ 45%] [32mBuilding CXX object CMakeFiles/tello_driver_main.dir/src/video_socket.cpp.o[0m
[37.292s] [ 50%] [32mBuilding CXX object CMakeFiles/tello_driver_main.dir/src/state_socket.cpp.o[0m
[44.513s] [ 54%] [32mBuilding CXX object CMakeFiles/tello_driver_main.dir/src/command_socket.cpp.o[0m
[49.105s] [ 59%] [32mBuilding CXX object CMakeFiles/tello_driver_main.dir/src/tello_socket.cpp.o[0m
[53.469s] [ 63%] [32mBuilding CXX object CMakeFiles/tello_driver_main.dir/src/tello_driver_node.cpp.o[0m
[65.315s] [ 68%] [32m[1mLinking CXX executable tello_driver_main[0m
[67.294s] [ 68%] Built target tello_driver_main
[67.312s] [35m[1mScanning dependencies of target tello_driver_node[0m
[67.434s] [ 72%] [32mBuilding CXX object CMakeFiles/tello_driver_node.dir/src/tello_driver_node.cpp.o[0m
[79.567s] [ 77%] [32mBuilding CXX object CMakeFiles/tello_driver_node.dir/h264decoder/h264decoder.cpp.o[0m
[79.908s] [ 81%] [32mBuilding CXX object CMakeFiles/tello_driver_node.dir/src/video_socket.cpp.o[0m
[84.683s] [ 86%] [32mBuilding CXX object CMakeFiles/tello_driver_node.dir/src/state_socket.cpp.o[0m
[91.881s] [ 90%] [32mBuilding CXX object CMakeFiles/tello_driver_node.dir/src/command_socket.cpp.o[0m
[96.583s] [ 95%] [32mBuilding CXX object CMakeFiles/tello_driver_node.dir/src/tello_socket.cpp.o[0m
[100.924s] [100%] [32m[1mLinking CXX shared library libtello_driver_node.so[0m
[102.385s] [100%] Built target tello_driver_node
[102.404s] Invoked command in '/root/DockerFiles/drone_ws/build/tello_driver' returned '0': CMAKE_PREFIX_PATH=/root/DockerFiles/drone_ws/install/tello_msgs:/root/DockerFiles/drone_ws/install/ros2_shared:/root/DockerFiles/drone_ws/install/tello_gazebo:/root/DockerFiles/drone_ws/install/tello_driver:/root/DockerFiles/drone_ws/install/tello_description:/root/DockerFiles/drone_ws/install/tello_mission:/root/DockerFiles/drone_ws/install/tello_hand_move:/root/DockerFiles/drone_ws/install/tello_controller:/root/DockerFiles/drone_ws/install/tello_camera:/opt/ros/foxy LD_LIBRARY_PATH=/root/DockerFiles/drone_ws/install/tello_msgs/lib:/root/DockerFiles/drone_ws/install/tello_gazebo/lib:/root/DockerFiles/drone_ws/install/tello_driver/lib:/usr/lib/x86_64-linux-gnu/gazebo-11/plugins:/opt/ros/foxy/opt/yaml_cpp_vendor/lib:/opt/ros/foxy/opt/rviz_ogre_vendor/lib:/opt/ros/foxy/lib/x86_64-linux-gnu:/opt/ros/foxy/lib /usr/bin/cmake --build /root/DockerFiles/drone_ws/build/tello_driver -- -j12 -l12
[102.503s] Invoking command in '/root/DockerFiles/drone_ws/build/tello_driver': CMAKE_PREFIX_PATH=/root/DockerFiles/drone_ws/install/tello_msgs:/root/DockerFiles/drone_ws/install/ros2_shared:/root/DockerFiles/drone_ws/install/tello_gazebo:/root/DockerFiles/drone_ws/install/tello_driver:/root/DockerFiles/drone_ws/install/tello_description:/root/DockerFiles/drone_ws/install/tello_mission:/root/DockerFiles/drone_ws/install/tello_hand_move:/root/DockerFiles/drone_ws/install/tello_controller:/root/DockerFiles/drone_ws/install/tello_camera:/opt/ros/foxy LD_LIBRARY_PATH=/root/DockerFiles/drone_ws/install/tello_msgs/lib:/root/DockerFiles/drone_ws/install/tello_gazebo/lib:/root/DockerFiles/drone_ws/install/tello_driver/lib:/usr/lib/x86_64-linux-gnu/gazebo-11/plugins:/opt/ros/foxy/opt/yaml_cpp_vendor/lib:/opt/ros/foxy/opt/rviz_ogre_vendor/lib:/opt/ros/foxy/lib/x86_64-linux-gnu:/opt/ros/foxy/lib /usr/bin/cmake --install /root/DockerFiles/drone_ws/build/tello_driver
[102.520s] -- Install configuration: ""
[102.522s] -- Installing: /root/DockerFiles/drone_ws/install/tello_driver/share/tello_driver/environment/library_path.sh
[102.523s] -- Installing: /root/DockerFiles/drone_ws/install/tello_driver/share/tello_driver/environment/library_path.dsv
[102.526s] -- Installing: /root/DockerFiles/drone_ws/install/tello_driver/lib/libtello_driver_node.so
[102.534s] -- Set runtime path of "/root/DockerFiles/drone_ws/install/tello_driver/lib/libtello_driver_node.so" to ""
[102.535s] -- Installing: /root/DockerFiles/drone_ws/install/tello_driver/lib/libtello_joy_node.so
[102.545s] -- Set runtime path of "/root/DockerFiles/drone_ws/install/tello_driver/lib/libtello_joy_node.so" to ""
[102.548s] -- Installing: /root/DockerFiles/drone_ws/install/tello_driver/lib/tello_driver/tello_driver_main
[102.548s] -- Set runtime path of "/root/DockerFiles/drone_ws/install/tello_driver/lib/tello_driver/tello_driver_main" to ""
[102.548s] -- Installing: /root/DockerFiles/drone_ws/install/tello_driver/lib/tello_driver/tello_joy_main
[102.548s] -- Set runtime path of "/root/DockerFiles/drone_ws/install/tello_driver/lib/tello_driver/tello_joy_main" to ""
[102.548s] -- Installing: /root/DockerFiles/drone_ws/install/tello_driver/lib/tello_driver/tello_emulator
[102.548s] -- Installing: /root/DockerFiles/drone_ws/install/tello_driver/share/tello_driver/cfg
[102.549s] -- Installing: /root/DockerFiles/drone_ws/install/tello_driver/share/tello_driver/cfg/camera_info.yaml
[102.549s] -- Installing: /root/DockerFiles/drone_ws/install/tello_driver/share/tello_driver/launch
[102.549s] -- Installing: /root/DockerFiles/drone_ws/install/tello_driver/share/tello_driver/launch/teleop_launch.py
[102.549s] -- Installing: /root/DockerFiles/drone_ws/install/tello_driver/share/tello_driver/launch/emulators_launch.py
[102.549s] -- Installing: /root/DockerFiles/drone_ws/install/tello_driver/share/tello_driver/launch/emulator_launch.py
[102.549s] -- Installing: /root/DockerFiles/drone_ws/install/tello_driver/share/ament_index/resource_index/package_run_dependencies/tello_driver
[102.549s] -- Installing: /root/DockerFiles/drone_ws/install/tello_driver/share/ament_index/resource_index/parent_prefix_path/tello_driver
[102.549s] -- Installing: /root/DockerFiles/drone_ws/install/tello_driver/share/tello_driver/environment/ament_prefix_path.sh
[102.549s] -- Installing: /root/DockerFiles/drone_ws/install/tello_driver/share/tello_driver/environment/ament_prefix_path.dsv
[102.549s] -- Installing: /root/DockerFiles/drone_ws/install/tello_driver/share/tello_driver/environment/path.sh
[102.549s] -- Installing: /root/DockerFiles/drone_ws/install/tello_driver/share/tello_driver/environment/path.dsv
[102.549s] -- Installing: /root/DockerFiles/drone_ws/install/tello_driver/share/tello_driver/local_setup.bash
[102.550s] -- Installing: /root/DockerFiles/drone_ws/install/tello_driver/share/tello_driver/local_setup.sh
[102.550s] -- Installing: /root/DockerFiles/drone_ws/install/tello_driver/share/tello_driver/local_setup.zsh
[102.555s] -- Installing: /root/DockerFiles/drone_ws/install/tello_driver/share/tello_driver/local_setup.dsv
[102.555s] -- Installing: /root/DockerFiles/drone_ws/install/tello_driver/share/tello_driver/package.dsv
[102.555s] -- Installing: /root/DockerFiles/drone_ws/install/tello_driver/share/ament_index/resource_index/packages/tello_driver
[102.555s] -- Installing: /root/DockerFiles/drone_ws/install/tello_driver/share/ament_index/resource_index/rclcpp_components/tello_driver
[102.556s] -- Installing: /root/DockerFiles/drone_ws/install/tello_driver/share/tello_driver/cmake/tello_driverConfig.cmake
[102.556s] -- Installing: /root/DockerFiles/drone_ws/install/tello_driver/share/tello_driver/cmake/tello_driverConfig-version.cmake
[102.556s] -- Installing: /root/DockerFiles/drone_ws/install/tello_driver/share/tello_driver/package.xml
[102.556s] Invoked command in '/root/DockerFiles/drone_ws/build/tello_driver' returned '0': CMAKE_PREFIX_PATH=/root/DockerFiles/drone_ws/install/tello_msgs:/root/DockerFiles/drone_ws/install/ros2_shared:/root/DockerFiles/drone_ws/install/tello_gazebo:/root/DockerFiles/drone_ws/install/tello_driver:/root/DockerFiles/drone_ws/install/tello_description:/root/DockerFiles/drone_ws/install/tello_mission:/root/DockerFiles/drone_ws/install/tello_hand_move:/root/DockerFiles/drone_ws/install/tello_controller:/root/DockerFiles/drone_ws/install/tello_camera:/opt/ros/foxy LD_LIBRARY_PATH=/root/DockerFiles/drone_ws/install/tello_msgs/lib:/root/DockerFiles/drone_ws/install/tello_gazebo/lib:/root/DockerFiles/drone_ws/install/tello_driver/lib:/usr/lib/x86_64-linux-gnu/gazebo-11/plugins:/opt/ros/foxy/opt/yaml_cpp_vendor/lib:/opt/ros/foxy/opt/rviz_ogre_vendor/lib:/opt/ros/foxy/lib/x86_64-linux-gnu:/opt/ros/foxy/lib /usr/bin/cmake --install /root/DockerFiles/drone_ws/build/tello_driver
