running egg_info
writing build/tello_hand_move/tello_hand_move.egg-info/PKG-INFO
writing dependency_links to build/tello_hand_move/tello_hand_move.egg-info/dependency_links.txt
writing entry points to build/tello_hand_move/tello_hand_move.egg-info/entry_points.txt
writing requirements to build/tello_hand_move/tello_hand_move.egg-info/requires.txt
writing top-level names to build/tello_hand_move/tello_hand_move.egg-info/top_level.txt
reading manifest file 'build/tello_hand_move/tello_hand_move.egg-info/SOURCES.txt'
writing manifest file 'build/tello_hand_move/tello_hand_move.egg-info/SOURCES.txt'
running build
running build_py
copying tello_hand_move/teleop_wasd_altitude.py -> /root/DockerFiles/dronefiles/src/tello_hand_move/build/tello_hand_move/build/lib/tello_hand_move
running install
running install_lib
copying /root/DockerFiles/dronefiles/src/tello_hand_move/build/tello_hand_move/build/lib/tello_hand_move/teleop_wasd_altitude.py -> /root/DockerFiles/dronefiles/src/tello_hand_move/install/tello_hand_move/lib/python3.8/site-packages/tello_hand_move
byte-compiling /root/DockerFiles/dronefiles/src/tello_hand_move/install/tello_hand_move/lib/python3.8/site-packages/tello_hand_move/teleop_wasd_altitude.py to teleop_wasd_altitude.cpython-38.pyc
running install_egg_info
removing '/root/DockerFiles/dronefiles/src/tello_hand_move/install/tello_hand_move/lib/python3.8/site-packages/tello_hand_move-0.0.2-py3.8.egg-info' (and everything under it)
Copying build/tello_hand_move/tello_hand_move.egg-info to /root/DockerFiles/dronefiles/src/tello_hand_move/install/tello_hand_move/lib/python3.8/site-packages/tello_hand_move-0.0.2-py3.8.egg-info
running install_scripts
Installing teleop_wasd_altitude script to /root/DockerFiles/dronefiles/src/tello_hand_move/install/tello_hand_move/lib/tello_hand_move
writing list of installed files to '/root/DockerFiles/dronefiles/src/tello_hand_move/build/tello_hand_move/install.log'
