[2.729s] Invoking command in '/root/DockerFiles/drone_ws/src/tello_camera': PYTHONPATH=/root/DockerFiles/drone_ws/build/tello_camera/prefix_override:/root/DockerFiles/drone_ws/install/tello_camera/lib/python3.8/site-packages:${PYTHONPATH} /usr/bin/python3 setup.py egg_info --egg-base ../../build/tello_camera build --build-base /root/DockerFiles/drone_ws/build/tello_camera/build install --record /root/DockerFiles/drone_ws/build/tello_camera/install.log --single-version-externally-managed
[3.144s] running egg_info
[3.145s] writing ../../build/tello_camera/tello_camera.egg-info/PKG-INFO
[3.145s] writing dependency_links to ../../build/tello_camera/tello_camera.egg-info/dependency_links.txt
[3.145s] writing entry points to ../../build/tello_camera/tello_camera.egg-info/entry_points.txt
[3.145s] writing requirements to ../../build/tello_camera/tello_camera.egg-info/requires.txt
[3.145s] writing top-level names to ../../build/tello_camera/tello_camera.egg-info/top_level.txt
[3.315s] reading manifest file '../../build/tello_camera/tello_camera.egg-info/SOURCES.txt'
[3.315s] writing manifest file '../../build/tello_camera/tello_camera.egg-info/SOURCES.txt'
[3.316s] running build
[3.317s] running build_py
[3.317s] copying tello_camera/tello_camera_contour.py -> /root/DockerFiles/drone_ws/build/tello_camera/build/lib/tello_camera
[3.317s] running install
[3.318s] running install_lib
[3.320s] copying /root/DockerFiles/drone_ws/build/tello_camera/build/lib/tello_camera/tello_camera_contour.py -> /root/DockerFiles/drone_ws/install/tello_camera/lib/python3.8/site-packages/tello_camera
[3.321s] byte-compiling /root/DockerFiles/drone_ws/install/tello_camera/lib/python3.8/site-packages/tello_camera/tello_camera_contour.py to tello_camera_contour.cpython-38.pyc
[3.329s] running install_data
[3.329s] running install_egg_info
[3.332s] removing '/root/DockerFiles/drone_ws/install/tello_camera/lib/python3.8/site-packages/tello_camera-1.0.0-py3.8.egg-info' (and everything under it)
[3.333s] Copying ../../build/tello_camera/tello_camera.egg-info to /root/DockerFiles/drone_ws/install/tello_camera/lib/python3.8/site-packages/tello_camera-1.0.0-py3.8.egg-info
[3.334s] running install_scripts
[3.378s] Installing tello_camera_contour script to /root/DockerFiles/drone_ws/install/tello_camera/lib/tello_camera
[3.383s] Installing tello_camera_hough script to /root/DockerFiles/drone_ws/install/tello_camera/lib/tello_camera
[3.384s] writing list of installed files to '/root/DockerFiles/drone_ws/build/tello_camera/install.log'
[3.502s] Invoked command in '/root/DockerFiles/drone_ws/src/tello_camera' returned '0': PYTHONPATH=/root/DockerFiles/drone_ws/build/tello_camera/prefix_override:/root/DockerFiles/drone_ws/install/tello_camera/lib/python3.8/site-packages:${PYTHONPATH} /usr/bin/python3 setup.py egg_info --egg-base ../../build/tello_camera build --build-base /root/DockerFiles/drone_ws/build/tello_camera/build install --record /root/DockerFiles/drone_ws/build/tello_camera/install.log --single-version-externally-managed
