[0.725s] Invoking command in '/root/DockerFiles/drone_ws/build/tello_description': CMAKE_PREFIX_PATH=${CMAKE_PREFIX_PATH}:/root/DockerFiles/drone_ws/install/tello_mission:/root/DockerFiles/drone_ws/install/tello_hand_move:/root/DockerFiles/drone_ws/install/tello_controller:/root/DockerFiles/drone_ws/install/tello_camera:/opt/ros/foxy /usr/bin/cmake /root/DockerFiles/drone_ws/src/tello_ros/tello_description -DCMAKE_INSTALL_PREFIX=/root/DockerFiles/drone_ws/install/tello_description
[1.445s] -- The C compiler identification is GNU 9.4.0
[1.445s] -- The CXX compiler identification is GNU 9.4.0
[1.446s] -- Check for working C compiler: /usr/bin/cc
[1.446s] -- Check for working C compiler: /usr/bin/cc -- works
[1.446s] -- Detecting C compiler ABI info
[1.446s] -- Detecting C compiler ABI info - done
[1.446s] -- Detecting C compile features
[1.446s] -- Detecting C compile features - done
[1.446s] -- Check for working CXX compiler: /usr/bin/c++
[1.446s] -- Check for working CXX compiler: /usr/bin/c++ -- works
[1.446s] -- Detecting CXX compiler ABI info
[1.527s] -- Detecting CXX compiler ABI info - done
[1.560s] -- Detecting CXX compile features
[1.561s] -- Detecting CXX compile features - done
[1.563s] -- Found ament_cmake: 0.9.12 (/opt/ros/foxy/share/ament_cmake/cmake)
[1.646s] -- Found PythonInterp: /usr/bin/python3 (found suitable version "3.8.10", minimum required is "3") 
[1.646s] -- Using PYTHON_EXECUTABLE: /usr/bin/python3
[1.964s] -- creating rules for /root/DockerFiles/drone_ws/build/tello_description/urdf/tello.urdf
[1.965s] -- creating rules for /root/DockerFiles/drone_ws/build/tello_description/urdf/tello_1.urdf
[1.966s] -- creating rules for /root/DockerFiles/drone_ws/build/tello_description/urdf/tello_2.urdf
[1.975s] -- creating rules for /root/DockerFiles/drone_ws/build/tello_description/urdf/tello_3.urdf
[1.976s] -- creating rules for /root/DockerFiles/drone_ws/build/tello_description/urdf/tello_4.urdf
[1.976s] -- creating rules for /root/DockerFiles/drone_ws/build/tello_description/urdf/tello_5.urdf
[1.977s] -- creating rules for /root/DockerFiles/drone_ws/build/tello_description/urdf/tello_6.urdf
[1.978s] -- creating rules for /root/DockerFiles/drone_ws/build/tello_description/urdf/tello_7.urdf
[1.979s] -- creating rules for /root/DockerFiles/drone_ws/build/tello_description/urdf/tello_8.urdf
[2.155s] -- Configuring done
[2.190s] -- Generating done
[2.190s] -- Build files have been written to: /root/DockerFiles/drone_ws/build/tello_description
[2.216s] Invoked command in '/root/DockerFiles/drone_ws/build/tello_description' returned '0': CMAKE_PREFIX_PATH=${CMAKE_PREFIX_PATH}:/root/DockerFiles/drone_ws/install/tello_mission:/root/DockerFiles/drone_ws/install/tello_hand_move:/root/DockerFiles/drone_ws/install/tello_controller:/root/DockerFiles/drone_ws/install/tello_camera:/opt/ros/foxy /usr/bin/cmake /root/DockerFiles/drone_ws/src/tello_ros/tello_description -DCMAKE_INSTALL_PREFIX=/root/DockerFiles/drone_ws/install/tello_description
[2.225s] Invoking command in '/root/DockerFiles/drone_ws/build/tello_description': CMAKE_PREFIX_PATH=${CMAKE_PREFIX_PATH}:/root/DockerFiles/drone_ws/install/tello_mission:/root/DockerFiles/drone_ws/install/tello_hand_move:/root/DockerFiles/drone_ws/install/tello_controller:/root/DockerFiles/drone_ws/install/tello_camera:/opt/ros/foxy /usr/bin/cmake --build /root/DockerFiles/drone_ws/build/tello_description -- -j12 -l12
[2.310s] [35m[1mScanning dependencies of target generate_urdf_6[0m
[2.330s] [ 11%] [34m[1mGenerate /root/DockerFiles/drone_ws/build/tello_description/urdf/tello_6.urdf[0m
[2.415s] [ 11%] Built target generate_urdf_6
[2.468s] [35m[1mScanning dependencies of target generate_urdf_2[0m
[2.514s] [ 22%] [34m[1mGenerate /root/DockerFiles/drone_ws/build/tello_description/urdf/tello_2.urdf[0m
[2.579s] [ 22%] Built target generate_urdf_2
[2.595s] [35m[1mScanning dependencies of target generate_urdf_7[0m
[2.633s] [ 33%] [34m[1mGenerate /root/DockerFiles/drone_ws/build/tello_description/urdf/tello_7.urdf[0m
[2.702s] [ 33%] Built target generate_urdf_7
[2.724s] [35m[1mScanning dependencies of target generate_urdf_5[0m
[2.745s] [ 44%] [34m[1mGenerate /root/DockerFiles/drone_ws/build/tello_description/urdf/tello_5.urdf[0m
[2.810s] [ 44%] Built target generate_urdf_5
[2.830s] [35m[1mScanning dependencies of target generate_urdf_4[0m
[2.841s] [ 55%] [34m[1mGenerate /root/DockerFiles/drone_ws/build/tello_description/urdf/tello_4.urdf[0m
[2.906s] [ 55%] Built target generate_urdf_4
[2.928s] [35m[1mScanning dependencies of target generate_urdf_8[0m
[2.946s] [ 66%] [34m[1mGenerate /root/DockerFiles/drone_ws/build/tello_description/urdf/tello_8.urdf[0m
[3.012s] [ 66%] Built target generate_urdf_8
[3.031s] [35m[1mScanning dependencies of target generate_urdf_3[0m
[3.054s] [ 77%] [34m[1mGenerate /root/DockerFiles/drone_ws/build/tello_description/urdf/tello_3.urdf[0m
[3.111s] [ 77%] Built target generate_urdf_3
[3.134s] [35m[1mScanning dependencies of target generate_urdf_1[0m
[3.144s] [ 88%] [34m[1mGenerate /root/DockerFiles/drone_ws/build/tello_description/urdf/tello_1.urdf[0m
[3.193s] [ 88%] Built target generate_urdf_1
[3.216s] [35m[1mScanning dependencies of target generate_urdf[0m
[3.250s] [100%] [34m[1mGenerate /root/DockerFiles/drone_ws/build/tello_description/urdf/tello.urdf[0m
[3.311s] [100%] Built target generate_urdf
[3.348s] Invoked command in '/root/DockerFiles/drone_ws/build/tello_description' returned '0': CMAKE_PREFIX_PATH=${CMAKE_PREFIX_PATH}:/root/DockerFiles/drone_ws/install/tello_mission:/root/DockerFiles/drone_ws/install/tello_hand_move:/root/DockerFiles/drone_ws/install/tello_controller:/root/DockerFiles/drone_ws/install/tello_camera:/opt/ros/foxy /usr/bin/cmake --build /root/DockerFiles/drone_ws/build/tello_description -- -j12 -l12
[3.397s] Invoking command in '/root/DockerFiles/drone_ws/build/tello_description': CMAKE_PREFIX_PATH=${CMAKE_PREFIX_PATH}:/root/DockerFiles/drone_ws/install/tello_mission:/root/DockerFiles/drone_ws/install/tello_hand_move:/root/DockerFiles/drone_ws/install/tello_controller:/root/DockerFiles/drone_ws/install/tello_camera:/opt/ros/foxy /usr/bin/cmake --install /root/DockerFiles/drone_ws/build/tello_description
[3.417s] -- Install configuration: ""
[3.418s] -- Installing: /root/DockerFiles/drone_ws/install/tello_description/share/tello_description/urdf
[3.418s] -- Installing: /root/DockerFiles/drone_ws/install/tello_description/share/tello_description/urdf/tello_8.urdf
[3.418s] -- Installing: /root/DockerFiles/drone_ws/install/tello_description/share/tello_description/urdf/tello_3.urdf
[3.421s] -- Installing: /root/DockerFiles/drone_ws/install/tello_description/share/tello_description/urdf/tello_1.urdf
[3.421s] -- Installing: /root/DockerFiles/drone_ws/install/tello_description/share/tello_description/urdf/tello_5.urdf
[3.421s] -- Installing: /root/DockerFiles/drone_ws/install/tello_description/share/tello_description/urdf/tello_4.urdf
[3.421s] -- Installing: /root/DockerFiles/drone_ws/install/tello_description/share/tello_description/urdf/tello_6.urdf
[3.422s] -- Installing: /root/DockerFiles/drone_ws/install/tello_description/share/tello_description/urdf/tello_2.urdf
[3.422s] -- Installing: /root/DockerFiles/drone_ws/install/tello_description/share/tello_description/urdf/tello_7.urdf
[3.422s] -- Installing: /root/DockerFiles/drone_ws/install/tello_description/share/tello_description/urdf/tello.urdf
[3.422s] -- Installing: /root/DockerFiles/drone_ws/install/tello_description/share/ament_index/resource_index/package_run_dependencies/tello_description
[3.422s] -- Installing: /root/DockerFiles/drone_ws/install/tello_description/share/ament_index/resource_index/parent_prefix_path/tello_description
[3.427s] -- Installing: /root/DockerFiles/drone_ws/install/tello_description/share/tello_description/environment/ament_prefix_path.sh
[3.427s] -- Installing: /root/DockerFiles/drone_ws/install/tello_description/share/tello_description/environment/ament_prefix_path.dsv
[3.427s] -- Installing: /root/DockerFiles/drone_ws/install/tello_description/share/tello_description/environment/path.sh
[3.427s] -- Installing: /root/DockerFiles/drone_ws/install/tello_description/share/tello_description/environment/path.dsv
[3.428s] -- Installing: /root/DockerFiles/drone_ws/install/tello_description/share/tello_description/local_setup.bash
[3.428s] -- Installing: /root/DockerFiles/drone_ws/install/tello_description/share/tello_description/local_setup.sh
[3.428s] -- Installing: /root/DockerFiles/drone_ws/install/tello_description/share/tello_description/local_setup.zsh
[3.428s] -- Installing: /root/DockerFiles/drone_ws/install/tello_description/share/tello_description/local_setup.dsv
[3.430s] -- Installing: /root/DockerFiles/drone_ws/install/tello_description/share/tello_description/package.dsv
[3.431s] -- Installing: /root/DockerFiles/drone_ws/install/tello_description/share/ament_index/resource_index/packages/tello_description
[3.431s] -- Installing: /root/DockerFiles/drone_ws/install/tello_description/share/tello_description/cmake/tello_descriptionConfig.cmake
[3.431s] -- Installing: /root/DockerFiles/drone_ws/install/tello_description/share/tello_description/cmake/tello_descriptionConfig-version.cmake
[3.431s] -- Installing: /root/DockerFiles/drone_ws/install/tello_description/share/tello_description/package.xml
[3.447s] Invoked command in '/root/DockerFiles/drone_ws/build/tello_description' returned '0': CMAKE_PREFIX_PATH=${CMAKE_PREFIX_PATH}:/root/DockerFiles/drone_ws/install/tello_mission:/root/DockerFiles/drone_ws/install/tello_hand_move:/root/DockerFiles/drone_ws/install/tello_controller:/root/DockerFiles/drone_ws/install/tello_camera:/opt/ros/foxy /usr/bin/cmake --install /root/DockerFiles/drone_ws/build/tello_description
