[2.661s] Invoking command in '/root/DockerFiles/drone_ws/src/tello_hand_move': PYTHONPATH=/root/DockerFiles/drone_ws/build/tello_hand_move/prefix_override:/root/DockerFiles/drone_ws/install/tello_hand_move/lib/python3.8/site-packages:${PYTHONPATH} /usr/bin/python3 setup.py egg_info --egg-base ../../build/tello_hand_move build --build-base /root/DockerFiles/drone_ws/build/tello_hand_move/build install --record /root/DockerFiles/drone_ws/build/tello_hand_move/install.log --single-version-externally-managed
[3.176s] running egg_info
[3.178s] creating ../../build/tello_hand_move/tello_hand_move.egg-info
[3.179s] writing ../../build/tello_hand_move/tello_hand_move.egg-info/PKG-INFO
[3.180s] writing dependency_links to ../../build/tello_hand_move/tello_hand_move.egg-info/dependency_links.txt
[3.181s] writing entry points to ../../build/tello_hand_move/tello_hand_move.egg-info/entry_points.txt
[3.182s] writing requirements to ../../build/tello_hand_move/tello_hand_move.egg-info/requires.txt
[3.183s] writing top-level names to ../../build/tello_hand_move/tello_hand_move.egg-info/top_level.txt
[3.196s] writing manifest file '../../build/tello_hand_move/tello_hand_move.egg-info/SOURCES.txt'
[3.263s] reading manifest file '../../build/tello_hand_move/tello_hand_move.egg-info/SOURCES.txt'
[3.264s] writing manifest file '../../build/tello_hand_move/tello_hand_move.egg-info/SOURCES.txt'
[3.265s] running build
[3.265s] running build_py
[3.266s] creating /root/DockerFiles/drone_ws/build/tello_hand_move/build
[3.266s] creating /root/DockerFiles/drone_ws/build/tello_hand_move/build/lib
[3.266s] creating /root/DockerFiles/drone_ws/build/tello_hand_move/build/lib/tello_hand_move
[3.267s] copying tello_hand_move/__init__.py -> /root/DockerFiles/drone_ws/build/tello_hand_move/build/lib/tello_hand_move
[3.267s] copying tello_hand_move/tello_hand_move.py -> /root/DockerFiles/drone_ws/build/tello_hand_move/build/lib/tello_hand_move
[3.267s] running install
[3.269s] running install_lib
[3.270s] creating /root/DockerFiles/drone_ws/install/tello_hand_move/lib/python3.8/site-packages/tello_hand_move
[3.270s] copying /root/DockerFiles/drone_ws/build/tello_hand_move/build/lib/tello_hand_move/__init__.py -> /root/DockerFiles/drone_ws/install/tello_hand_move/lib/python3.8/site-packages/tello_hand_move
[3.270s] copying /root/DockerFiles/drone_ws/build/tello_hand_move/build/lib/tello_hand_move/tello_hand_move.py -> /root/DockerFiles/drone_ws/install/tello_hand_move/lib/python3.8/site-packages/tello_hand_move
[3.271s] byte-compiling /root/DockerFiles/drone_ws/install/tello_hand_move/lib/python3.8/site-packages/tello_hand_move/__init__.py to __init__.cpython-38.pyc
[3.273s] byte-compiling /root/DockerFiles/drone_ws/install/tello_hand_move/lib/python3.8/site-packages/tello_hand_move/tello_hand_move.py to tello_hand_move.cpython-38.pyc
[3.274s] running install_egg_info
[3.278s] Copying ../../build/tello_hand_move/tello_hand_move.egg-info to /root/DockerFiles/drone_ws/install/tello_hand_move/lib/python3.8/site-packages/tello_hand_move-0.0.2-py3.8.egg-info
[3.279s] running install_scripts
[3.325s] Installing tello_hand_move script to /root/DockerFiles/drone_ws/install/tello_hand_move/lib/tello_hand_move
[3.325s] writing list of installed files to '/root/DockerFiles/drone_ws/build/tello_hand_move/install.log'
[3.414s] Invoked command in '/root/DockerFiles/drone_ws/src/tello_hand_move' returned '0': PYTHONPATH=/root/DockerFiles/drone_ws/build/tello_hand_move/prefix_override:/root/DockerFiles/drone_ws/install/tello_hand_move/lib/python3.8/site-packages:${PYTHONPATH} /usr/bin/python3 setup.py egg_info --egg-base ../../build/tello_hand_move build --build-base /root/DockerFiles/drone_ws/build/tello_hand_move/build install --record /root/DockerFiles/drone_ws/build/tello_hand_move/install.log --single-version-externally-managed
