[0.448s] Invoking command in '/root/DockerFiles/drone_ws/build/tello_description': CMAKE_PREFIX_PATH=/opt/ros/foxy /usr/bin/cmake /root/DockerFiles/drone_ws/src/tello_ros/tello_description -DCMAKE_INSTALL_PREFIX=/root/DockerFiles/drone_ws/install/tello_description
[0.901s] -- The C compiler identification is GNU 9.4.0
[0.901s] -- The CXX compiler identification is GNU 9.4.0
[0.901s] -- Check for working C compiler: /usr/bin/cc
[0.901s] -- Check for working C compiler: /usr/bin/cc -- works
[0.901s] -- Detecting C compiler ABI info
[0.901s] -- Detecting C compiler ABI info - done
[0.901s] -- Detecting C compile features
[0.902s] -- Detecting C compile features - done
[0.902s] -- Check for working CXX compiler: /usr/bin/c++
[0.902s] -- Check for working CXX compiler: /usr/bin/c++ -- works
[0.902s] -- Detecting CXX compiler ABI info
[0.902s] -- Detecting CXX compiler ABI info - done
[0.902s] -- Detecting CXX compile features
[0.903s] -- Detecting CXX compile features - done
[0.903s] -- Found ament_cmake: 0.9.12 (/opt/ros/foxy/share/ament_cmake/cmake)
[0.927s] -- Found PythonInterp: /usr/bin/python3 (found suitable version "3.8.10", minimum required is "3") 
[0.927s] -- Using PYTHON_EXECUTABLE: /usr/bin/python3
[1.192s] -- creating rules for /root/DockerFiles/drone_ws/build/tello_description/urdf/tello.urdf
[1.192s] -- creating rules for /root/DockerFiles/drone_ws/build/tello_description/urdf/tello_1.urdf
[1.192s] -- creating rules for /root/DockerFiles/drone_ws/build/tello_description/urdf/tello_2.urdf
[1.192s] -- creating rules for /root/DockerFiles/drone_ws/build/tello_description/urdf/tello_3.urdf
[1.192s] -- creating rules for /root/DockerFiles/drone_ws/build/tello_description/urdf/tello_4.urdf
[1.192s] -- creating rules for /root/DockerFiles/drone_ws/build/tello_description/urdf/tello_5.urdf
[1.192s] -- creating rules for /root/DockerFiles/drone_ws/build/tello_description/urdf/tello_6.urdf
[1.192s] -- creating rules for /root/DockerFiles/drone_ws/build/tello_description/urdf/tello_7.urdf
[1.192s] -- creating rules for /root/DockerFiles/drone_ws/build/tello_description/urdf/tello_8.urdf
[1.275s] -- Configuring done
[1.282s] -- Generating done
[1.286s] -- Build files have been written to: /root/DockerFiles/drone_ws/build/tello_description
[1.291s] Invoked command in '/root/DockerFiles/drone_ws/build/tello_description' returned '0': CMAKE_PREFIX_PATH=/opt/ros/foxy /usr/bin/cmake /root/DockerFiles/drone_ws/src/tello_ros/tello_description -DCMAKE_INSTALL_PREFIX=/root/DockerFiles/drone_ws/install/tello_description
[1.304s] Invoking command in '/root/DockerFiles/drone_ws/build/tello_description': CMAKE_PREFIX_PATH=/opt/ros/foxy /usr/bin/cmake --build /root/DockerFiles/drone_ws/build/tello_description -- -j12 -l12
[1.360s] [35m[1mScanning dependencies of target generate_urdf_1[0m
[1.361s] [35m[1mScanning dependencies of target generate_urdf_3[0m
[1.372s] [35m[1mScanning dependencies of target generate_urdf[0m
[1.372s] [35m[1mScanning dependencies of target generate_urdf_6[0m
[1.377s] [35m[1mScanning dependencies of target generate_urdf_5[0m
[1.377s] [35m[1mScanning dependencies of target generate_urdf_8[0m
[1.379s] [ 11%] [34m[1mGenerate /root/DockerFiles/drone_ws/build/tello_description/urdf/tello_3.urdf[0m
[1.380s] [35m[1mScanning dependencies of target generate_urdf_4[0m
[1.382s] [35m[1mScanning dependencies of target generate_urdf_7[0m
[1.383s] [ 22%] [34m[1mGenerate /root/DockerFiles/drone_ws/build/tello_description/urdf/tello_1.urdf[0m
[1.394s] [ 33%] [34m[1mGenerate /root/DockerFiles/drone_ws/build/tello_description/urdf/tello_6.urdf[0m
[1.410s] [ 44%] [34m[1mGenerate /root/DockerFiles/drone_ws/build/tello_description/urdf/tello_4.urdf[0m
[1.410s] [ 55%] [34m[1mGenerate /root/DockerFiles/drone_ws/build/tello_description/urdf/tello.urdf[0m
[1.418s] [ 66%] [34m[1mGenerate /root/DockerFiles/drone_ws/build/tello_description/urdf/tello_5.urdf[0m
[1.421s] [35m[1mScanning dependencies of target generate_urdf_2[0m
[1.421s] [ 77%] [34m[1mGenerate /root/DockerFiles/drone_ws/build/tello_description/urdf/tello_8.urdf[0m
[1.422s] [ 88%] [34m[1mGenerate /root/DockerFiles/drone_ws/build/tello_description/urdf/tello_7.urdf[0m
[1.461s] [ 88%] Built target generate_urdf_3
[1.479s] [100%] [34m[1mGenerate /root/DockerFiles/drone_ws/build/tello_description/urdf/tello_2.urdf[0m
[1.502s] [100%] Built target generate_urdf_1
[1.533s] [100%] Built target generate_urdf
[1.533s] [100%] Built target generate_urdf_6
[1.534s] [100%] Built target generate_urdf_5
[1.538s] [100%] Built target generate_urdf_4
[1.562s] [100%] Built target generate_urdf_7
[1.562s] [100%] Built target generate_urdf_2
[1.572s] [100%] Built target generate_urdf_8
[1.614s] Invoked command in '/root/DockerFiles/drone_ws/build/tello_description' returned '0': CMAKE_PREFIX_PATH=/opt/ros/foxy /usr/bin/cmake --build /root/DockerFiles/drone_ws/build/tello_description -- -j12 -l12
[1.689s] Invoking command in '/root/DockerFiles/drone_ws/build/tello_description': CMAKE_PREFIX_PATH=/opt/ros/foxy /usr/bin/cmake --install /root/DockerFiles/drone_ws/build/tello_description
[1.705s] -- Install configuration: ""
[1.706s] -- Installing: /root/DockerFiles/drone_ws/install/tello_description/share/tello_description/urdf
[1.706s] -- Installing: /root/DockerFiles/drone_ws/install/tello_description/share/tello_description/urdf/tello_8.urdf
[1.706s] -- Installing: /root/DockerFiles/drone_ws/install/tello_description/share/tello_description/urdf/tello_3.urdf
[1.706s] -- Installing: /root/DockerFiles/drone_ws/install/tello_description/share/tello_description/urdf/tello_1.urdf
[1.706s] -- Installing: /root/DockerFiles/drone_ws/install/tello_description/share/tello_description/urdf/tello_5.urdf
[1.708s] -- Installing: /root/DockerFiles/drone_ws/install/tello_description/share/tello_description/urdf/tello_4.urdf
[1.708s] -- Installing: /root/DockerFiles/drone_ws/install/tello_description/share/tello_description/urdf/tello_6.urdf
[1.708s] -- Installing: /root/DockerFiles/drone_ws/install/tello_description/share/tello_description/urdf/tello_2.urdf
[1.708s] -- Installing: /root/DockerFiles/drone_ws/install/tello_description/share/tello_description/urdf/tello_7.urdf
[1.708s] -- Installing: /root/DockerFiles/drone_ws/install/tello_description/share/tello_description/urdf/tello.urdf
[1.708s] -- Installing: /root/DockerFiles/drone_ws/install/tello_description/share/ament_index/resource_index/package_run_dependencies/tello_description
[1.708s] -- Installing: /root/DockerFiles/drone_ws/install/tello_description/share/ament_index/resource_index/parent_prefix_path/tello_description
[1.708s] -- Installing: /root/DockerFiles/drone_ws/install/tello_description/share/tello_description/environment/ament_prefix_path.sh
[1.709s] -- Installing: /root/DockerFiles/drone_ws/install/tello_description/share/tello_description/environment/ament_prefix_path.dsv
[1.709s] -- Installing: /root/DockerFiles/drone_ws/install/tello_description/share/tello_description/environment/path.sh
[1.709s] -- Installing: /root/DockerFiles/drone_ws/install/tello_description/share/tello_description/environment/path.dsv
[1.709s] -- Installing: /root/DockerFiles/drone_ws/install/tello_description/share/tello_description/local_setup.bash
[1.709s] -- Installing: /root/DockerFiles/drone_ws/install/tello_description/share/tello_description/local_setup.sh
[1.709s] -- Installing: /root/DockerFiles/drone_ws/install/tello_description/share/tello_description/local_setup.zsh
[1.713s] -- Installing: /root/DockerFiles/drone_ws/install/tello_description/share/tello_description/local_setup.dsv
[1.713s] -- Installing: /root/DockerFiles/drone_ws/install/tello_description/share/tello_description/package.dsv
[1.713s] -- Installing: /root/DockerFiles/drone_ws/install/tello_description/share/ament_index/resource_index/packages/tello_description
[1.715s] -- Installing: /root/DockerFiles/drone_ws/install/tello_description/share/tello_description/cmake/tello_descriptionConfig.cmake
[1.715s] -- Installing: /root/DockerFiles/drone_ws/install/tello_description/share/tello_description/cmake/tello_descriptionConfig-version.cmake
[1.715s] -- Installing: /root/DockerFiles/drone_ws/install/tello_description/share/tello_description/package.xml
[1.716s] Invoked command in '/root/DockerFiles/drone_ws/build/tello_description' returned '0': CMAKE_PREFIX_PATH=/opt/ros/foxy /usr/bin/cmake --install /root/DockerFiles/drone_ws/build/tello_description
