[0.364s] Invoking command in '/root/DockerFiles/drone_ws/build/tello_description': CMAKE_PREFIX_PATH=${CMAKE_PREFIX_PATH}:/root/DockerFiles/drone_ws/install/tello_hand_move:/root/DockerFiles/drone_ws/install/tello_camera:/opt/ros/foxy:/root/DockerFiles/install/tello_camera /usr/bin/cmake /root/DockerFiles/drone_ws/src/tello_ros/tello_description -DCMAKE_INSTALL_PREFIX=/root/DockerFiles/drone_ws/install/tello_description
[0.712s] -- The C compiler identification is GNU 9.4.0
[0.713s] -- The CXX compiler identification is GNU 9.4.0
[0.713s] -- Check for working C compiler: /usr/bin/cc
[0.719s] -- Check for working C compiler: /usr/bin/cc -- works
[0.719s] -- Detecting C compiler ABI info
[0.838s] -- Detecting C compiler ABI info - done
[0.857s] -- Detecting C compile features
[0.858s] -- Detecting C compile features - done
[0.866s] -- Check for working CXX compiler: /usr/bin/c++
[1.024s] -- Check for working CXX compiler: /usr/bin/c++ -- works
[1.025s] -- Detecting CXX compiler ABI info
[1.160s] -- Detecting CXX compiler ABI info - done
[1.177s] -- Detecting CXX compile features
[1.177s] -- Detecting CXX compile features - done
[1.180s] -- Found ament_cmake: 0.9.12 (/opt/ros/foxy/share/ament_cmake/cmake)
[1.219s] -- Found PythonInterp: /usr/bin/python3 (found suitable version "3.8.10", minimum required is "3") 
[1.219s] -- Using PYTHON_EXECUTABLE: /usr/bin/python3
[1.524s] -- creating rules for /root/DockerFiles/drone_ws/build/tello_description/urdf/tello.urdf
[1.524s] -- creating rules for /root/DockerFiles/drone_ws/build/tello_description/urdf/tello_1.urdf
[1.524s] -- creating rules for /root/DockerFiles/drone_ws/build/tello_description/urdf/tello_2.urdf
[1.524s] -- creating rules for /root/DockerFiles/drone_ws/build/tello_description/urdf/tello_3.urdf
[1.524s] -- creating rules for /root/DockerFiles/drone_ws/build/tello_description/urdf/tello_4.urdf
[1.524s] -- creating rules for /root/DockerFiles/drone_ws/build/tello_description/urdf/tello_5.urdf
[1.524s] -- creating rules for /root/DockerFiles/drone_ws/build/tello_description/urdf/tello_6.urdf
[1.524s] -- creating rules for /root/DockerFiles/drone_ws/build/tello_description/urdf/tello_7.urdf
[1.525s] -- creating rules for /root/DockerFiles/drone_ws/build/tello_description/urdf/tello_8.urdf
[1.627s] -- Configuring done
[1.634s] -- Generating done
[1.640s] -- Build files have been written to: /root/DockerFiles/drone_ws/build/tello_description
[1.653s] Invoked command in '/root/DockerFiles/drone_ws/build/tello_description' returned '0': CMAKE_PREFIX_PATH=${CMAKE_PREFIX_PATH}:/root/DockerFiles/drone_ws/install/tello_hand_move:/root/DockerFiles/drone_ws/install/tello_camera:/opt/ros/foxy:/root/DockerFiles/install/tello_camera /usr/bin/cmake /root/DockerFiles/drone_ws/src/tello_ros/tello_description -DCMAKE_INSTALL_PREFIX=/root/DockerFiles/drone_ws/install/tello_description
[1.668s] Invoking command in '/root/DockerFiles/drone_ws/build/tello_description': CMAKE_PREFIX_PATH=${CMAKE_PREFIX_PATH}:/root/DockerFiles/drone_ws/install/tello_hand_move:/root/DockerFiles/drone_ws/install/tello_camera:/opt/ros/foxy:/root/DockerFiles/install/tello_camera /usr/bin/cmake --build /root/DockerFiles/drone_ws/build/tello_description -- -j12 -l12
[1.761s] [35m[1mScanning dependencies of target generate_urdf[0m
[1.772s] [35m[1mScanning dependencies of target generate_urdf_3[0m
[1.779s] [35m[1mScanning dependencies of target generate_urdf_6[0m
[1.783s] [35m[1mScanning dependencies of target generate_urdf_8[0m
[1.783s] [35m[1mScanning dependencies of target generate_urdf_1[0m
[1.784s] [35m[1mScanning dependencies of target generate_urdf_5[0m
[1.784s] [35m[1mScanning dependencies of target generate_urdf_4[0m
[1.786s] [ 11%] [34m[1mGenerate /root/DockerFiles/drone_ws/build/tello_description/urdf/tello.urdf[0m
[1.787s] [ 22%] [34m[1mGenerate /root/DockerFiles/drone_ws/build/tello_description/urdf/tello_6.urdf[0m
[1.788s] [ 33%] [34m[1mGenerate /root/DockerFiles/drone_ws/build/tello_description/urdf/tello_8.urdf[0m
[1.794s] [ 44%] [34m[1mGenerate /root/DockerFiles/drone_ws/build/tello_description/urdf/tello_1.urdf[0m
[1.805s] [ 55%] [34m[1mGenerate /root/DockerFiles/drone_ws/build/tello_description/urdf/tello_5.urdf[0m
[1.805s] [ 66%] [34m[1mGenerate /root/DockerFiles/drone_ws/build/tello_description/urdf/tello_4.urdf[0m
[1.805s] [35m[1mScanning dependencies of target generate_urdf_7[0m
[1.819s] [35m[1mScanning dependencies of target generate_urdf_2[0m
[1.826s] [ 77%] [34m[1mGenerate /root/DockerFiles/drone_ws/build/tello_description/urdf/tello_3.urdf[0m
[1.851s] [100%] [34m[1mGenerate /root/DockerFiles/drone_ws/build/tello_description/urdf/tello_7.urdf[0m
[1.851s] [100%] [34m[1mGenerate /root/DockerFiles/drone_ws/build/tello_description/urdf/tello_2.urdf[0m
[1.862s] [100%] Built target generate_urdf_1
[1.867s] [100%] Built target generate_urdf_4
[1.874s] [100%] Built target generate_urdf_8
[1.906s] [100%] Built target generate_urdf_2
[1.908s] [100%] Built target generate_urdf_5
[1.915s] [100%] Built target generate_urdf_3
[1.918s] [100%] Built target generate_urdf_6
[1.918s] [100%] Built target generate_urdf
[1.930s] [100%] Built target generate_urdf_7
[1.962s] Invoked command in '/root/DockerFiles/drone_ws/build/tello_description' returned '0': CMAKE_PREFIX_PATH=${CMAKE_PREFIX_PATH}:/root/DockerFiles/drone_ws/install/tello_hand_move:/root/DockerFiles/drone_ws/install/tello_camera:/opt/ros/foxy:/root/DockerFiles/install/tello_camera /usr/bin/cmake --build /root/DockerFiles/drone_ws/build/tello_description -- -j12 -l12
[2.040s] Invoking command in '/root/DockerFiles/drone_ws/build/tello_description': CMAKE_PREFIX_PATH=${CMAKE_PREFIX_PATH}:/root/DockerFiles/drone_ws/install/tello_hand_move:/root/DockerFiles/drone_ws/install/tello_camera:/opt/ros/foxy:/root/DockerFiles/install/tello_camera /usr/bin/cmake --install /root/DockerFiles/drone_ws/build/tello_description
[2.061s] -- Install configuration: ""
[2.061s] -- Installing: /root/DockerFiles/drone_ws/install/tello_description/share/tello_description/urdf
[2.061s] -- Installing: /root/DockerFiles/drone_ws/install/tello_description/share/tello_description/urdf/tello_8.urdf
[2.061s] -- Installing: /root/DockerFiles/drone_ws/install/tello_description/share/tello_description/urdf/tello_3.urdf
[2.061s] -- Installing: /root/DockerFiles/drone_ws/install/tello_description/share/tello_description/urdf/tello_1.urdf
[2.061s] -- Installing: /root/DockerFiles/drone_ws/install/tello_description/share/tello_description/urdf/tello_5.urdf
[2.062s] -- Installing: /root/DockerFiles/drone_ws/install/tello_description/share/tello_description/urdf/tello_4.urdf
[2.062s] -- Installing: /root/DockerFiles/drone_ws/install/tello_description/share/tello_description/urdf/tello_6.urdf
[2.062s] -- Installing: /root/DockerFiles/drone_ws/install/tello_description/share/tello_description/urdf/tello_2.urdf
[2.062s] -- Installing: /root/DockerFiles/drone_ws/install/tello_description/share/tello_description/urdf/tello_7.urdf
[2.062s] -- Installing: /root/DockerFiles/drone_ws/install/tello_description/share/tello_description/urdf/tello.urdf
[2.062s] -- Installing: /root/DockerFiles/drone_ws/install/tello_description/share/ament_index/resource_index/package_run_dependencies/tello_description
[2.062s] -- Installing: /root/DockerFiles/drone_ws/install/tello_description/share/ament_index/resource_index/parent_prefix_path/tello_description
[2.062s] -- Installing: /root/DockerFiles/drone_ws/install/tello_description/share/tello_description/environment/ament_prefix_path.sh
[2.062s] -- Installing: /root/DockerFiles/drone_ws/install/tello_description/share/tello_description/environment/ament_prefix_path.dsv
[2.062s] -- Installing: /root/DockerFiles/drone_ws/install/tello_description/share/tello_description/environment/path.sh
[2.063s] -- Installing: /root/DockerFiles/drone_ws/install/tello_description/share/tello_description/environment/path.dsv
[2.063s] -- Installing: /root/DockerFiles/drone_ws/install/tello_description/share/tello_description/local_setup.bash
[2.063s] -- Installing: /root/DockerFiles/drone_ws/install/tello_description/share/tello_description/local_setup.sh
[2.064s] -- Installing: /root/DockerFiles/drone_ws/install/tello_description/share/tello_description/local_setup.zsh
[2.065s] -- Installing: /root/DockerFiles/drone_ws/install/tello_description/share/tello_description/local_setup.dsv
[2.065s] -- Installing: /root/DockerFiles/drone_ws/install/tello_description/share/tello_description/package.dsv
[2.065s] -- Installing: /root/DockerFiles/drone_ws/install/tello_description/share/ament_index/resource_index/packages/tello_description
[2.065s] -- Installing: /root/DockerFiles/drone_ws/install/tello_description/share/tello_description/cmake/tello_descriptionConfig.cmake
[2.065s] -- Installing: /root/DockerFiles/drone_ws/install/tello_description/share/tello_description/cmake/tello_descriptionConfig-version.cmake
[2.067s] -- Installing: /root/DockerFiles/drone_ws/install/tello_description/share/tello_description/package.xml
[2.068s] Invoked command in '/root/DockerFiles/drone_ws/build/tello_description' returned '0': CMAKE_PREFIX_PATH=${CMAKE_PREFIX_PATH}:/root/DockerFiles/drone_ws/install/tello_hand_move:/root/DockerFiles/drone_ws/install/tello_camera:/opt/ros/foxy:/root/DockerFiles/install/tello_camera /usr/bin/cmake --install /root/DockerFiles/drone_ws/build/tello_description
