[2.113s] Invoking command in '/root/DockerFiles/drone_ws/src/tello_hand_move': PYTHONPATH=/root/DockerFiles/drone_ws/build/tello_hand_move/prefix_override:/root/DockerFiles/drone_ws/install/tello_hand_move/lib/python3.8/site-packages:${PYTHONPATH} /usr/bin/python3 setup.py egg_info --egg-base ../../build/tello_hand_move build --build-base /root/DockerFiles/drone_ws/build/tello_hand_move/build install --record /root/DockerFiles/drone_ws/build/tello_hand_move/install.log --single-version-externally-managed
[2.471s] running egg_info
[2.475s] creating ../../build/tello_hand_move/tello_hand_move.egg-info
[2.476s] writing ../../build/tello_hand_move/tello_hand_move.egg-info/PKG-INFO
[2.478s] writing dependency_links to ../../build/tello_hand_move/tello_hand_move.egg-info/dependency_links.txt
[2.478s] writing entry points to ../../build/tello_hand_move/tello_hand_move.egg-info/entry_points.txt
[2.478s] writing requirements to ../../build/tello_hand_move/tello_hand_move.egg-info/requires.txt
[2.478s] writing top-level names to ../../build/tello_hand_move/tello_hand_move.egg-info/top_level.txt
[2.481s] writing manifest file '../../build/tello_hand_move/tello_hand_move.egg-info/SOURCES.txt'
[2.547s] reading manifest file '../../build/tello_hand_move/tello_hand_move.egg-info/SOURCES.txt'
[2.547s] writing manifest file '../../build/tello_hand_move/tello_hand_move.egg-info/SOURCES.txt'
[2.547s] running build
[2.547s] running build_py
[2.550s] creating /root/DockerFiles/drone_ws/build/tello_hand_move/build
[2.550s] creating /root/DockerFiles/drone_ws/build/tello_hand_move/build/lib
[2.551s] creating /root/DockerFiles/drone_ws/build/tello_hand_move/build/lib/tello_hand_move
[2.552s] copying tello_hand_move/__init__.py -> /root/DockerFiles/drone_ws/build/tello_hand_move/build/lib/tello_hand_move
[2.555s] copying tello_hand_move/tello_hand_move.py -> /root/DockerFiles/drone_ws/build/tello_hand_move/build/lib/tello_hand_move
[2.555s] running install
[2.557s] running install_lib
[2.563s] creating /root/DockerFiles/drone_ws/install/tello_hand_move/lib/python3.8/site-packages/tello_hand_move
[2.563s] copying /root/DockerFiles/drone_ws/build/tello_hand_move/build/lib/tello_hand_move/__init__.py -> /root/DockerFiles/drone_ws/install/tello_hand_move/lib/python3.8/site-packages/tello_hand_move
[2.563s] copying /root/DockerFiles/drone_ws/build/tello_hand_move/build/lib/tello_hand_move/tello_hand_move.py -> /root/DockerFiles/drone_ws/install/tello_hand_move/lib/python3.8/site-packages/tello_hand_move
[2.563s] byte-compiling /root/DockerFiles/drone_ws/install/tello_hand_move/lib/python3.8/site-packages/tello_hand_move/__init__.py to __init__.cpython-38.pyc
[2.564s] byte-compiling /root/DockerFiles/drone_ws/install/tello_hand_move/lib/python3.8/site-packages/tello_hand_move/tello_hand_move.py to tello_hand_move.cpython-38.pyc
[2.564s] running install_egg_info
[2.567s] Copying ../../build/tello_hand_move/tello_hand_move.egg-info to /root/DockerFiles/drone_ws/install/tello_hand_move/lib/python3.8/site-packages/tello_hand_move-0.0.2-py3.8.egg-info
[2.567s] running install_scripts
[2.597s] Installing tello_hand_move script to /root/DockerFiles/drone_ws/install/tello_hand_move/lib/tello_hand_move
[2.597s] writing list of installed files to '/root/DockerFiles/drone_ws/build/tello_hand_move/install.log'
[2.650s] Invoked command in '/root/DockerFiles/drone_ws/src/tello_hand_move' returned '0': PYTHONPATH=/root/DockerFiles/drone_ws/build/tello_hand_move/prefix_override:/root/DockerFiles/drone_ws/install/tello_hand_move/lib/python3.8/site-packages:${PYTHONPATH} /usr/bin/python3 setup.py egg_info --egg-base ../../build/tello_hand_move build --build-base /root/DockerFiles/drone_ws/build/tello_hand_move/build install --record /root/DockerFiles/drone_ws/build/tello_hand_move/install.log --single-version-externally-managed
