running egg_info
creating build/tello_hand_move/tello_hand_move.egg-info
writing build/tello_hand_move/tello_hand_move.egg-info/PKG-INFO
writing dependency_links to build/tello_hand_move/tello_hand_move.egg-info/dependency_links.txt
writing entry points to build/tello_hand_move/tello_hand_move.egg-info/entry_points.txt
writing requirements to build/tello_hand_move/tello_hand_move.egg-info/requires.txt
writing top-level names to build/tello_hand_move/tello_hand_move.egg-info/top_level.txt
writing manifest file 'build/tello_hand_move/tello_hand_move.egg-info/SOURCES.txt'
reading manifest file 'build/tello_hand_move/tello_hand_move.egg-info/SOURCES.txt'
writing manifest file 'build/tello_hand_move/tello_hand_move.egg-info/SOURCES.txt'
running build
running build_py
creating /root/DockerFiles/dronefiles/src/tello_hand_move/build/tello_hand_move/build
creating /root/DockerFiles/dronefiles/src/tello_hand_move/build/tello_hand_move/build/lib
creating /root/DockerFiles/dronefiles/src/tello_hand_move/build/tello_hand_move/build/lib/tello_hand_move
copying tello_hand_move/teleop_wasd_altitude.py -> /root/DockerFiles/dronefiles/src/tello_hand_move/build/tello_hand_move/build/lib/tello_hand_move
copying tello_hand_move/__init__.py -> /root/DockerFiles/dronefiles/src/tello_hand_move/build/tello_hand_move/build/lib/tello_hand_move
copying tello_hand_move/teleop_move.py -> /root/DockerFiles/dronefiles/src/tello_hand_move/build/tello_hand_move/build/lib/tello_hand_move
running install
running install_lib
creating /root/DockerFiles/dronefiles/src/tello_hand_move/install/tello_hand_move/lib/python3.8/site-packages/tello_hand_move
copying /root/DockerFiles/dronefiles/src/tello_hand_move/build/tello_hand_move/build/lib/tello_hand_move/teleop_wasd_altitude.py -> /root/DockerFiles/dronefiles/src/tello_hand_move/install/tello_hand_move/lib/python3.8/site-packages/tello_hand_move
copying /root/DockerFiles/dronefiles/src/tello_hand_move/build/tello_hand_move/build/lib/tello_hand_move/__init__.py -> /root/DockerFiles/dronefiles/src/tello_hand_move/install/tello_hand_move/lib/python3.8/site-packages/tello_hand_move
copying /root/DockerFiles/dronefiles/src/tello_hand_move/build/tello_hand_move/build/lib/tello_hand_move/teleop_move.py -> /root/DockerFiles/dronefiles/src/tello_hand_move/install/tello_hand_move/lib/python3.8/site-packages/tello_hand_move
byte-compiling /root/DockerFiles/dronefiles/src/tello_hand_move/install/tello_hand_move/lib/python3.8/site-packages/tello_hand_move/teleop_wasd_altitude.py to teleop_wasd_altitude.cpython-38.pyc
byte-compiling /root/DockerFiles/dronefiles/src/tello_hand_move/install/tello_hand_move/lib/python3.8/site-packages/tello_hand_move/__init__.py to __init__.cpython-38.pyc
byte-compiling /root/DockerFiles/dronefiles/src/tello_hand_move/install/tello_hand_move/lib/python3.8/site-packages/tello_hand_move/teleop_move.py to teleop_move.cpython-38.pyc
running install_egg_info
Copying build/tello_hand_move/tello_hand_move.egg-info to /root/DockerFiles/dronefiles/src/tello_hand_move/install/tello_hand_move/lib/python3.8/site-packages/tello_hand_move-0.0.1-py3.8.egg-info
running install_scripts
Installing teleop_wasd_altitude script to /root/DockerFiles/dronefiles/src/tello_hand_move/install/tello_hand_move/lib/tello_hand_move
writing list of installed files to '/root/DockerFiles/dronefiles/src/tello_hand_move/build/tello_hand_move/install.log'
