[1.616s] Invoking command in '/root/DockerFiles/drone_ws/src/tello_hand_move': PYTHONPATH=/root/DockerFiles/drone_ws/build/tello_hand_move/prefix_override:/root/DockerFiles/drone_ws/install/tello_hand_move/lib/python3.8/site-packages:${PYTHONPATH} /usr/bin/python3 setup.py egg_info --egg-base ../../build/tello_hand_move build --build-base /root/DockerFiles/drone_ws/build/tello_hand_move/build install --record /root/DockerFiles/drone_ws/build/tello_hand_move/install.log --single-version-externally-managed
[1.937s] running egg_info
[1.938s] creating ../../build/tello_hand_move/tello_hand_move.egg-info
[1.938s] writing ../../build/tello_hand_move/tello_hand_move.egg-info/PKG-INFO
[1.938s] writing dependency_links to ../../build/tello_hand_move/tello_hand_move.egg-info/dependency_links.txt
[1.939s] writing entry points to ../../build/tello_hand_move/tello_hand_move.egg-info/entry_points.txt
[1.939s] writing requirements to ../../build/tello_hand_move/tello_hand_move.egg-info/requires.txt
[1.939s] writing top-level names to ../../build/tello_hand_move/tello_hand_move.egg-info/top_level.txt
[1.942s] writing manifest file '../../build/tello_hand_move/tello_hand_move.egg-info/SOURCES.txt'
[1.990s] reading manifest file '../../build/tello_hand_move/tello_hand_move.egg-info/SOURCES.txt'
[1.991s] writing manifest file '../../build/tello_hand_move/tello_hand_move.egg-info/SOURCES.txt'
[1.991s] running build
[1.991s] running build_py
[1.991s] creating /root/DockerFiles/drone_ws/build/tello_hand_move/build
[1.991s] creating /root/DockerFiles/drone_ws/build/tello_hand_move/build/lib
[1.992s] creating /root/DockerFiles/drone_ws/build/tello_hand_move/build/lib/tello_hand_move
[1.992s] copying tello_hand_move/__init__.py -> /root/DockerFiles/drone_ws/build/tello_hand_move/build/lib/tello_hand_move
[1.995s] copying tello_hand_move/tello_hand_move.py -> /root/DockerFiles/drone_ws/build/tello_hand_move/build/lib/tello_hand_move
[1.995s] running install
[1.996s] running install_lib
[1.996s] creating /root/DockerFiles/drone_ws/install/tello_hand_move/lib/python3.8/site-packages/tello_hand_move
[1.996s] copying /root/DockerFiles/drone_ws/build/tello_hand_move/build/lib/tello_hand_move/__init__.py -> /root/DockerFiles/drone_ws/install/tello_hand_move/lib/python3.8/site-packages/tello_hand_move
[1.996s] copying /root/DockerFiles/drone_ws/build/tello_hand_move/build/lib/tello_hand_move/tello_hand_move.py -> /root/DockerFiles/drone_ws/install/tello_hand_move/lib/python3.8/site-packages/tello_hand_move
[1.996s] byte-compiling /root/DockerFiles/drone_ws/install/tello_hand_move/lib/python3.8/site-packages/tello_hand_move/__init__.py to __init__.cpython-38.pyc
[1.997s] byte-compiling /root/DockerFiles/drone_ws/install/tello_hand_move/lib/python3.8/site-packages/tello_hand_move/tello_hand_move.py to tello_hand_move.cpython-38.pyc
[1.997s] running install_egg_info
[1.999s] Copying ../../build/tello_hand_move/tello_hand_move.egg-info to /root/DockerFiles/drone_ws/install/tello_hand_move/lib/python3.8/site-packages/tello_hand_move-0.0.2-py3.8.egg-info
[2.000s] running install_scripts
[2.021s] Installing tello_hand_move script to /root/DockerFiles/drone_ws/install/tello_hand_move/lib/tello_hand_move
[2.021s] writing list of installed files to '/root/DockerFiles/drone_ws/build/tello_hand_move/install.log'
[2.067s] Invoked command in '/root/DockerFiles/drone_ws/src/tello_hand_move' returned '0': PYTHONPATH=/root/DockerFiles/drone_ws/build/tello_hand_move/prefix_override:/root/DockerFiles/drone_ws/install/tello_hand_move/lib/python3.8/site-packages:${PYTHONPATH} /usr/bin/python3 setup.py egg_info --egg-base ../../build/tello_hand_move build --build-base /root/DockerFiles/drone_ws/build/tello_hand_move/build install --record /root/DockerFiles/drone_ws/build/tello_hand_move/install.log --single-version-externally-managed
