[2.637s] Invoking command in '/root/DockerFiles/drone_ws/src/tello_hand_move': PYTHONPATH=/root/DockerFiles/drone_ws/build/tello_hand_move/prefix_override:/root/DockerFiles/drone_ws/install/tello_hand_move/lib/python3.8/site-packages:${PYTHONPATH} /usr/bin/python3 setup.py egg_info --egg-base ../../build/tello_hand_move build --build-base /root/DockerFiles/drone_ws/build/tello_hand_move/build install --record /root/DockerFiles/drone_ws/build/tello_hand_move/install.log --single-version-externally-managed
[3.169s] running egg_info
[3.169s] writing ../../build/tello_hand_move/tello_hand_move.egg-info/PKG-INFO
[3.173s] writing dependency_links to ../../build/tello_hand_move/tello_hand_move.egg-info/dependency_links.txt
[3.173s] writing entry points to ../../build/tello_hand_move/tello_hand_move.egg-info/entry_points.txt
[3.173s] writing requirements to ../../build/tello_hand_move/tello_hand_move.egg-info/requires.txt
[3.173s] writing top-level names to ../../build/tello_hand_move/tello_hand_move.egg-info/top_level.txt
[3.242s] reading manifest file '../../build/tello_hand_move/tello_hand_move.egg-info/SOURCES.txt'
[3.243s] writing manifest file '../../build/tello_hand_move/tello_hand_move.egg-info/SOURCES.txt'
[3.244s] running build
[3.245s] running build_py
[3.246s] running install
[3.246s] running install_lib
[3.247s] running install_egg_info
[3.249s] removing '/root/DockerFiles/drone_ws/install/tello_hand_move/lib/python3.8/site-packages/tello_hand_move-0.0.2-py3.8.egg-info' (and everything under it)
[3.250s] Copying ../../build/tello_hand_move/tello_hand_move.egg-info to /root/DockerFiles/drone_ws/install/tello_hand_move/lib/python3.8/site-packages/tello_hand_move-0.0.2-py3.8.egg-info
[3.253s] running install_scripts
[3.298s] Installing tello_hand_move script to /root/DockerFiles/drone_ws/install/tello_hand_move/lib/tello_hand_move
[3.299s] writing list of installed files to '/root/DockerFiles/drone_ws/build/tello_hand_move/install.log'
[3.358s] Invoked command in '/root/DockerFiles/drone_ws/src/tello_hand_move' returned '0': PYTHONPATH=/root/DockerFiles/drone_ws/build/tello_hand_move/prefix_override:/root/DockerFiles/drone_ws/install/tello_hand_move/lib/python3.8/site-packages:${PYTHONPATH} /usr/bin/python3 setup.py egg_info --egg-base ../../build/tello_hand_move build --build-base /root/DockerFiles/drone_ws/build/tello_hand_move/build install --record /root/DockerFiles/drone_ws/build/tello_hand_move/install.log --single-version-externally-managed
