[1.251s] Invoking command in '/root/DockerFiles/dronefiles/src/tello_hand_move': PYTHONPATH=/root/DockerFiles/dronefiles/src/tello_hand_move/build/tello_hand_move/prefix_override:/root/DockerFiles/dronefiles/src/tello_hand_move/install/tello_hand_move/lib/python3.8/site-packages: /usr/bin/python3 setup.py egg_info --egg-base build/tello_hand_move build --build-base /root/DockerFiles/dronefiles/src/tello_hand_move/build/tello_hand_move/build install --record /root/DockerFiles/dronefiles/src/tello_hand_move/build/tello_hand_move/install.log --single-version-externally-managed
[1.497s] running egg_info
[1.498s] writing build/tello_hand_move/tello_hand_move.egg-info/PKG-INFO
[1.500s] writing dependency_links to build/tello_hand_move/tello_hand_move.egg-info/dependency_links.txt
[1.502s] writing entry points to build/tello_hand_move/tello_hand_move.egg-info/entry_points.txt
[1.503s] writing requirements to build/tello_hand_move/tello_hand_move.egg-info/requires.txt
[1.505s] writing top-level names to build/tello_hand_move/tello_hand_move.egg-info/top_level.txt
[1.562s] reading manifest file 'build/tello_hand_move/tello_hand_move.egg-info/SOURCES.txt'
[1.563s] writing manifest file 'build/tello_hand_move/tello_hand_move.egg-info/SOURCES.txt'
[1.565s] running build
[1.565s] running build_py
[1.567s] copying tello_hand_move/teleop_wasd_altitude.py -> /root/DockerFiles/dronefiles/src/tello_hand_move/build/tello_hand_move/build/lib/tello_hand_move
[1.571s] running install
[1.573s] running install_lib
[1.574s] copying /root/DockerFiles/dronefiles/src/tello_hand_move/build/tello_hand_move/build/lib/tello_hand_move/teleop_wasd_altitude.py -> /root/DockerFiles/dronefiles/src/tello_hand_move/install/tello_hand_move/lib/python3.8/site-packages/tello_hand_move
[1.577s] byte-compiling /root/DockerFiles/dronefiles/src/tello_hand_move/install/tello_hand_move/lib/python3.8/site-packages/tello_hand_move/teleop_wasd_altitude.py to teleop_wasd_altitude.cpython-38.pyc
[1.581s] running install_egg_info
[1.587s] removing '/root/DockerFiles/dronefiles/src/tello_hand_move/install/tello_hand_move/lib/python3.8/site-packages/tello_hand_move-0.0.2-py3.8.egg-info' (and everything under it)
[1.588s] Copying build/tello_hand_move/tello_hand_move.egg-info to /root/DockerFiles/dronefiles/src/tello_hand_move/install/tello_hand_move/lib/python3.8/site-packages/tello_hand_move-0.0.2-py3.8.egg-info
[1.592s] running install_scripts
[1.618s] Installing teleop_wasd_altitude script to /root/DockerFiles/dronefiles/src/tello_hand_move/install/tello_hand_move/lib/tello_hand_move
[1.621s] writing list of installed files to '/root/DockerFiles/dronefiles/src/tello_hand_move/build/tello_hand_move/install.log'
[1.666s] Invoked command in '/root/DockerFiles/dronefiles/src/tello_hand_move' returned '0': PYTHONPATH=/root/DockerFiles/dronefiles/src/tello_hand_move/build/tello_hand_move/prefix_override:/root/DockerFiles/dronefiles/src/tello_hand_move/install/tello_hand_move/lib/python3.8/site-packages: /usr/bin/python3 setup.py egg_info --egg-base build/tello_hand_move build --build-base /root/DockerFiles/dronefiles/src/tello_hand_move/build/tello_hand_move/build install --record /root/DockerFiles/dronefiles/src/tello_hand_move/build/tello_hand_move/install.log --single-version-externally-managed
