[1.319s] Invoking command in '/root/DockerFiles/drone_ws/src/tello_hand_move': PYTHONPATH=/root/DockerFiles/drone_ws/build/tello_hand_move/prefix_override:/root/DockerFiles/drone_ws/install/tello_hand_move/lib/python3.8/site-packages:${PYTHONPATH} /usr/bin/python3 setup.py egg_info --egg-base ../../build/tello_hand_move build --build-base /root/DockerFiles/drone_ws/build/tello_hand_move/build install --record /root/DockerFiles/drone_ws/build/tello_hand_move/install.log --single-version-externally-managed
[1.591s] running egg_info
[1.592s] creating ../../build/tello_hand_move/tello_hand_move.egg-info
[1.592s] writing ../../build/tello_hand_move/tello_hand_move.egg-info/PKG-INFO
[1.593s] writing dependency_links to ../../build/tello_hand_move/tello_hand_move.egg-info/dependency_links.txt
[1.594s] writing entry points to ../../build/tello_hand_move/tello_hand_move.egg-info/entry_points.txt
[1.594s] writing requirements to ../../build/tello_hand_move/tello_hand_move.egg-info/requires.txt
[1.594s] writing top-level names to ../../build/tello_hand_move/tello_hand_move.egg-info/top_level.txt
[1.596s] writing manifest file '../../build/tello_hand_move/tello_hand_move.egg-info/SOURCES.txt'
[1.663s] reading manifest file '../../build/tello_hand_move/tello_hand_move.egg-info/SOURCES.txt'
[1.665s] writing manifest file '../../build/tello_hand_move/tello_hand_move.egg-info/SOURCES.txt'
[1.666s] running build
[1.666s] running build_py
[1.667s] creating /root/DockerFiles/drone_ws/build/tello_hand_move/build
[1.667s] creating /root/DockerFiles/drone_ws/build/tello_hand_move/build/lib
[1.667s] creating /root/DockerFiles/drone_ws/build/tello_hand_move/build/lib/tello_hand_move
[1.667s] copying tello_hand_move/teleop_wasd_altitude.py -> /root/DockerFiles/drone_ws/build/tello_hand_move/build/lib/tello_hand_move
[1.667s] copying tello_hand_move/__init__.py -> /root/DockerFiles/drone_ws/build/tello_hand_move/build/lib/tello_hand_move
[1.667s] running install
[1.667s] running install_lib
[1.667s] creating /root/DockerFiles/drone_ws/install/tello_hand_move/lib/python3.8/site-packages/tello_hand_move
[1.668s] copying /root/DockerFiles/drone_ws/build/tello_hand_move/build/lib/tello_hand_move/teleop_wasd_altitude.py -> /root/DockerFiles/drone_ws/install/tello_hand_move/lib/python3.8/site-packages/tello_hand_move
[1.668s] copying /root/DockerFiles/drone_ws/build/tello_hand_move/build/lib/tello_hand_move/__init__.py -> /root/DockerFiles/drone_ws/install/tello_hand_move/lib/python3.8/site-packages/tello_hand_move
[1.670s] byte-compiling /root/DockerFiles/drone_ws/install/tello_hand_move/lib/python3.8/site-packages/tello_hand_move/teleop_wasd_altitude.py to teleop_wasd_altitude.cpython-38.pyc
[1.674s] byte-compiling /root/DockerFiles/drone_ws/install/tello_hand_move/lib/python3.8/site-packages/tello_hand_move/__init__.py to __init__.cpython-38.pyc
[1.674s] running install_egg_info
[1.676s] Copying ../../build/tello_hand_move/tello_hand_move.egg-info to /root/DockerFiles/drone_ws/install/tello_hand_move/lib/python3.8/site-packages/tello_hand_move-0.0.2-py3.8.egg-info
[1.677s] running install_scripts
[1.699s] Installing teleop_wasd_altitude script to /root/DockerFiles/drone_ws/install/tello_hand_move/lib/tello_hand_move
[1.699s] writing list of installed files to '/root/DockerFiles/drone_ws/build/tello_hand_move/install.log'
[1.815s] Invoked command in '/root/DockerFiles/drone_ws/src/tello_hand_move' returned '0': PYTHONPATH=/root/DockerFiles/drone_ws/build/tello_hand_move/prefix_override:/root/DockerFiles/drone_ws/install/tello_hand_move/lib/python3.8/site-packages:${PYTHONPATH} /usr/bin/python3 setup.py egg_info --egg-base ../../build/tello_hand_move build --build-base /root/DockerFiles/drone_ws/build/tello_hand_move/build install --record /root/DockerFiles/drone_ws/build/tello_hand_move/install.log --single-version-externally-managed
