[2.209s] Invoking command in '/root/DockerFiles/drone_ws/src/tello_hand_move': PYTHONPATH=/root/DockerFiles/drone_ws/build/tello_hand_move/prefix_override:/root/DockerFiles/drone_ws/install/tello_hand_move/lib/python3.8/site-packages:${PYTHONPATH} /usr/bin/python3 setup.py egg_info --egg-base ../../build/tello_hand_move build --build-base /root/DockerFiles/drone_ws/build/tello_hand_move/build install --record /root/DockerFiles/drone_ws/build/tello_hand_move/install.log --single-version-externally-managed
[2.508s] running egg_info
[2.508s] creating ../../build/tello_hand_move/tello_hand_move.egg-info
[2.508s] writing ../../build/tello_hand_move/tello_hand_move.egg-info/PKG-INFO
[2.512s] writing dependency_links to ../../build/tello_hand_move/tello_hand_move.egg-info/dependency_links.txt
[2.512s] writing entry points to ../../build/tello_hand_move/tello_hand_move.egg-info/entry_points.txt
[2.512s] writing requirements to ../../build/tello_hand_move/tello_hand_move.egg-info/requires.txt
[2.512s] writing top-level names to ../../build/tello_hand_move/tello_hand_move.egg-info/top_level.txt
[2.514s] writing manifest file '../../build/tello_hand_move/tello_hand_move.egg-info/SOURCES.txt'
[2.576s] reading manifest file '../../build/tello_hand_move/tello_hand_move.egg-info/SOURCES.txt'
[2.589s] writing manifest file '../../build/tello_hand_move/tello_hand_move.egg-info/SOURCES.txt'
[2.589s] running build
[2.589s] running build_py
[2.589s] creating /root/DockerFiles/drone_ws/build/tello_hand_move/build
[2.589s] creating /root/DockerFiles/drone_ws/build/tello_hand_move/build/lib
[2.589s] creating /root/DockerFiles/drone_ws/build/tello_hand_move/build/lib/tello_hand_move
[2.590s] copying tello_hand_move/__init__.py -> /root/DockerFiles/drone_ws/build/tello_hand_move/build/lib/tello_hand_move
[2.590s] copying tello_hand_move/tello_hand_move.py -> /root/DockerFiles/drone_ws/build/tello_hand_move/build/lib/tello_hand_move
[2.590s] running install
[2.590s] running install_lib
[2.595s] creating /root/DockerFiles/drone_ws/install/tello_hand_move/lib/python3.8/site-packages/tello_hand_move
[2.595s] copying /root/DockerFiles/drone_ws/build/tello_hand_move/build/lib/tello_hand_move/__init__.py -> /root/DockerFiles/drone_ws/install/tello_hand_move/lib/python3.8/site-packages/tello_hand_move
[2.595s] copying /root/DockerFiles/drone_ws/build/tello_hand_move/build/lib/tello_hand_move/tello_hand_move.py -> /root/DockerFiles/drone_ws/install/tello_hand_move/lib/python3.8/site-packages/tello_hand_move
[2.595s] byte-compiling /root/DockerFiles/drone_ws/install/tello_hand_move/lib/python3.8/site-packages/tello_hand_move/__init__.py to __init__.cpython-38.pyc
[2.595s] byte-compiling /root/DockerFiles/drone_ws/install/tello_hand_move/lib/python3.8/site-packages/tello_hand_move/tello_hand_move.py to tello_hand_move.cpython-38.pyc
[2.595s] running install_egg_info
[2.596s] Copying ../../build/tello_hand_move/tello_hand_move.egg-info to /root/DockerFiles/drone_ws/install/tello_hand_move/lib/python3.8/site-packages/tello_hand_move-0.0.2-py3.8.egg-info
[2.596s] running install_scripts
[2.623s] Installing tello_hand_move script to /root/DockerFiles/drone_ws/install/tello_hand_move/lib/tello_hand_move
[2.624s] writing list of installed files to '/root/DockerFiles/drone_ws/build/tello_hand_move/install.log'
[2.687s] Invoked command in '/root/DockerFiles/drone_ws/src/tello_hand_move' returned '0': PYTHONPATH=/root/DockerFiles/drone_ws/build/tello_hand_move/prefix_override:/root/DockerFiles/drone_ws/install/tello_hand_move/lib/python3.8/site-packages:${PYTHONPATH} /usr/bin/python3 setup.py egg_info --egg-base ../../build/tello_hand_move build --build-base /root/DockerFiles/drone_ws/build/tello_hand_move/build install --record /root/DockerFiles/drone_ws/build/tello_hand_move/install.log --single-version-externally-managed
