[0.034s] Invoking command in '/root/DockerFiles/drone_ws/build/tello_gazebo': AMENT_PREFIX_PATH=/root/DockerFiles/drone_ws/install/tello_msgs:${AMENT_PREFIX_PATH} CMAKE_PREFIX_PATH=/root/DockerFiles/drone_ws/install/tello_msgs:/opt/ros/foxy LD_LIBRARY_PATH=/root/DockerFiles/drone_ws/install/tello_msgs/lib:${LD_LIBRARY_PATH} PYTHONPATH=/root/DockerFiles/drone_ws/install/tello_msgs/lib/python3.8/site-packages:${PYTHONPATH} /usr/bin/cmake /root/DockerFiles/drone_ws/src/tello_ros/tello_gazebo -DCMAKE_INSTALL_PREFIX=/root/DockerFiles/drone_ws/install/tello_gazebo
[0.176s] -- The C compiler identification is GNU 9.4.0
[0.304s] -- The CXX compiler identification is GNU 9.4.0
[0.315s] -- Check for working C compiler: /usr/bin/cc
[0.480s] -- Check for working C compiler: /usr/bin/cc -- works
[0.481s] -- Detecting C compiler ABI info
[0.652s] -- Detecting C compiler ABI info - done
[0.686s] -- Detecting C compile features
[0.686s] -- Detecting C compile features - done
[0.687s] -- Check for working CXX compiler: /usr/bin/c++
[0.843s] -- Check for working CXX compiler: /usr/bin/c++ -- works
[0.850s] -- Detecting CXX compiler ABI info
[1.026s] -- Detecting CXX compiler ABI info - done
[1.060s] -- Detecting CXX compile features
[1.061s] -- Detecting CXX compile features - done
[1.067s] -- Found ament_cmake: 0.9.12 (/opt/ros/foxy/share/ament_cmake/cmake)
[1.109s] -- Found PythonInterp: /usr/bin/python3 (found suitable version "3.8.10", minimum required is "3") 
[1.115s] -- Using PYTHON_EXECUTABLE: /usr/bin/python3
[1.474s] -- Found PkgConfig: /usr/bin/pkg-config (found version "0.29.1") 
[1.486s] -- Checking for module 'bullet>=2.82'
[1.529s] --   Found bullet, version 2.88
[1.883s] -- Found ccd: /usr/include (found suitable version "2.0", minimum required is "2.0") 
[2.063s] -- Found fcl: /usr/include (found suitable version "0.5.0", minimum required is "0.3.2") 
[2.205s] -- Found assimp: /usr/include (found version "5.0.0") 
[2.271s] -- Found DART: /usr/include (Required is at least version "6.6") found components: dart 
[3.038s] -- Found Boost: /usr/lib/x86_64-linux-gnu/cmake/Boost-1.71.0/BoostConfig.cmake (found suitable version "1.71.0", minimum required is "1.40.0") found components: thread system filesystem program_options regex iostreams date_time 
[3.100s] -- Found Protobuf: /usr/lib/x86_64-linux-gnu/libprotobuf.so;-lpthread (found version "3.6.1") 
[3.112s] -- Looking for ignition-math6 -- found version 6.13.0
[3.127s] -- Searching for dependencies of ignition-math6
[3.132s] -- Looking for OGRE...
[3.141s] -- OGRE_PREFIX_WATCH changed.
[3.153s] -- Checking for module 'OGRE'
[3.204s] --   Found OGRE, version 1.9.0
[3.311s] -- Found Ogre Ghadamon (1.9.0)
[3.324s] -- Found OGRE: optimized;/usr/lib/x86_64-linux-gnu/libOgreMain.so;debug;/usr/lib/x86_64-linux-gnu/libOgreMain.so
[3.342s] -- Looking for OGRE_Paging...
[3.358s] -- Found OGRE_Paging: optimized;/usr/lib/x86_64-linux-gnu/libOgrePaging.so;debug;/usr/lib/x86_64-linux-gnu/libOgrePaging.so
[3.358s] -- Looking for OGRE_Terrain...
[3.374s] -- Found OGRE_Terrain: optimized;/usr/lib/x86_64-linux-gnu/libOgreTerrain.so;debug;/usr/lib/x86_64-linux-gnu/libOgreTerrain.so
[3.374s] -- Looking for OGRE_Property...
[3.383s] -- Found OGRE_Property: optimized;/usr/lib/x86_64-linux-gnu/libOgreProperty.so;debug;/usr/lib/x86_64-linux-gnu/libOgreProperty.so
[3.384s] -- Looking for OGRE_RTShaderSystem...
[3.395s] -- Found OGRE_RTShaderSystem: optimized;/usr/lib/x86_64-linux-gnu/libOgreRTShaderSystem.so;debug;/usr/lib/x86_64-linux-gnu/libOgreRTShaderSystem.so
[3.395s] -- Looking for OGRE_Volume...
[3.408s] -- Found OGRE_Volume: optimized;/usr/lib/x86_64-linux-gnu/libOgreVolume.so;debug;/usr/lib/x86_64-linux-gnu/libOgreVolume.so
[3.409s] -- Looking for OGRE_Overlay...
[3.416s] -- Found OGRE_Overlay: optimized;/usr/lib/x86_64-linux-gnu/libOgreOverlay.so;debug;/usr/lib/x86_64-linux-gnu/libOgreOverlay.so
[3.732s] -- Looking for ignition-math6 -- found version 6.13.0
[3.738s] -- Looking for ignition-transport8 -- found version 8.3.0
[3.739s] -- Searching for dependencies of ignition-transport8
[3.775s] -- Found Protobuf: /usr/lib/x86_64-linux-gnu/libprotobuf.so;-lpthread (found suitable version "3.6.1", minimum required is "3") 
[3.798s] -- Config-file not installed for ZeroMQ -- checking for pkg-config
[3.809s] -- Checking for module 'libzmq >= 4'
[3.917s] --   Found libzmq , version 4.3.2
[4.063s] -- Found ZeroMQ: TRUE (Required is at least version "4") 
[4.073s] -- Checking for module 'uuid'
[4.106s] --   Found uuid, version 2.34.0
[4.274s] -- Found UUID: TRUE  
[4.277s] -- Looking for ignition-msgs5 -- found version 5.10.0
[4.277s] -- Searching for dependencies of ignition-msgs5
[4.313s] -- Looking for ignition-math6 -- found version 6.13.0
[4.322s] -- Checking for module 'tinyxml2'
[4.370s] --   Found tinyxml2, version 6.2.0
[4.494s] -- Looking for ignition-msgs5 -- found version 5.10.0
[4.501s] -- Looking for ignition-common3 -- found version 3.14.2
[4.502s] -- Searching for dependencies of ignition-common3
[4.503s] -- Looking for dlfcn.h - found
[4.511s] -- Looking for libdl - found
[4.512s] -- Found DL: TRUE  
[4.544s] -- Searching for <ignition-common3> component [graphics]
[4.547s] -- Looking for ignition-common3-graphics -- found version 3.14.2
[4.547s] -- Searching for dependencies of ignition-common3-graphics
[4.547s] -- Looking for ignition-math6 -- found version 6.13.0
[4.571s] -- Looking for ignition-fuel_tools4 -- found version 4.6.0
[4.571s] -- Searching for dependencies of ignition-fuel_tools4
[4.791s] -- Found CURL: /usr/lib/x86_64-linux-gnu/libcurl.so (found version "7.68.0")  
[4.812s] -- Checking for module 'jsoncpp'
[4.845s] --   Found jsoncpp, version 1.7.4
[4.967s] -- Found JSONCPP: TRUE  
[4.978s] -- Checking for module 'libzip'
[5.028s] --   Found libzip, version 1.5.1
[5.129s] -- Found ZIP: TRUE  
[5.129s] -- Looking for ignition-common3 -- found version 3.14.2
[5.131s] -- Looking for ignition-math6 -- found version 6.13.0
[5.131s] -- Looking for ignition-msgs5 -- found version 5.10.0
[5.137s] -- Found gazebo_dev: 3.5.3 (/opt/ros/foxy/share/gazebo_dev/cmake)
[5.141s] -- Gazebo version: 11.11
[5.143s] -- Found gazebo_ros: 3.5.3 (/opt/ros/foxy/share/gazebo_ros/cmake)
[5.219s] -- Using all available rosidl_typesupport_c: rosidl_typesupport_fastrtps_c;rosidl_typesupport_introspection_c
[5.231s] -- Found rosidl_adapter: 1.3.1 (/opt/ros/foxy/share/rosidl_adapter/cmake)
[5.415s] -- Found OpenSSL: /usr/lib/x86_64-linux-gnu/libcrypto.so (found version "1.1.1f")  
[5.475s] -- Found FastRTPS: /opt/ros/foxy/include  
[5.640s] -- Using all available rosidl_typesupport_cpp: rosidl_typesupport_fastrtps_cpp;rosidl_typesupport_introspection_cpp
[5.752s] -- Found rmw_implementation_cmake: 1.0.4 (/opt/ros/foxy/share/rmw_implementation_cmake/cmake)
[5.759s] -- Using RMW implementation 'rmw_fastrtps_cpp' as default
[5.759s] -- Found Threads: TRUE  
[6.066s] -- Found geometry_msgs: 2.0.5 (/opt/ros/foxy/share/geometry_msgs/cmake)
[6.126s] -- Found sensor_msgs: 2.0.5 (/opt/ros/foxy/share/sensor_msgs/cmake)
[6.243s] -- Found tello_msgs: 0.1.0 (/root/DockerFiles/drone_ws/install/tello_msgs/share/tello_msgs/cmake)
[6.471s] -- Configuring done
[6.531s] -- Generating done
[6.531s] -- Build files have been written to: /root/DockerFiles/drone_ws/build/tello_gazebo
[6.558s] Invoked command in '/root/DockerFiles/drone_ws/build/tello_gazebo' returned '0': AMENT_PREFIX_PATH=/root/DockerFiles/drone_ws/install/tello_msgs:${AMENT_PREFIX_PATH} CMAKE_PREFIX_PATH=/root/DockerFiles/drone_ws/install/tello_msgs:/opt/ros/foxy LD_LIBRARY_PATH=/root/DockerFiles/drone_ws/install/tello_msgs/lib:${LD_LIBRARY_PATH} PYTHONPATH=/root/DockerFiles/drone_ws/install/tello_msgs/lib/python3.8/site-packages:${PYTHONPATH} /usr/bin/cmake /root/DockerFiles/drone_ws/src/tello_ros/tello_gazebo -DCMAKE_INSTALL_PREFIX=/root/DockerFiles/drone_ws/install/tello_gazebo
[6.561s] Invoking command in '/root/DockerFiles/drone_ws/build/tello_gazebo': AMENT_PREFIX_PATH=/root/DockerFiles/drone_ws/install/tello_msgs:${AMENT_PREFIX_PATH} CMAKE_PREFIX_PATH=/root/DockerFiles/drone_ws/install/tello_msgs:/opt/ros/foxy LD_LIBRARY_PATH=/root/DockerFiles/drone_ws/install/tello_msgs/lib:${LD_LIBRARY_PATH} PYTHONPATH=/root/DockerFiles/drone_ws/install/tello_msgs/lib/python3.8/site-packages:${PYTHONPATH} /usr/bin/cmake --build /root/DockerFiles/drone_ws/build/tello_gazebo -- -j12 -l12
[6.658s] [35m[1mScanning dependencies of target TelloPlugin[0m
[7.217s] [ 50%] [32mBuilding CXX object CMakeFiles/TelloPlugin.dir/src/tello_plugin.cpp.o[0m
[34.896s] [100%] [32m[1mLinking CXX shared library libTelloPlugin.so[0m
[36.625s] [100%] Built target TelloPlugin
[36.668s] Invoked command in '/root/DockerFiles/drone_ws/build/tello_gazebo' returned '0': AMENT_PREFIX_PATH=/root/DockerFiles/drone_ws/install/tello_msgs:${AMENT_PREFIX_PATH} CMAKE_PREFIX_PATH=/root/DockerFiles/drone_ws/install/tello_msgs:/opt/ros/foxy LD_LIBRARY_PATH=/root/DockerFiles/drone_ws/install/tello_msgs/lib:${LD_LIBRARY_PATH} PYTHONPATH=/root/DockerFiles/drone_ws/install/tello_msgs/lib/python3.8/site-packages:${PYTHONPATH} /usr/bin/cmake --build /root/DockerFiles/drone_ws/build/tello_gazebo -- -j12 -l12
[36.737s] Invoking command in '/root/DockerFiles/drone_ws/build/tello_gazebo': AMENT_PREFIX_PATH=/root/DockerFiles/drone_ws/install/tello_msgs:${AMENT_PREFIX_PATH} CMAKE_PREFIX_PATH=/root/DockerFiles/drone_ws/install/tello_msgs:/opt/ros/foxy LD_LIBRARY_PATH=/root/DockerFiles/drone_ws/install/tello_msgs/lib:${LD_LIBRARY_PATH} PYTHONPATH=/root/DockerFiles/drone_ws/install/tello_msgs/lib/python3.8/site-packages:${PYTHONPATH} /usr/bin/cmake --install /root/DockerFiles/drone_ws/build/tello_gazebo
[36.759s] -- Install configuration: ""
[36.760s] -- Installing: /root/DockerFiles/drone_ws/install/tello_gazebo/lib/libTelloPlugin.so
[36.816s] -- Set runtime path of "/root/DockerFiles/drone_ws/install/tello_gazebo/lib/libTelloPlugin.so" to ""
[36.818s] -- Installing: /root/DockerFiles/drone_ws/install/tello_gazebo/share/tello_gazebo/models
[36.818s] -- Installing: /root/DockerFiles/drone_ws/install/tello_gazebo/share/tello_gazebo/models/marker_5
[36.820s] -- Installing: /root/DockerFiles/drone_ws/install/tello_gazebo/share/tello_gazebo/models/marker_5/materials
[36.820s] -- Installing: /root/DockerFiles/drone_ws/install/tello_gazebo/share/tello_gazebo/models/marker_5/materials/textures
[36.821s] -- Installing: /root/DockerFiles/drone_ws/install/tello_gazebo/share/tello_gazebo/models/marker_5/materials/textures/aruco_mark_5.svg
[36.823s] -- Installing: /root/DockerFiles/drone_ws/install/tello_gazebo/share/tello_gazebo/models/marker_5/materials/textures/aruco_mark_5.png
[36.826s] -- Installing: /root/DockerFiles/drone_ws/install/tello_gazebo/share/tello_gazebo/models/marker_5/materials/scripts
[36.826s] -- Installing: /root/DockerFiles/drone_ws/install/tello_gazebo/share/tello_gazebo/models/marker_5/materials/scripts/marker_5.material
[36.826s] -- Installing: /root/DockerFiles/drone_ws/install/tello_gazebo/share/tello_gazebo/models/marker_5/model.config
[36.829s] -- Installing: /root/DockerFiles/drone_ws/install/tello_gazebo/share/tello_gazebo/models/marker_5/model.sdf
[36.829s] -- Installing: /root/DockerFiles/drone_ws/install/tello_gazebo/share/tello_gazebo/models/marker_4
[36.829s] -- Installing: /root/DockerFiles/drone_ws/install/tello_gazebo/share/tello_gazebo/models/marker_4/materials
[36.829s] -- Installing: /root/DockerFiles/drone_ws/install/tello_gazebo/share/tello_gazebo/models/marker_4/materials/textures
[36.830s] -- Installing: /root/DockerFiles/drone_ws/install/tello_gazebo/share/tello_gazebo/models/marker_4/materials/textures/aruco_mark_4.png
[36.830s] -- Installing: /root/DockerFiles/drone_ws/install/tello_gazebo/share/tello_gazebo/models/marker_4/materials/textures/aruco_mark_4.svg
[36.830s] -- Installing: /root/DockerFiles/drone_ws/install/tello_gazebo/share/tello_gazebo/models/marker_4/materials/scripts
[36.830s] -- Installing: /root/DockerFiles/drone_ws/install/tello_gazebo/share/tello_gazebo/models/marker_4/materials/scripts/marker_4.material
[36.831s] -- Installing: /root/DockerFiles/drone_ws/install/tello_gazebo/share/tello_gazebo/models/marker_4/model.config
[36.831s] -- Installing: /root/DockerFiles/drone_ws/install/tello_gazebo/share/tello_gazebo/models/marker_4/model.sdf
[36.831s] -- Installing: /root/DockerFiles/drone_ws/install/tello_gazebo/share/tello_gazebo/models/marker_0
[36.831s] -- Installing: /root/DockerFiles/drone_ws/install/tello_gazebo/share/tello_gazebo/models/marker_0/materials
[36.832s] -- Installing: /root/DockerFiles/drone_ws/install/tello_gazebo/share/tello_gazebo/models/marker_0/materials/textures
[36.832s] -- Installing: /root/DockerFiles/drone_ws/install/tello_gazebo/share/tello_gazebo/models/marker_0/materials/textures/aruco_mark_0.png
[36.832s] -- Installing: /root/DockerFiles/drone_ws/install/tello_gazebo/share/tello_gazebo/models/marker_0/materials/textures/aruco_mark_0.svg
[36.832s] -- Installing: /root/DockerFiles/drone_ws/install/tello_gazebo/share/tello_gazebo/models/marker_0/materials/scripts
[36.832s] -- Installing: /root/DockerFiles/drone_ws/install/tello_gazebo/share/tello_gazebo/models/marker_0/materials/scripts/marker_0.material
[36.832s] -- Installing: /root/DockerFiles/drone_ws/install/tello_gazebo/share/tello_gazebo/models/marker_0/model.config
[36.832s] -- Installing: /root/DockerFiles/drone_ws/install/tello_gazebo/share/tello_gazebo/models/marker_0/model.sdf
[36.836s] -- Installing: /root/DockerFiles/drone_ws/install/tello_gazebo/share/tello_gazebo/models/marker_2
[36.836s] -- Installing: /root/DockerFiles/drone_ws/install/tello_gazebo/share/tello_gazebo/models/marker_2/materials
[36.836s] -- Installing: /root/DockerFiles/drone_ws/install/tello_gazebo/share/tello_gazebo/models/marker_2/materials/textures
[36.836s] -- Installing: /root/DockerFiles/drone_ws/install/tello_gazebo/share/tello_gazebo/models/marker_2/materials/textures/aruco_mark_2.png
[36.837s] -- Installing: /root/DockerFiles/drone_ws/install/tello_gazebo/share/tello_gazebo/models/marker_2/materials/textures/aruco_mark_2.svg
[36.837s] -- Installing: /root/DockerFiles/drone_ws/install/tello_gazebo/share/tello_gazebo/models/marker_2/materials/scripts
[36.837s] -- Installing: /root/DockerFiles/drone_ws/install/tello_gazebo/share/tello_gazebo/models/marker_2/materials/scripts/marker_2.material
[36.837s] -- Installing: /root/DockerFiles/drone_ws/install/tello_gazebo/share/tello_gazebo/models/marker_2/model.config
[36.838s] -- Installing: /root/DockerFiles/drone_ws/install/tello_gazebo/share/tello_gazebo/models/marker_2/model.sdf
[36.839s] -- Installing: /root/DockerFiles/drone_ws/install/tello_gazebo/share/tello_gazebo/models/marker_1
[36.839s] -- Installing: /root/DockerFiles/drone_ws/install/tello_gazebo/share/tello_gazebo/models/marker_1/materials
[36.839s] -- Installing: /root/DockerFiles/drone_ws/install/tello_gazebo/share/tello_gazebo/models/marker_1/materials/textures
[36.839s] -- Installing: /root/DockerFiles/drone_ws/install/tello_gazebo/share/tello_gazebo/models/marker_1/materials/textures/aruco_mark_1.svg
[36.842s] -- Installing: /root/DockerFiles/drone_ws/install/tello_gazebo/share/tello_gazebo/models/marker_1/materials/textures/aruco_mark_1.png
[36.842s] -- Installing: /root/DockerFiles/drone_ws/install/tello_gazebo/share/tello_gazebo/models/marker_1/materials/scripts
[36.845s] -- Installing: /root/DockerFiles/drone_ws/install/tello_gazebo/share/tello_gazebo/models/marker_1/materials/scripts/marker_1.material
[36.845s] -- Installing: /root/DockerFiles/drone_ws/install/tello_gazebo/share/tello_gazebo/models/marker_1/model.config
[36.845s] -- Installing: /root/DockerFiles/drone_ws/install/tello_gazebo/share/tello_gazebo/models/marker_1/model.sdf
[36.845s] -- Installing: /root/DockerFiles/drone_ws/install/tello_gazebo/share/tello_gazebo/models/marker_7
[36.845s] -- Installing: /root/DockerFiles/drone_ws/install/tello_gazebo/share/tello_gazebo/models/marker_7/materials
[36.847s] -- Installing: /root/DockerFiles/drone_ws/install/tello_gazebo/share/tello_gazebo/models/marker_7/materials/textures
[36.847s] -- Installing: /root/DockerFiles/drone_ws/install/tello_gazebo/share/tello_gazebo/models/marker_7/materials/textures/aruco_mark_7.svg
[36.847s] -- Installing: /root/DockerFiles/drone_ws/install/tello_gazebo/share/tello_gazebo/models/marker_7/materials/textures/aruco_mark_7.png
[36.848s] -- Installing: /root/DockerFiles/drone_ws/install/tello_gazebo/share/tello_gazebo/models/marker_7/materials/scripts
[36.848s] -- Installing: /root/DockerFiles/drone_ws/install/tello_gazebo/share/tello_gazebo/models/marker_7/materials/scripts/marker_7.material
[36.848s] -- Installing: /root/DockerFiles/drone_ws/install/tello_gazebo/share/tello_gazebo/models/marker_7/model.config
[36.848s] -- Installing: /root/DockerFiles/drone_ws/install/tello_gazebo/share/tello_gazebo/models/marker_7/model.sdf
[36.848s] -- Installing: /root/DockerFiles/drone_ws/install/tello_gazebo/share/tello_gazebo/models/marker_6
[36.848s] -- Installing: /root/DockerFiles/drone_ws/install/tello_gazebo/share/tello_gazebo/models/marker_6/materials
[36.848s] -- Installing: /root/DockerFiles/drone_ws/install/tello_gazebo/share/tello_gazebo/models/marker_6/materials/textures
[36.848s] -- Installing: /root/DockerFiles/drone_ws/install/tello_gazebo/share/tello_gazebo/models/marker_6/materials/textures/aruco_mark_6.png
[36.848s] -- Installing: /root/DockerFiles/drone_ws/install/tello_gazebo/share/tello_gazebo/models/marker_6/materials/textures/aruco_mark_6.svg
[36.848s] -- Installing: /root/DockerFiles/drone_ws/install/tello_gazebo/share/tello_gazebo/models/marker_6/materials/scripts
[36.848s] -- Installing: /root/DockerFiles/drone_ws/install/tello_gazebo/share/tello_gazebo/models/marker_6/materials/scripts/marker_6.material
[36.851s] -- Installing: /root/DockerFiles/drone_ws/install/tello_gazebo/share/tello_gazebo/models/marker_6/model.config
[36.852s] -- Installing: /root/DockerFiles/drone_ws/install/tello_gazebo/share/tello_gazebo/models/marker_6/model.sdf
[36.852s] -- Installing: /root/DockerFiles/drone_ws/install/tello_gazebo/share/tello_gazebo/models/marker_3
[36.852s] -- Installing: /root/DockerFiles/drone_ws/install/tello_gazebo/share/tello_gazebo/models/marker_3/materials
[36.852s] -- Installing: /root/DockerFiles/drone_ws/install/tello_gazebo/share/tello_gazebo/models/marker_3/materials/textures
[36.852s] -- Installing: /root/DockerFiles/drone_ws/install/tello_gazebo/share/tello_gazebo/models/marker_3/materials/textures/aruco_mark_3.png
[36.853s] -- Installing: /root/DockerFiles/drone_ws/install/tello_gazebo/share/tello_gazebo/models/marker_3/materials/textures/aruco_mark_3.svg
[36.853s] -- Installing: /root/DockerFiles/drone_ws/install/tello_gazebo/share/tello_gazebo/models/marker_3/materials/scripts
[36.853s] -- Installing: /root/DockerFiles/drone_ws/install/tello_gazebo/share/tello_gazebo/models/marker_3/materials/scripts/marker_3.material
[36.854s] -- Installing: /root/DockerFiles/drone_ws/install/tello_gazebo/share/tello_gazebo/models/marker_3/model.config
[36.854s] -- Installing: /root/DockerFiles/drone_ws/install/tello_gazebo/share/tello_gazebo/models/marker_3/model.sdf
[36.854s] -- Installing: /root/DockerFiles/drone_ws/install/tello_gazebo/share/tello_gazebo/worlds
[36.854s] -- Installing: /root/DockerFiles/drone_ws/install/tello_gazebo/share/tello_gazebo/worlds/f2_map.yaml
[36.855s] -- Installing: /root/DockerFiles/drone_ws/install/tello_gazebo/share/tello_gazebo/worlds/build_world.py
[36.855s] -- Installing: /root/DockerFiles/drone_ws/install/tello_gazebo/share/tello_gazebo/worlds/fiducial.world
[36.855s] -- Installing: /root/DockerFiles/drone_ws/install/tello_gazebo/share/tello_gazebo/worlds/simple.world
[36.856s] -- Installing: /root/DockerFiles/drone_ws/install/tello_gazebo/share/tello_gazebo/worlds/fiducial_map.yaml
[36.856s] -- Installing: /root/DockerFiles/drone_ws/install/tello_gazebo/share/tello_gazebo/worlds/f2.world
[36.856s] -- Installing: /root/DockerFiles/drone_ws/install/tello_gazebo/share/tello_gazebo/launch
[36.857s] -- Installing: /root/DockerFiles/drone_ws/install/tello_gazebo/share/tello_gazebo/launch/vlam_launch.py
[36.857s] -- Installing: /root/DockerFiles/drone_ws/install/tello_gazebo/share/tello_gazebo/launch/simple_launch.py
[36.857s] -- Installing: /root/DockerFiles/drone_ws/install/tello_gazebo/lib/tello_gazebo/inject_entity.py
[36.858s] -- Installing: /root/DockerFiles/drone_ws/install/tello_gazebo/share/ament_index/resource_index/package_run_dependencies/tello_gazebo
[36.858s] -- Installing: /root/DockerFiles/drone_ws/install/tello_gazebo/share/ament_index/resource_index/parent_prefix_path/tello_gazebo
[36.859s] -- Installing: /root/DockerFiles/drone_ws/install/tello_gazebo/share/tello_gazebo/environment/ament_prefix_path.sh
[36.860s] -- Installing: /root/DockerFiles/drone_ws/install/tello_gazebo/share/tello_gazebo/environment/ament_prefix_path.dsv
[36.861s] -- Installing: /root/DockerFiles/drone_ws/install/tello_gazebo/share/tello_gazebo/environment/path.sh
[36.862s] -- Installing: /root/DockerFiles/drone_ws/install/tello_gazebo/share/tello_gazebo/environment/path.dsv
[36.862s] -- Installing: /root/DockerFiles/drone_ws/install/tello_gazebo/share/tello_gazebo/local_setup.bash
[36.862s] -- Installing: /root/DockerFiles/drone_ws/install/tello_gazebo/share/tello_gazebo/local_setup.sh
[36.864s] -- Installing: /root/DockerFiles/drone_ws/install/tello_gazebo/share/tello_gazebo/local_setup.zsh
[36.864s] -- Installing: /root/DockerFiles/drone_ws/install/tello_gazebo/share/tello_gazebo/local_setup.dsv
[36.865s] -- Installing: /root/DockerFiles/drone_ws/install/tello_gazebo/share/tello_gazebo/package.dsv
[36.865s] -- Installing: /root/DockerFiles/drone_ws/install/tello_gazebo/share/ament_index/resource_index/packages/tello_gazebo
[36.865s] -- Installing: /root/DockerFiles/drone_ws/install/tello_gazebo/share/tello_gazebo/cmake/tello_gazeboConfig.cmake
[36.865s] -- Installing: /root/DockerFiles/drone_ws/install/tello_gazebo/share/tello_gazebo/cmake/tello_gazeboConfig-version.cmake
[36.866s] -- Installing: /root/DockerFiles/drone_ws/install/tello_gazebo/share/tello_gazebo/package.xml
[36.872s] Invoked command in '/root/DockerFiles/drone_ws/build/tello_gazebo' returned '0': AMENT_PREFIX_PATH=/root/DockerFiles/drone_ws/install/tello_msgs:${AMENT_PREFIX_PATH} CMAKE_PREFIX_PATH=/root/DockerFiles/drone_ws/install/tello_msgs:/opt/ros/foxy LD_LIBRARY_PATH=/root/DockerFiles/drone_ws/install/tello_msgs/lib:${LD_LIBRARY_PATH} PYTHONPATH=/root/DockerFiles/drone_ws/install/tello_msgs/lib/python3.8/site-packages:${PYTHONPATH} /usr/bin/cmake --install /root/DockerFiles/drone_ws/build/tello_gazebo
