[0.036s] Invoking command in '/root/DockerFiles/drone_ws/build/tello_driver': AMENT_PREFIX_PATH=/root/DockerFiles/drone_ws/install/tello_msgs:/root/DockerFiles/drone_ws/install/ros2_shared:${AMENT_PREFIX_PATH} CMAKE_PREFIX_PATH=/root/DockerFiles/drone_ws/install/tello_msgs:/root/DockerFiles/drone_ws/install/ros2_shared:/opt/ros/foxy LD_LIBRARY_PATH=/root/DockerFiles/drone_ws/install/tello_msgs/lib:${LD_LIBRARY_PATH} PYTHONPATH=/root/DockerFiles/drone_ws/install/tello_msgs/lib/python3.8/site-packages:${PYTHONPATH} /usr/bin/cmake /root/DockerFiles/drone_ws/src/tello_ros/tello_driver -DCMAKE_INSTALL_PREFIX=/root/DockerFiles/drone_ws/install/tello_driver
[0.157s] -- The C compiler identification is GNU 9.4.0
[0.301s] -- The CXX compiler identification is GNU 9.4.0
[0.307s] -- Check for working C compiler: /usr/bin/cc
[0.498s] -- Check for working C compiler: /usr/bin/cc -- works
[0.498s] -- Detecting C compiler ABI info
[0.644s] -- Detecting C compiler ABI info - done
[0.662s] -- Detecting C compile features
[0.664s] -- Detecting C compile features - done
[0.666s] -- Check for working CXX compiler: /usr/bin/c++
[0.814s] -- Check for working CXX compiler: /usr/bin/c++ -- works
[0.816s] -- Detecting CXX compiler ABI info
[0.985s] -- Detecting CXX compiler ABI info - done
[0.997s] -- Detecting CXX compile features
[0.998s] -- Detecting CXX compile features - done
[1.004s] -- Found ament_cmake: 0.9.12 (/opt/ros/foxy/share/ament_cmake/cmake)
[1.050s] -- Found PythonInterp: /usr/bin/python3 (found suitable version "3.8.10", minimum required is "3") 
[1.050s] -- Using PYTHON_EXECUTABLE: /usr/bin/python3
[1.347s] -- Found camera_calibration_parsers: 2.4.0 (/opt/ros/foxy/share/camera_calibration_parsers/cmake)
[1.450s] -- Using all available rosidl_typesupport_c: rosidl_typesupport_fastrtps_c;rosidl_typesupport_introspection_c
[1.470s] -- Found rosidl_adapter: 1.3.1 (/opt/ros/foxy/share/rosidl_adapter/cmake)
[1.687s] -- Found OpenSSL: /usr/lib/x86_64-linux-gnu/libcrypto.so (found version "1.1.1f")  
[1.780s] -- Found FastRTPS: /opt/ros/foxy/include  
[1.924s] -- Using all available rosidl_typesupport_cpp: rosidl_typesupport_fastrtps_cpp;rosidl_typesupport_introspection_cpp
[2.013s] -- Found rmw_implementation_cmake: 1.0.4 (/opt/ros/foxy/share/rmw_implementation_cmake/cmake)
[2.015s] -- Using RMW implementation 'rmw_fastrtps_cpp' as default
[2.023s] -- Looking for pthread.h
[2.215s] -- Looking for pthread.h - found
[2.215s] -- Performing Test CMAKE_HAVE_LIBC_PTHREAD
[2.404s] -- Performing Test CMAKE_HAVE_LIBC_PTHREAD - Failed
[2.407s] -- Looking for pthread_create in pthreads
[2.518s] -- Looking for pthread_create in pthreads - not found
[2.521s] -- Looking for pthread_create in pthread
[2.757s] -- Looking for pthread_create in pthread - found
[2.757s] -- Found Threads: TRUE  
[3.311s] -- Setting yaml-cpp_DIR to: '/opt/ros/foxy/share/yaml_cpp_vendor/cmake/../../../opt/yaml_cpp_vendor/lib/cmake/yaml-cpp'
[3.323s] -- Found class_loader: 2.0.3 (/opt/ros/foxy/share/class_loader/cmake)
[3.342s] -- Found cv_bridge: 3.0.7 (/opt/ros/foxy/share/cv_bridge/cmake)
[3.396s] -- Found OpenCV: /usr (found version "4.2.0") 
[3.401s] -- Found rclcpp_components: 2.4.3 (/opt/ros/foxy/share/rclcpp_components/cmake)
[3.549s] -- Found ros2_shared: 0.1.0 (/root/DockerFiles/drone_ws/install/ros2_shared/share/ros2_shared/cmake)
[3.558s] -- Found tello_msgs: 0.1.0 (/root/DockerFiles/drone_ws/install/tello_msgs/share/tello_msgs/cmake)
[3.901s] -- Configuring done
[4.062s] -- Generating done
[4.062s] -- Build files have been written to: /root/DockerFiles/drone_ws/build/tello_driver
[4.090s] Invoked command in '/root/DockerFiles/drone_ws/build/tello_driver' returned '0': AMENT_PREFIX_PATH=/root/DockerFiles/drone_ws/install/tello_msgs:/root/DockerFiles/drone_ws/install/ros2_shared:${AMENT_PREFIX_PATH} CMAKE_PREFIX_PATH=/root/DockerFiles/drone_ws/install/tello_msgs:/root/DockerFiles/drone_ws/install/ros2_shared:/opt/ros/foxy LD_LIBRARY_PATH=/root/DockerFiles/drone_ws/install/tello_msgs/lib:${LD_LIBRARY_PATH} PYTHONPATH=/root/DockerFiles/drone_ws/install/tello_msgs/lib/python3.8/site-packages:${PYTHONPATH} /usr/bin/cmake /root/DockerFiles/drone_ws/src/tello_ros/tello_driver -DCMAKE_INSTALL_PREFIX=/root/DockerFiles/drone_ws/install/tello_driver
[4.091s] Invoking command in '/root/DockerFiles/drone_ws/build/tello_driver': AMENT_PREFIX_PATH=/root/DockerFiles/drone_ws/install/tello_msgs:/root/DockerFiles/drone_ws/install/ros2_shared:${AMENT_PREFIX_PATH} CMAKE_PREFIX_PATH=/root/DockerFiles/drone_ws/install/tello_msgs:/root/DockerFiles/drone_ws/install/ros2_shared:/opt/ros/foxy LD_LIBRARY_PATH=/root/DockerFiles/drone_ws/install/tello_msgs/lib:${LD_LIBRARY_PATH} PYTHONPATH=/root/DockerFiles/drone_ws/install/tello_msgs/lib/python3.8/site-packages:${PYTHONPATH} /usr/bin/cmake --build /root/DockerFiles/drone_ws/build/tello_driver -- -j12 -l12
[4.178s] [35m[1mScanning dependencies of target tello_joy_main[0m
[4.492s] [  4%] [32mBuilding CXX object CMakeFiles/tello_joy_main.dir/src/tello_joy_main.cpp.o[0m
[7.595s] [  9%] [32mBuilding CXX object CMakeFiles/tello_joy_main.dir/src/tello_joy_node.cpp.o[0m
[17.927s] [ 13%] [32m[1mLinking CXX executable tello_joy_main[0m
[18.651s] [ 13%] Built target tello_joy_main
[18.666s] [35m[1mScanning dependencies of target tello_joy_node[0m
[18.729s] [ 18%] [32mBuilding CXX object CMakeFiles/tello_joy_node.dir/src/tello_joy_node.cpp.o[0m
[28.285s] [ 22%] [32m[1mLinking CXX shared library libtello_joy_node.so[0m
[29.077s] [ 22%] Built target tello_joy_node
[29.104s] [35m[1mScanning dependencies of target tello_emulator[0m
[29.126s] [ 27%] [32mBuilding CXX object CMakeFiles/tello_emulator.dir/src/tello_emulator.cpp.o[0m
[31.308s] [ 31%] [32m[1mLinking CXX executable tello_emulator[0m
[31.492s] [ 31%] Built target tello_emulator
[31.515s] [35m[1mScanning dependencies of target tello_driver_main[0m
[31.808s] [ 36%] [32mBuilding CXX object CMakeFiles/tello_driver_main.dir/src/tello_driver_main.cpp.o[0m
[36.563s] [ 40%] [32mBuilding CXX object CMakeFiles/tello_driver_main.dir/h264decoder/h264decoder.cpp.o[0m
[36.956s] [ 45%] [32mBuilding CXX object CMakeFiles/tello_driver_main.dir/src/video_socket.cpp.o[0m
[41.955s] [ 50%] [32mBuilding CXX object CMakeFiles/tello_driver_main.dir/src/state_socket.cpp.o[0m
[49.699s] [ 54%] [32mBuilding CXX object CMakeFiles/tello_driver_main.dir/src/command_socket.cpp.o[0m
[54.697s] [ 59%] [32mBuilding CXX object CMakeFiles/tello_driver_main.dir/src/tello_socket.cpp.o[0m
[59.222s] [ 63%] [32mBuilding CXX object CMakeFiles/tello_driver_main.dir/src/tello_driver_node.cpp.o[0m
[73.657s] [ 68%] [32m[1mLinking CXX executable tello_driver_main[0m
[76.345s] [ 68%] Built target tello_driver_main
[76.369s] [35m[1mScanning dependencies of target tello_driver_node[0m
[76.510s] [ 72%] [32mBuilding CXX object CMakeFiles/tello_driver_node.dir/src/tello_driver_node.cpp.o[0m
[89.729s] [ 77%] [32mBuilding CXX object CMakeFiles/tello_driver_node.dir/h264decoder/h264decoder.cpp.o[0m
[90.073s] [ 81%] [32mBuilding CXX object CMakeFiles/tello_driver_node.dir/src/video_socket.cpp.o[0m
[95.183s] [ 86%] [32mBuilding CXX object CMakeFiles/tello_driver_node.dir/src/state_socket.cpp.o[0m
[103.034s] [ 90%] [32mBuilding CXX object CMakeFiles/tello_driver_node.dir/src/command_socket.cpp.o[0m
[107.926s] [ 95%] [32mBuilding CXX object CMakeFiles/tello_driver_node.dir/src/tello_socket.cpp.o[0m
[112.449s] [100%] [32m[1mLinking CXX shared library libtello_driver_node.so[0m
[114.068s] [100%] Built target tello_driver_node
[114.083s] Invoked command in '/root/DockerFiles/drone_ws/build/tello_driver' returned '0': AMENT_PREFIX_PATH=/root/DockerFiles/drone_ws/install/tello_msgs:/root/DockerFiles/drone_ws/install/ros2_shared:${AMENT_PREFIX_PATH} CMAKE_PREFIX_PATH=/root/DockerFiles/drone_ws/install/tello_msgs:/root/DockerFiles/drone_ws/install/ros2_shared:/opt/ros/foxy LD_LIBRARY_PATH=/root/DockerFiles/drone_ws/install/tello_msgs/lib:${LD_LIBRARY_PATH} PYTHONPATH=/root/DockerFiles/drone_ws/install/tello_msgs/lib/python3.8/site-packages:${PYTHONPATH} /usr/bin/cmake --build /root/DockerFiles/drone_ws/build/tello_driver -- -j12 -l12
[114.165s] Invoking command in '/root/DockerFiles/drone_ws/build/tello_driver': AMENT_PREFIX_PATH=/root/DockerFiles/drone_ws/install/tello_msgs:/root/DockerFiles/drone_ws/install/ros2_shared:${AMENT_PREFIX_PATH} CMAKE_PREFIX_PATH=/root/DockerFiles/drone_ws/install/tello_msgs:/root/DockerFiles/drone_ws/install/ros2_shared:/opt/ros/foxy LD_LIBRARY_PATH=/root/DockerFiles/drone_ws/install/tello_msgs/lib:${LD_LIBRARY_PATH} PYTHONPATH=/root/DockerFiles/drone_ws/install/tello_msgs/lib/python3.8/site-packages:${PYTHONPATH} /usr/bin/cmake --install /root/DockerFiles/drone_ws/build/tello_driver
[114.182s] -- Install configuration: ""
[114.182s] -- Installing: /root/DockerFiles/drone_ws/install/tello_driver/share/tello_driver/environment/library_path.sh
[114.182s] -- Installing: /root/DockerFiles/drone_ws/install/tello_driver/share/tello_driver/environment/library_path.dsv
[114.182s] -- Installing: /root/DockerFiles/drone_ws/install/tello_driver/lib/libtello_driver_node.so
[114.190s] -- Set runtime path of "/root/DockerFiles/drone_ws/install/tello_driver/lib/libtello_driver_node.so" to ""
[114.190s] -- Installing: /root/DockerFiles/drone_ws/install/tello_driver/lib/libtello_joy_node.so
[114.197s] -- Set runtime path of "/root/DockerFiles/drone_ws/install/tello_driver/lib/libtello_joy_node.so" to ""
[114.197s] -- Installing: /root/DockerFiles/drone_ws/install/tello_driver/lib/tello_driver/tello_driver_main
[114.202s] -- Set runtime path of "/root/DockerFiles/drone_ws/install/tello_driver/lib/tello_driver/tello_driver_main" to ""
[114.203s] -- Installing: /root/DockerFiles/drone_ws/install/tello_driver/lib/tello_driver/tello_joy_main
[114.206s] -- Set runtime path of "/root/DockerFiles/drone_ws/install/tello_driver/lib/tello_driver/tello_joy_main" to ""
[114.207s] -- Installing: /root/DockerFiles/drone_ws/install/tello_driver/lib/tello_driver/tello_emulator
[114.208s] -- Installing: /root/DockerFiles/drone_ws/install/tello_driver/share/tello_driver/cfg
[114.212s] -- Installing: /root/DockerFiles/drone_ws/install/tello_driver/share/tello_driver/cfg/camera_info.yaml
[114.215s] -- Installing: /root/DockerFiles/drone_ws/install/tello_driver/share/tello_driver/launch
[114.215s] -- Installing: /root/DockerFiles/drone_ws/install/tello_driver/share/tello_driver/launch/teleop_launch.py
[114.215s] -- Installing: /root/DockerFiles/drone_ws/install/tello_driver/share/tello_driver/launch/emulators_launch.py
[114.215s] -- Installing: /root/DockerFiles/drone_ws/install/tello_driver/share/tello_driver/launch/emulator_launch.py
[114.215s] -- Installing: /root/DockerFiles/drone_ws/install/tello_driver/share/ament_index/resource_index/package_run_dependencies/tello_driver
[114.215s] -- Installing: /root/DockerFiles/drone_ws/install/tello_driver/share/ament_index/resource_index/parent_prefix_path/tello_driver
[114.215s] -- Installing: /root/DockerFiles/drone_ws/install/tello_driver/share/tello_driver/environment/ament_prefix_path.sh
[114.215s] -- Installing: /root/DockerFiles/drone_ws/install/tello_driver/share/tello_driver/environment/ament_prefix_path.dsv
[114.216s] -- Installing: /root/DockerFiles/drone_ws/install/tello_driver/share/tello_driver/environment/path.sh
[114.216s] -- Installing: /root/DockerFiles/drone_ws/install/tello_driver/share/tello_driver/environment/path.dsv
[114.216s] -- Installing: /root/DockerFiles/drone_ws/install/tello_driver/share/tello_driver/local_setup.bash
[114.216s] -- Installing: /root/DockerFiles/drone_ws/install/tello_driver/share/tello_driver/local_setup.sh
[114.216s] -- Installing: /root/DockerFiles/drone_ws/install/tello_driver/share/tello_driver/local_setup.zsh
[114.216s] -- Installing: /root/DockerFiles/drone_ws/install/tello_driver/share/tello_driver/local_setup.dsv
[114.217s] -- Installing: /root/DockerFiles/drone_ws/install/tello_driver/share/tello_driver/package.dsv
[114.217s] -- Installing: /root/DockerFiles/drone_ws/install/tello_driver/share/ament_index/resource_index/packages/tello_driver
[114.223s] -- Installing: /root/DockerFiles/drone_ws/install/tello_driver/share/ament_index/resource_index/rclcpp_components/tello_driver
[114.223s] -- Installing: /root/DockerFiles/drone_ws/install/tello_driver/share/tello_driver/cmake/tello_driverConfig.cmake
[114.223s] -- Installing: /root/DockerFiles/drone_ws/install/tello_driver/share/tello_driver/cmake/tello_driverConfig-version.cmake
[114.223s] -- Installing: /root/DockerFiles/drone_ws/install/tello_driver/share/tello_driver/package.xml
[114.227s] Invoked command in '/root/DockerFiles/drone_ws/build/tello_driver' returned '0': AMENT_PREFIX_PATH=/root/DockerFiles/drone_ws/install/tello_msgs:/root/DockerFiles/drone_ws/install/ros2_shared:${AMENT_PREFIX_PATH} CMAKE_PREFIX_PATH=/root/DockerFiles/drone_ws/install/tello_msgs:/root/DockerFiles/drone_ws/install/ros2_shared:/opt/ros/foxy LD_LIBRARY_PATH=/root/DockerFiles/drone_ws/install/tello_msgs/lib:${LD_LIBRARY_PATH} PYTHONPATH=/root/DockerFiles/drone_ws/install/tello_msgs/lib/python3.8/site-packages:${PYTHONPATH} /usr/bin/cmake --install /root/DockerFiles/drone_ws/build/tello_driver
