[2.296s] Invoking command in '/root/DockerFiles/drone_ws/src/tello_mission': PYTHONPATH=/root/DockerFiles/drone_ws/build/tello_mission/prefix_override:/root/DockerFiles/drone_ws/install/tello_mission/lib/python3.8/site-packages:${PYTHONPATH} /usr/bin/python3 setup.py egg_info --egg-base ../../build/tello_mission build --build-base /root/DockerFiles/drone_ws/build/tello_mission/build install --record /root/DockerFiles/drone_ws/build/tello_mission/install.log --single-version-externally-managed
[2.681s] running egg_info
[2.685s] writing ../../build/tello_mission/tello_mission.egg-info/PKG-INFO
[2.685s] writing dependency_links to ../../build/tello_mission/tello_mission.egg-info/dependency_links.txt
[2.685s] writing entry points to ../../build/tello_mission/tello_mission.egg-info/entry_points.txt
[2.685s] writing requirements to ../../build/tello_mission/tello_mission.egg-info/requires.txt
[2.685s] writing top-level names to ../../build/tello_mission/tello_mission.egg-info/top_level.txt
[2.736s] reading manifest file '../../build/tello_mission/tello_mission.egg-info/SOURCES.txt'
[2.738s] writing manifest file '../../build/tello_mission/tello_mission.egg-info/SOURCES.txt'
[2.738s] running build
[2.738s] running build_py
[2.738s] running install
[2.739s] running install_lib
[2.742s] running install_data
[2.742s] running install_egg_info
[2.746s] removing '/root/DockerFiles/drone_ws/install/tello_mission/lib/python3.8/site-packages/tello_mission-0.0.1-py3.8.egg-info' (and everything under it)
[2.749s] Copying ../../build/tello_mission/tello_mission.egg-info to /root/DockerFiles/drone_ws/install/tello_mission/lib/python3.8/site-packages/tello_mission-0.0.1-py3.8.egg-info
[2.754s] running install_scripts
[2.785s] Installing tello_mission script to /root/DockerFiles/drone_ws/install/tello_mission/lib/tello_mission
[2.785s] writing list of installed files to '/root/DockerFiles/drone_ws/build/tello_mission/install.log'
[2.863s] Invoked command in '/root/DockerFiles/drone_ws/src/tello_mission' returned '0': PYTHONPATH=/root/DockerFiles/drone_ws/build/tello_mission/prefix_override:/root/DockerFiles/drone_ws/install/tello_mission/lib/python3.8/site-packages:${PYTHONPATH} /usr/bin/python3 setup.py egg_info --egg-base ../../build/tello_mission build --build-base /root/DockerFiles/drone_ws/build/tello_mission/build install --record /root/DockerFiles/drone_ws/build/tello_mission/install.log --single-version-externally-managed
