[0.079s] Invoking command in '/root/DockerFiles/drone_ws/build/ros2_shared': CMAKE_PREFIX_PATH=${CMAKE_PREFIX_PATH}:/root/DockerFiles/drone_ws/install/tello_hand_move:/root/DockerFiles/drone_ws/install/tello_camera:/opt/ros/foxy:/root/DockerFiles/install/tello_camera /usr/bin/cmake /root/DockerFiles/drone_ws/src/ros2_shared -DCMAKE_INSTALL_PREFIX=/root/DockerFiles/drone_ws/install/ros2_shared
[0.741s] -- The C compiler identification is GNU 9.4.0
[0.741s] -- The CXX compiler identification is GNU 9.4.0
[0.741s] -- Check for working C compiler: /usr/bin/cc
[0.742s] -- Check for working C compiler: /usr/bin/cc -- works
[0.742s] -- Detecting C compiler ABI info
[0.742s] -- Detecting C compiler ABI info - done
[0.742s] -- Detecting C compile features
[0.742s] -- Detecting C compile features - done
[0.744s] -- Check for working CXX compiler: /usr/bin/c++
[0.745s] -- Check for working CXX compiler: /usr/bin/c++ -- works
[0.745s] -- Detecting CXX compiler ABI info
[0.813s] -- Detecting CXX compiler ABI info - done
[0.830s] -- Detecting CXX compile features
[0.831s] -- Detecting CXX compile features - done
[0.835s] -- Found ament_cmake: 0.9.12 (/opt/ros/foxy/share/ament_cmake/cmake)
[0.871s] -- Found PythonInterp: /usr/bin/python3 (found suitable version "3.8.10", minimum required is "3") 
[0.873s] -- Using PYTHON_EXECUTABLE: /usr/bin/python3
[1.136s] -- Found rclcpp: 2.4.3 (/opt/ros/foxy/share/rclcpp/cmake)
[1.214s] -- Using all available rosidl_typesupport_c: rosidl_typesupport_fastrtps_c;rosidl_typesupport_introspection_c
[1.222s] -- Found rosidl_adapter: 1.3.1 (/opt/ros/foxy/share/rosidl_adapter/cmake)
[1.394s] -- Found OpenSSL: /usr/lib/x86_64-linux-gnu/libcrypto.so (found version "1.1.1f")  
[1.449s] -- Found FastRTPS: /opt/ros/foxy/include  
[1.594s] -- Using all available rosidl_typesupport_cpp: rosidl_typesupport_fastrtps_cpp;rosidl_typesupport_introspection_cpp
[1.673s] -- Found rmw_implementation_cmake: 1.0.4 (/opt/ros/foxy/share/rmw_implementation_cmake/cmake)
[1.675s] -- Using RMW implementation 'rmw_fastrtps_cpp' as default
[1.678s] -- Looking for pthread.h
[1.883s] -- Looking for pthread.h - found
[1.884s] -- Performing Test CMAKE_HAVE_LIBC_PTHREAD
[2.014s] -- Performing Test CMAKE_HAVE_LIBC_PTHREAD - Failed
[2.014s] -- Looking for pthread_create in pthreads
[2.119s] -- Looking for pthread_create in pthreads - not found
[2.119s] -- Looking for pthread_create in pthread
[2.228s] -- Looking for pthread_create in pthread - found
[2.233s] -- Found Threads: TRUE  
[2.583s] -- Configuring done
[2.602s] -- Generating done
[2.603s] -- Build files have been written to: /root/DockerFiles/drone_ws/build/ros2_shared
[2.618s] Invoked command in '/root/DockerFiles/drone_ws/build/ros2_shared' returned '0': CMAKE_PREFIX_PATH=${CMAKE_PREFIX_PATH}:/root/DockerFiles/drone_ws/install/tello_hand_move:/root/DockerFiles/drone_ws/install/tello_camera:/opt/ros/foxy:/root/DockerFiles/install/tello_camera /usr/bin/cmake /root/DockerFiles/drone_ws/src/ros2_shared -DCMAKE_INSTALL_PREFIX=/root/DockerFiles/drone_ws/install/ros2_shared
[2.619s] Invoking command in '/root/DockerFiles/drone_ws/build/ros2_shared': CMAKE_PREFIX_PATH=${CMAKE_PREFIX_PATH}:/root/DockerFiles/drone_ws/install/tello_hand_move:/root/DockerFiles/drone_ws/install/tello_camera:/opt/ros/foxy:/root/DockerFiles/install/tello_camera /usr/bin/cmake --build /root/DockerFiles/drone_ws/build/ros2_shared -- -j12 -l12
[2.715s] Invoked command in '/root/DockerFiles/drone_ws/build/ros2_shared' returned '0': CMAKE_PREFIX_PATH=${CMAKE_PREFIX_PATH}:/root/DockerFiles/drone_ws/install/tello_hand_move:/root/DockerFiles/drone_ws/install/tello_camera:/opt/ros/foxy:/root/DockerFiles/install/tello_camera /usr/bin/cmake --build /root/DockerFiles/drone_ws/build/ros2_shared -- -j12 -l12
[2.768s] Invoking command in '/root/DockerFiles/drone_ws/build/ros2_shared': CMAKE_PREFIX_PATH=${CMAKE_PREFIX_PATH}:/root/DockerFiles/drone_ws/install/tello_hand_move:/root/DockerFiles/drone_ws/install/tello_camera:/opt/ros/foxy:/root/DockerFiles/install/tello_camera /usr/bin/cmake --install /root/DockerFiles/drone_ws/build/ros2_shared
[2.779s] -- Install configuration: ""
[2.779s] -- Installing: /root/DockerFiles/drone_ws/install/ros2_shared/include
[2.780s] -- Installing: /root/DockerFiles/drone_ws/install/ros2_shared/include/ros2_shared
[2.780s] -- Installing: /root/DockerFiles/drone_ws/install/ros2_shared/include/ros2_shared/context_macros.hpp
[2.780s] -- Installing: /root/DockerFiles/drone_ws/install/ros2_shared/include/ros2_shared/string_printf.hpp
[2.780s] -- Installing: /root/DockerFiles/drone_ws/install/ros2_shared/include/ros2_shared/param_macros.hpp
[2.782s] -- Installing: /root/DockerFiles/drone_ws/install/ros2_shared/share/ament_index/resource_index/package_run_dependencies/ros2_shared
[2.785s] -- Installing: /root/DockerFiles/drone_ws/install/ros2_shared/share/ament_index/resource_index/parent_prefix_path/ros2_shared
[2.786s] -- Installing: /root/DockerFiles/drone_ws/install/ros2_shared/share/ros2_shared/environment/ament_prefix_path.sh
[2.786s] -- Installing: /root/DockerFiles/drone_ws/install/ros2_shared/share/ros2_shared/environment/ament_prefix_path.dsv
[2.786s] -- Installing: /root/DockerFiles/drone_ws/install/ros2_shared/share/ros2_shared/environment/path.sh
[2.786s] -- Installing: /root/DockerFiles/drone_ws/install/ros2_shared/share/ros2_shared/environment/path.dsv
[2.787s] -- Installing: /root/DockerFiles/drone_ws/install/ros2_shared/share/ros2_shared/local_setup.bash
[2.790s] -- Installing: /root/DockerFiles/drone_ws/install/ros2_shared/share/ros2_shared/local_setup.sh
[2.790s] -- Installing: /root/DockerFiles/drone_ws/install/ros2_shared/share/ros2_shared/local_setup.zsh
[2.790s] -- Installing: /root/DockerFiles/drone_ws/install/ros2_shared/share/ros2_shared/local_setup.dsv
[2.791s] -- Installing: /root/DockerFiles/drone_ws/install/ros2_shared/share/ros2_shared/package.dsv
[2.791s] -- Installing: /root/DockerFiles/drone_ws/install/ros2_shared/share/ament_index/resource_index/packages/ros2_shared
[2.791s] -- Installing: /root/DockerFiles/drone_ws/install/ros2_shared/share/ros2_shared/cmake/ros2_shared_targetsExport.cmake
[2.791s] -- Installing: /root/DockerFiles/drone_ws/install/ros2_shared/share/ros2_shared/cmake/ament_cmake_export_targets-extras.cmake
[2.791s] -- Installing: /root/DockerFiles/drone_ws/install/ros2_shared/share/ros2_shared/cmake/ament_cmake_export_dependencies-extras.cmake
[2.791s] -- Installing: /root/DockerFiles/drone_ws/install/ros2_shared/share/ros2_shared/cmake/ros2_sharedConfig.cmake
[2.791s] -- Installing: /root/DockerFiles/drone_ws/install/ros2_shared/share/ros2_shared/cmake/ros2_sharedConfig-version.cmake
[2.791s] -- Installing: /root/DockerFiles/drone_ws/install/ros2_shared/share/ros2_shared/package.xml
[2.791s] Invoked command in '/root/DockerFiles/drone_ws/build/ros2_shared' returned '0': CMAKE_PREFIX_PATH=${CMAKE_PREFIX_PATH}:/root/DockerFiles/drone_ws/install/tello_hand_move:/root/DockerFiles/drone_ws/install/tello_camera:/opt/ros/foxy:/root/DockerFiles/install/tello_camera /usr/bin/cmake --install /root/DockerFiles/drone_ws/build/ros2_shared
