running egg_info
writing ../../build/tello_camera/tello_camera.egg-info/PKG-INFO
writing dependency_links to ../../build/tello_camera/tello_camera.egg-info/dependency_links.txt
writing entry points to ../../build/tello_camera/tello_camera.egg-info/entry_points.txt
writing requirements to ../../build/tello_camera/tello_camera.egg-info/requires.txt
writing top-level names to ../../build/tello_camera/tello_camera.egg-info/top_level.txt
reading manifest file '../../build/tello_camera/tello_camera.egg-info/SOURCES.txt'
writing manifest file '../../build/tello_camera/tello_camera.egg-info/SOURCES.txt'
running build
running build_py
copying tello_camera/tello_camera_hough.py -> /root/DockerFiles/drone_ws/build/tello_camera/build/lib/tello_camera
copying tello_camera/tello_camera_contour.py -> /root/DockerFiles/drone_ws/build/tello_camera/build/lib/tello_camera
running install
running install_lib
copying /root/DockerFiles/drone_ws/build/tello_camera/build/lib/tello_camera/tello_camera_hough.py -> /root/DockerFiles/drone_ws/install/tello_camera/lib/python3.8/site-packages/tello_camera
copying /root/DockerFiles/drone_ws/build/tello_camera/build/lib/tello_camera/tello_camera_contour.py -> /root/DockerFiles/drone_ws/install/tello_camera/lib/python3.8/site-packages/tello_camera
byte-compiling /root/DockerFiles/drone_ws/install/tello_camera/lib/python3.8/site-packages/tello_camera/tello_camera_hough.py to tello_camera_hough.cpython-38.pyc
byte-compiling /root/DockerFiles/drone_ws/install/tello_camera/lib/python3.8/site-packages/tello_camera/tello_camera_contour.py to tello_camera_contour.cpython-38.pyc
running install_data
error: can't copy 'resource/tello_camera': doesn't exist or not a regular file
