[1.225s] Invoking command in '/root/DockerFiles/drone_ws/src/tello_camera': PYTHONPATH=/root/DockerFiles/drone_ws/build/tello_camera/prefix_override:/root/DockerFiles/drone_ws/install/tello_camera/lib/python3.8/site-packages:${PYTHONPATH} /usr/bin/python3 setup.py egg_info --egg-base ../../build/tello_camera build --build-base /root/DockerFiles/drone_ws/build/tello_camera/build install --record /root/DockerFiles/drone_ws/build/tello_camera/install.log --single-version-externally-managed
[1.442s] running egg_info
[1.443s] writing ../../build/tello_camera/tello_camera.egg-info/PKG-INFO
[1.443s] writing dependency_links to ../../build/tello_camera/tello_camera.egg-info/dependency_links.txt
[1.443s] writing entry points to ../../build/tello_camera/tello_camera.egg-info/entry_points.txt
[1.443s] writing requirements to ../../build/tello_camera/tello_camera.egg-info/requires.txt
[1.443s] writing top-level names to ../../build/tello_camera/tello_camera.egg-info/top_level.txt
[1.477s] reading manifest file '../../build/tello_camera/tello_camera.egg-info/SOURCES.txt'
[1.478s] writing manifest file '../../build/tello_camera/tello_camera.egg-info/SOURCES.txt'
[1.478s] running build
[1.478s] running build_py
[1.479s] copying tello_camera/tello_camera_hough.py -> /root/DockerFiles/drone_ws/build/tello_camera/build/lib/tello_camera
[1.479s] copying tello_camera/tello_camera_contour.py -> /root/DockerFiles/drone_ws/build/tello_camera/build/lib/tello_camera
[1.479s] running install
[1.479s] running install_lib
[1.480s] copying /root/DockerFiles/drone_ws/build/tello_camera/build/lib/tello_camera/tello_camera_hough.py -> /root/DockerFiles/drone_ws/install/tello_camera/lib/python3.8/site-packages/tello_camera
[1.481s] copying /root/DockerFiles/drone_ws/build/tello_camera/build/lib/tello_camera/tello_camera_contour.py -> /root/DockerFiles/drone_ws/install/tello_camera/lib/python3.8/site-packages/tello_camera
[1.481s] byte-compiling /root/DockerFiles/drone_ws/install/tello_camera/lib/python3.8/site-packages/tello_camera/tello_camera_hough.py to tello_camera_hough.cpython-38.pyc
[1.483s] byte-compiling /root/DockerFiles/drone_ws/install/tello_camera/lib/python3.8/site-packages/tello_camera/tello_camera_contour.py to tello_camera_contour.cpython-38.pyc
[1.484s] running install_data
[1.485s] error: can't copy 'resource/tello_camera': doesn't exist or not a regular file
[1.504s] Invoked command in '/root/DockerFiles/drone_ws/src/tello_camera' returned '1': PYTHONPATH=/root/DockerFiles/drone_ws/build/tello_camera/prefix_override:/root/DockerFiles/drone_ws/install/tello_camera/lib/python3.8/site-packages:${PYTHONPATH} /usr/bin/python3 setup.py egg_info --egg-base ../../build/tello_camera build --build-base /root/DockerFiles/drone_ws/build/tello_camera/build install --record /root/DockerFiles/drone_ws/build/tello_camera/install.log --single-version-externally-managed
