[3.188s] Invoking command in '/root/DockerFiles/drone_ws/src/tello_camera': PYTHONPATH=/root/DockerFiles/drone_ws/build/tello_camera/prefix_override:/root/DockerFiles/drone_ws/install/tello_camera/lib/python3.8/site-packages:${PYTHONPATH} /usr/bin/python3 setup.py egg_info --egg-base ../../build/tello_camera build --build-base /root/DockerFiles/drone_ws/build/tello_camera/build install --record /root/DockerFiles/drone_ws/build/tello_camera/install.log --single-version-externally-managed
[3.627s] running egg_info
[3.627s] writing ../../build/tello_camera/tello_camera.egg-info/PKG-INFO
[3.628s] writing dependency_links to ../../build/tello_camera/tello_camera.egg-info/dependency_links.txt
[3.628s] writing entry points to ../../build/tello_camera/tello_camera.egg-info/entry_points.txt
[3.628s] writing requirements to ../../build/tello_camera/tello_camera.egg-info/requires.txt
[3.628s] writing top-level names to ../../build/tello_camera/tello_camera.egg-info/top_level.txt
[3.652s] reading manifest file '../../build/tello_camera/tello_camera.egg-info/SOURCES.txt'
[3.653s] writing manifest file '../../build/tello_camera/tello_camera.egg-info/SOURCES.txt'
[3.654s] running build
[3.655s] running build_py
[3.656s] copying tello_camera/tello_camera.py -> /root/DockerFiles/drone_ws/build/tello_camera/build/lib/tello_camera
[3.657s] running install
[3.659s] running install_lib
[3.659s] copying /root/DockerFiles/drone_ws/build/tello_camera/build/lib/tello_camera/tello_camera.py -> /root/DockerFiles/drone_ws/install/tello_camera/lib/python3.8/site-packages/tello_camera
[3.660s] byte-compiling /root/DockerFiles/drone_ws/install/tello_camera/lib/python3.8/site-packages/tello_camera/tello_camera.py to tello_camera.cpython-38.pyc
[3.661s] running install_data
[3.663s] running install_egg_info
[3.664s] removing '/root/DockerFiles/drone_ws/install/tello_camera/lib/python3.8/site-packages/tello_camera-0.0.1-py3.8.egg-info' (and everything under it)
[3.664s] Copying ../../build/tello_camera/tello_camera.egg-info to /root/DockerFiles/drone_ws/install/tello_camera/lib/python3.8/site-packages/tello_camera-0.0.1-py3.8.egg-info
[3.665s] running install_scripts
[3.701s] Installing tello_camera script to /root/DockerFiles/drone_ws/install/tello_camera/lib/tello_camera
[3.701s] writing list of installed files to '/root/DockerFiles/drone_ws/build/tello_camera/install.log'
[3.781s] Invoked command in '/root/DockerFiles/drone_ws/src/tello_camera' returned '0': PYTHONPATH=/root/DockerFiles/drone_ws/build/tello_camera/prefix_override:/root/DockerFiles/drone_ws/install/tello_camera/lib/python3.8/site-packages:${PYTHONPATH} /usr/bin/python3 setup.py egg_info --egg-base ../../build/tello_camera build --build-base /root/DockerFiles/drone_ws/build/tello_camera/build install --record /root/DockerFiles/drone_ws/build/tello_camera/install.log --single-version-externally-managed
