[2.761s] Invoking command in '/root/DockerFiles/drone_ws/src/tello_camera': PYTHONPATH=/root/DockerFiles/drone_ws/build/tello_camera/prefix_override:/root/DockerFiles/drone_ws/install/tello_camera/lib/python3.8/site-packages:${PYTHONPATH} /usr/bin/python3 setup.py egg_info --egg-base ../../build/tello_camera build --build-base /root/DockerFiles/drone_ws/build/tello_camera/build install --record /root/DockerFiles/drone_ws/build/tello_camera/install.log --single-version-externally-managed
[3.372s] running egg_info
[3.373s] creating ../../build/tello_camera/tello_camera.egg-info
[3.373s] writing ../../build/tello_camera/tello_camera.egg-info/PKG-INFO
[3.374s] writing dependency_links to ../../build/tello_camera/tello_camera.egg-info/dependency_links.txt
[3.374s] writing entry points to ../../build/tello_camera/tello_camera.egg-info/entry_points.txt
[3.374s] writing requirements to ../../build/tello_camera/tello_camera.egg-info/requires.txt
[3.374s] writing top-level names to ../../build/tello_camera/tello_camera.egg-info/top_level.txt
[3.383s] writing manifest file '../../build/tello_camera/tello_camera.egg-info/SOURCES.txt'
[3.507s] reading manifest file '../../build/tello_camera/tello_camera.egg-info/SOURCES.txt'
[3.510s] writing manifest file '../../build/tello_camera/tello_camera.egg-info/SOURCES.txt'
[3.510s] running build
[3.510s] running build_py
[3.510s] creating /root/DockerFiles/drone_ws/build/tello_camera/build
[3.510s] creating /root/DockerFiles/drone_ws/build/tello_camera/build/lib
[3.510s] creating /root/DockerFiles/drone_ws/build/tello_camera/build/lib/tello_camera
[3.510s] copying tello_camera/tello_camera_hough.py -> /root/DockerFiles/drone_ws/build/tello_camera/build/lib/tello_camera
[3.511s] copying tello_camera/__init__.py -> /root/DockerFiles/drone_ws/build/tello_camera/build/lib/tello_camera
[3.512s] copying tello_camera/tello_camera_contour.py -> /root/DockerFiles/drone_ws/build/tello_camera/build/lib/tello_camera
[3.512s] running install
[3.519s] running install_lib
[3.534s] creating /root/DockerFiles/drone_ws/install/tello_camera/lib/python3.8/site-packages/tello_camera
[3.534s] copying /root/DockerFiles/drone_ws/build/tello_camera/build/lib/tello_camera/tello_camera_hough.py -> /root/DockerFiles/drone_ws/install/tello_camera/lib/python3.8/site-packages/tello_camera
[3.534s] copying /root/DockerFiles/drone_ws/build/tello_camera/build/lib/tello_camera/__init__.py -> /root/DockerFiles/drone_ws/install/tello_camera/lib/python3.8/site-packages/tello_camera
[3.537s] copying /root/DockerFiles/drone_ws/build/tello_camera/build/lib/tello_camera/tello_camera_contour.py -> /root/DockerFiles/drone_ws/install/tello_camera/lib/python3.8/site-packages/tello_camera
[3.537s] byte-compiling /root/DockerFiles/drone_ws/install/tello_camera/lib/python3.8/site-packages/tello_camera/tello_camera_hough.py to tello_camera_hough.cpython-38.pyc
[3.537s] byte-compiling /root/DockerFiles/drone_ws/install/tello_camera/lib/python3.8/site-packages/tello_camera/__init__.py to __init__.cpython-38.pyc
[3.537s] byte-compiling /root/DockerFiles/drone_ws/install/tello_camera/lib/python3.8/site-packages/tello_camera/tello_camera_contour.py to tello_camera_contour.cpython-38.pyc
[3.537s] running install_data
[3.537s] creating /root/DockerFiles/drone_ws/install/tello_camera/share/ament_index
[3.537s] creating /root/DockerFiles/drone_ws/install/tello_camera/share/ament_index/resource_index
[3.538s] creating /root/DockerFiles/drone_ws/install/tello_camera/share/ament_index/resource_index/packages
[3.538s] copying resource/tello_camera -> /root/DockerFiles/drone_ws/install/tello_camera/share/ament_index/resource_index/packages
[3.538s] copying package.xml -> /root/DockerFiles/drone_ws/install/tello_camera/share/tello_camera
[3.538s] running install_egg_info
[3.538s] Copying ../../build/tello_camera/tello_camera.egg-info to /root/DockerFiles/drone_ws/install/tello_camera/lib/python3.8/site-packages/tello_camera-1.0.0-py3.8.egg-info
[3.559s] running install_scripts
[3.569s] Installing tello_camera_contour script to /root/DockerFiles/drone_ws/install/tello_camera/lib/tello_camera
[3.569s] Installing tello_camera_hough script to /root/DockerFiles/drone_ws/install/tello_camera/lib/tello_camera
[3.570s] writing list of installed files to '/root/DockerFiles/drone_ws/build/tello_camera/install.log'
[3.672s] Invoked command in '/root/DockerFiles/drone_ws/src/tello_camera' returned '0': PYTHONPATH=/root/DockerFiles/drone_ws/build/tello_camera/prefix_override:/root/DockerFiles/drone_ws/install/tello_camera/lib/python3.8/site-packages:${PYTHONPATH} /usr/bin/python3 setup.py egg_info --egg-base ../../build/tello_camera build --build-base /root/DockerFiles/drone_ws/build/tello_camera/build install --record /root/DockerFiles/drone_ws/build/tello_camera/install.log --single-version-externally-managed
