[0.646s] Invoking command in '/root/DockerFiles/dronefiles/src/tello_hand_move': PYTHONPATH=/root/DockerFiles/dronefiles/src/tello_hand_move/build/tello_hand_move/prefix_override:/root/DockerFiles/dronefiles/src/tello_hand_move/install/tello_hand_move/lib/python3.8/site-packages:${PYTHONPATH} /usr/bin/python3 setup.py egg_info --egg-base build/tello_hand_move build --build-base /root/DockerFiles/dronefiles/src/tello_hand_move/build/tello_hand_move/build install --record /root/DockerFiles/dronefiles/src/tello_hand_move/build/tello_hand_move/install.log --single-version-externally-managed
[0.836s] running egg_info
[0.836s] writing build/tello_hand_move/tello_hand_move.egg-info/PKG-INFO
[0.836s] writing dependency_links to build/tello_hand_move/tello_hand_move.egg-info/dependency_links.txt
[0.837s] writing entry points to build/tello_hand_move/tello_hand_move.egg-info/entry_points.txt
[0.837s] writing requirements to build/tello_hand_move/tello_hand_move.egg-info/requires.txt
[0.837s] writing top-level names to build/tello_hand_move/tello_hand_move.egg-info/top_level.txt
[0.873s] reading manifest file 'build/tello_hand_move/tello_hand_move.egg-info/SOURCES.txt'
[0.874s] writing manifest file 'build/tello_hand_move/tello_hand_move.egg-info/SOURCES.txt'
[0.874s] running build
[0.874s] running build_py
[0.874s] copying tello_hand_move/teleop_wasd_altitude.py -> /root/DockerFiles/dronefiles/src/tello_hand_move/build/tello_hand_move/build/lib/tello_hand_move
[0.874s] copying tello_hand_move/teleop_move.py -> /root/DockerFiles/dronefiles/src/tello_hand_move/build/tello_hand_move/build/lib/tello_hand_move
[0.875s] running install
[0.875s] running install_lib
[0.876s] copying /root/DockerFiles/dronefiles/src/tello_hand_move/build/tello_hand_move/build/lib/tello_hand_move/teleop_wasd_altitude.py -> /root/DockerFiles/dronefiles/src/tello_hand_move/install/tello_hand_move/lib/python3.8/site-packages/tello_hand_move
[0.876s] copying /root/DockerFiles/dronefiles/src/tello_hand_move/build/tello_hand_move/build/lib/tello_hand_move/teleop_move.py -> /root/DockerFiles/dronefiles/src/tello_hand_move/install/tello_hand_move/lib/python3.8/site-packages/tello_hand_move
[0.877s] byte-compiling /root/DockerFiles/dronefiles/src/tello_hand_move/install/tello_hand_move/lib/python3.8/site-packages/tello_hand_move/teleop_wasd_altitude.py to teleop_wasd_altitude.cpython-38.pyc
[0.879s] byte-compiling /root/DockerFiles/dronefiles/src/tello_hand_move/install/tello_hand_move/lib/python3.8/site-packages/tello_hand_move/teleop_move.py to teleop_move.cpython-38.pyc
[0.880s] running install_egg_info
[0.881s] Copying build/tello_hand_move/tello_hand_move.egg-info to /root/DockerFiles/dronefiles/src/tello_hand_move/install/tello_hand_move/lib/python3.8/site-packages/tello_hand_move-0.0.2-py3.8.egg-info
[0.883s] running install_scripts
[0.899s] Installing teleop_move script to /root/DockerFiles/dronefiles/src/tello_hand_move/install/tello_hand_move/lib/tello_hand_move
[0.899s] Installing teleop_wasd_altitude script to /root/DockerFiles/dronefiles/src/tello_hand_move/install/tello_hand_move/lib/tello_hand_move
[0.900s] writing list of installed files to '/root/DockerFiles/dronefiles/src/tello_hand_move/build/tello_hand_move/install.log'
[0.931s] Invoked command in '/root/DockerFiles/dronefiles/src/tello_hand_move' returned '0': PYTHONPATH=/root/DockerFiles/dronefiles/src/tello_hand_move/build/tello_hand_move/prefix_override:/root/DockerFiles/dronefiles/src/tello_hand_move/install/tello_hand_move/lib/python3.8/site-packages:${PYTHONPATH} /usr/bin/python3 setup.py egg_info --egg-base build/tello_hand_move build --build-base /root/DockerFiles/dronefiles/src/tello_hand_move/build/tello_hand_move/build install --record /root/DockerFiles/dronefiles/src/tello_hand_move/build/tello_hand_move/install.log --single-version-externally-managed
