[1.079s] Invoking command in '/root/DockerFiles/dronefiles/src/tello_hand_move': PYTHONPATH=/root/DockerFiles/dronefiles/src/tello_hand_move/build/tello_hand_move/prefix_override:/root/DockerFiles/dronefiles/src/tello_hand_move/install/tello_hand_move/lib/python3.8/site-packages:${PYTHONPATH} /usr/bin/python3 setup.py egg_info --egg-base build/tello_hand_move build --build-base /root/DockerFiles/dronefiles/src/tello_hand_move/build/tello_hand_move/build install --record /root/DockerFiles/dronefiles/src/tello_hand_move/build/tello_hand_move/install.log --single-version-externally-managed
[1.412s] running egg_info
[1.413s] creating build/tello_hand_move/tello_hand_move.egg-info
[1.415s] writing build/tello_hand_move/tello_hand_move.egg-info/PKG-INFO
[1.417s] writing dependency_links to build/tello_hand_move/tello_hand_move.egg-info/dependency_links.txt
[1.418s] writing entry points to build/tello_hand_move/tello_hand_move.egg-info/entry_points.txt
[1.421s] writing requirements to build/tello_hand_move/tello_hand_move.egg-info/requires.txt
[1.422s] writing top-level names to build/tello_hand_move/tello_hand_move.egg-info/top_level.txt
[1.424s] writing manifest file 'build/tello_hand_move/tello_hand_move.egg-info/SOURCES.txt'
[1.478s] reading manifest file 'build/tello_hand_move/tello_hand_move.egg-info/SOURCES.txt'
[1.480s] writing manifest file 'build/tello_hand_move/tello_hand_move.egg-info/SOURCES.txt'
[1.481s] running build
[1.481s] running build_py
[1.481s] creating /root/DockerFiles/dronefiles/src/tello_hand_move/build/tello_hand_move/build
[1.482s] creating /root/DockerFiles/dronefiles/src/tello_hand_move/build/tello_hand_move/build/lib
[1.482s] creating /root/DockerFiles/dronefiles/src/tello_hand_move/build/tello_hand_move/build/lib/tello_hand_move
[1.483s] copying tello_hand_move/teleop_wasd_altitude.py -> /root/DockerFiles/dronefiles/src/tello_hand_move/build/tello_hand_move/build/lib/tello_hand_move
[1.484s] copying tello_hand_move/__init__.py -> /root/DockerFiles/dronefiles/src/tello_hand_move/build/tello_hand_move/build/lib/tello_hand_move
[1.484s] copying tello_hand_move/teleop_move.py -> /root/DockerFiles/dronefiles/src/tello_hand_move/build/tello_hand_move/build/lib/tello_hand_move
[1.485s] running install
[1.487s] running install_lib
[1.488s] creating /root/DockerFiles/dronefiles/src/tello_hand_move/install/tello_hand_move/lib/python3.8/site-packages/tello_hand_move
[1.489s] copying /root/DockerFiles/dronefiles/src/tello_hand_move/build/tello_hand_move/build/lib/tello_hand_move/teleop_wasd_altitude.py -> /root/DockerFiles/dronefiles/src/tello_hand_move/install/tello_hand_move/lib/python3.8/site-packages/tello_hand_move
[1.495s] copying /root/DockerFiles/dronefiles/src/tello_hand_move/build/tello_hand_move/build/lib/tello_hand_move/__init__.py -> /root/DockerFiles/dronefiles/src/tello_hand_move/install/tello_hand_move/lib/python3.8/site-packages/tello_hand_move
[1.495s] copying /root/DockerFiles/dronefiles/src/tello_hand_move/build/tello_hand_move/build/lib/tello_hand_move/teleop_move.py -> /root/DockerFiles/dronefiles/src/tello_hand_move/install/tello_hand_move/lib/python3.8/site-packages/tello_hand_move
[1.495s] byte-compiling /root/DockerFiles/dronefiles/src/tello_hand_move/install/tello_hand_move/lib/python3.8/site-packages/tello_hand_move/teleop_wasd_altitude.py to teleop_wasd_altitude.cpython-38.pyc
[1.498s] byte-compiling /root/DockerFiles/dronefiles/src/tello_hand_move/install/tello_hand_move/lib/python3.8/site-packages/tello_hand_move/__init__.py to __init__.cpython-38.pyc
[1.499s] byte-compiling /root/DockerFiles/dronefiles/src/tello_hand_move/install/tello_hand_move/lib/python3.8/site-packages/tello_hand_move/teleop_move.py to teleop_move.cpython-38.pyc
[1.500s] running install_egg_info
[1.504s] Copying build/tello_hand_move/tello_hand_move.egg-info to /root/DockerFiles/dronefiles/src/tello_hand_move/install/tello_hand_move/lib/python3.8/site-packages/tello_hand_move-0.0.1-py3.8.egg-info
[1.505s] running install_scripts
[1.535s] Installing teleop_wasd_altitude script to /root/DockerFiles/dronefiles/src/tello_hand_move/install/tello_hand_move/lib/tello_hand_move
[1.537s] writing list of installed files to '/root/DockerFiles/dronefiles/src/tello_hand_move/build/tello_hand_move/install.log'
[1.606s] Invoked command in '/root/DockerFiles/dronefiles/src/tello_hand_move' returned '0': PYTHONPATH=/root/DockerFiles/dronefiles/src/tello_hand_move/build/tello_hand_move/prefix_override:/root/DockerFiles/dronefiles/src/tello_hand_move/install/tello_hand_move/lib/python3.8/site-packages:${PYTHONPATH} /usr/bin/python3 setup.py egg_info --egg-base build/tello_hand_move build --build-base /root/DockerFiles/dronefiles/src/tello_hand_move/build/tello_hand_move/build install --record /root/DockerFiles/dronefiles/src/tello_hand_move/build/tello_hand_move/install.log --single-version-externally-managed
