/usr/lib/python3/dist-packages/setuptools/dist.py:481: UserWarning: The version specified ('final') is an invalid version, this may not work as expected with newer versions of setuptools, pip, and PyPI. Please see PEP 440 for more details.
  warnings.warn(
running egg_info
writing ../../build/tello_camera/tello_camera.egg-info/PKG-INFO
writing dependency_links to ../../build/tello_camera/tello_camera.egg-info/dependency_links.txt
writing entry points to ../../build/tello_camera/tello_camera.egg-info/entry_points.txt
writing requirements to ../../build/tello_camera/tello_camera.egg-info/requires.txt
writing top-level names to ../../build/tello_camera/tello_camera.egg-info/top_level.txt
reading manifest file '../../build/tello_camera/tello_camera.egg-info/SOURCES.txt'
writing manifest file '../../build/tello_camera/tello_camera.egg-info/SOURCES.txt'
running build
running build_py
running install
running install_lib
running install_data
running install_egg_info
Copying ../../build/tello_camera/tello_camera.egg-info to /root/DockerFiles/drone_ws/install/tello_camera/lib/python3.8/site-packages/tello_camera-final-py3.8.egg-info
running install_scripts
Installing tello_camera_contour script to /root/DockerFiles/drone_ws/install/tello_camera/lib/tello_camera
Installing tello_camera_hough script to /root/DockerFiles/drone_ws/install/tello_camera/lib/tello_camera
writing list of installed files to '/root/DockerFiles/drone_ws/build/tello_camera/install.log'
