[1.346s] Invoking command in '/root/DockerFiles/drone_ws/src/tello_camera': PYTHONPATH=/root/DockerFiles/drone_ws/build/tello_camera/prefix_override:/root/DockerFiles/drone_ws/install/tello_camera/lib/python3.8/site-packages:${PYTHONPATH} /usr/bin/python3 setup.py egg_info --egg-base ../../build/tello_camera build --build-base /root/DockerFiles/drone_ws/build/tello_camera/build install --record /root/DockerFiles/drone_ws/build/tello_camera/install.log --single-version-externally-managed
[1.551s] /usr/lib/python3/dist-packages/setuptools/dist.py:481: UserWarning: The version specified ('final') is an invalid version, this may not work as expected with newer versions of setuptools, pip, and PyPI. Please see PEP 440 for more details.
[1.551s]   warnings.warn(
[1.557s] running egg_info
[1.557s] writing ../../build/tello_camera/tello_camera.egg-info/PKG-INFO
[1.557s] writing dependency_links to ../../build/tello_camera/tello_camera.egg-info/dependency_links.txt
[1.557s] writing entry points to ../../build/tello_camera/tello_camera.egg-info/entry_points.txt
[1.557s] writing requirements to ../../build/tello_camera/tello_camera.egg-info/requires.txt
[1.557s] writing top-level names to ../../build/tello_camera/tello_camera.egg-info/top_level.txt
[1.595s] reading manifest file '../../build/tello_camera/tello_camera.egg-info/SOURCES.txt'
[1.596s] writing manifest file '../../build/tello_camera/tello_camera.egg-info/SOURCES.txt'
[1.596s] running build
[1.596s] running build_py
[1.597s] running install
[1.597s] running install_lib
[1.599s] running install_data
[1.599s] running install_egg_info
[1.601s] Copying ../../build/tello_camera/tello_camera.egg-info to /root/DockerFiles/drone_ws/install/tello_camera/lib/python3.8/site-packages/tello_camera-final-py3.8.egg-info
[1.602s] running install_scripts
[1.620s] Installing tello_camera_contour script to /root/DockerFiles/drone_ws/install/tello_camera/lib/tello_camera
[1.620s] Installing tello_camera_hough script to /root/DockerFiles/drone_ws/install/tello_camera/lib/tello_camera
[1.621s] writing list of installed files to '/root/DockerFiles/drone_ws/build/tello_camera/install.log'
[1.647s] Invoked command in '/root/DockerFiles/drone_ws/src/tello_camera' returned '0': PYTHONPATH=/root/DockerFiles/drone_ws/build/tello_camera/prefix_override:/root/DockerFiles/drone_ws/install/tello_camera/lib/python3.8/site-packages:${PYTHONPATH} /usr/bin/python3 setup.py egg_info --egg-base ../../build/tello_camera build --build-base /root/DockerFiles/drone_ws/build/tello_camera/build install --record /root/DockerFiles/drone_ws/build/tello_camera/install.log --single-version-externally-managed
