[2.750s] Invoking command in '/root/DockerFiles/drone_ws/src/tello_camera': PYTHONPATH=/root/DockerFiles/drone_ws/build/tello_camera/prefix_override:/root/DockerFiles/drone_ws/install/tello_camera/lib/python3.8/site-packages:${PYTHONPATH} /usr/bin/python3 setup.py egg_info --egg-base ../../build/tello_camera build --build-base /root/DockerFiles/drone_ws/build/tello_camera/build install --record /root/DockerFiles/drone_ws/build/tello_camera/install.log --single-version-externally-managed
[3.094s] running egg_info
[3.095s] writing ../../build/tello_camera/tello_camera.egg-info/PKG-INFO
[3.095s] writing dependency_links to ../../build/tello_camera/tello_camera.egg-info/dependency_links.txt
[3.096s] writing entry points to ../../build/tello_camera/tello_camera.egg-info/entry_points.txt
[3.096s] writing requirements to ../../build/tello_camera/tello_camera.egg-info/requires.txt
[3.098s] writing top-level names to ../../build/tello_camera/tello_camera.egg-info/top_level.txt
[3.166s] reading manifest file '../../build/tello_camera/tello_camera.egg-info/SOURCES.txt'
[3.167s] writing manifest file '../../build/tello_camera/tello_camera.egg-info/SOURCES.txt'
[3.169s] running build
[3.170s] running build_py
[3.172s] running install
[3.178s] running install_lib
[3.179s] running install_data
[3.181s] running install_egg_info
[3.188s] removing '/root/DockerFiles/drone_ws/install/tello_camera/lib/python3.8/site-packages/tello_camera-0.0.1-py3.8.egg-info' (and everything under it)
[3.204s] Copying ../../build/tello_camera/tello_camera.egg-info to /root/DockerFiles/drone_ws/install/tello_camera/lib/python3.8/site-packages/tello_camera-0.0.1-py3.8.egg-info
[3.204s] running install_scripts
[3.285s] Installing tello_camera script to /root/DockerFiles/drone_ws/install/tello_camera/lib/tello_camera
[3.285s] writing list of installed files to '/root/DockerFiles/drone_ws/build/tello_camera/install.log'
[3.316s] Invoked command in '/root/DockerFiles/drone_ws/src/tello_camera' returned '0': PYTHONPATH=/root/DockerFiles/drone_ws/build/tello_camera/prefix_override:/root/DockerFiles/drone_ws/install/tello_camera/lib/python3.8/site-packages:${PYTHONPATH} /usr/bin/python3 setup.py egg_info --egg-base ../../build/tello_camera build --build-base /root/DockerFiles/drone_ws/build/tello_camera/build install --record /root/DockerFiles/drone_ws/build/tello_camera/install.log --single-version-externally-managed
