running egg_info
creating ../../build/tello_controller/tello_controller.egg-info
writing ../../build/tello_controller/tello_controller.egg-info/PKG-INFO
writing dependency_links to ../../build/tello_controller/tello_controller.egg-info/dependency_links.txt
writing requirements to ../../build/tello_controller/tello_controller.egg-info/requires.txt
writing top-level names to ../../build/tello_controller/tello_controller.egg-info/top_level.txt
writing manifest file '../../build/tello_controller/tello_controller.egg-info/SOURCES.txt'
reading manifest file '../../build/tello_controller/tello_controller.egg-info/SOURCES.txt'
writing manifest file '../../build/tello_controller/tello_controller.egg-info/SOURCES.txt'
running build
running build_py
creating /root/DockerFiles/drone_ws/build/tello_controller/build
creating /root/DockerFiles/drone_ws/build/tello_controller/build/lib
creating /root/DockerFiles/drone_ws/build/tello_controller/build/lib/tello_controller
copying tello_controller/tello_controller.py -> /root/DockerFiles/drone_ws/build/tello_controller/build/lib/tello_controller
copying tello_controller/__init__.py -> /root/DockerFiles/drone_ws/build/tello_controller/build/lib/tello_controller
running install
running install_lib
creating /root/DockerFiles/drone_ws/install/tello_controller/lib/python3.8/site-packages/tello_controller
copying /root/DockerFiles/drone_ws/build/tello_controller/build/lib/tello_controller/tello_controller.py -> /root/DockerFiles/drone_ws/install/tello_controller/lib/python3.8/site-packages/tello_controller
copying /root/DockerFiles/drone_ws/build/tello_controller/build/lib/tello_controller/__init__.py -> /root/DockerFiles/drone_ws/install/tello_controller/lib/python3.8/site-packages/tello_controller
byte-compiling /root/DockerFiles/drone_ws/install/tello_controller/lib/python3.8/site-packages/tello_controller/tello_controller.py to tello_controller.cpython-38.pyc
byte-compiling /root/DockerFiles/drone_ws/install/tello_controller/lib/python3.8/site-packages/tello_controller/__init__.py to __init__.cpython-38.pyc
running install_data
creating /root/DockerFiles/drone_ws/install/tello_controller/share/ament_index
creating /root/DockerFiles/drone_ws/install/tello_controller/share/ament_index/resource_index
creating /root/DockerFiles/drone_ws/install/tello_controller/share/ament_index/resource_index/packages
copying resource/tello_controller -> /root/DockerFiles/drone_ws/install/tello_controller/share/ament_index/resource_index/packages
copying package.xml -> /root/DockerFiles/drone_ws/install/tello_controller/share/tello_controller
running install_egg_info
Copying ../../build/tello_controller/tello_controller.egg-info to /root/DockerFiles/drone_ws/install/tello_controller/lib/python3.8/site-packages/tello_controller-0.0.1-py3.8.egg-info
running install_scripts
writing list of installed files to '/root/DockerFiles/drone_ws/build/tello_controller/install.log'
