[0.146s] Invoking command in '/root/DockerFiles/drone_ws/build/tello_msgs': CMAKE_PREFIX_PATH=${CMAKE_PREFIX_PATH}:/root/DockerFiles/drone_ws/install/tello_mission:/root/DockerFiles/drone_ws/install/tello_hand_move:/root/DockerFiles/drone_ws/install/tello_controller:/root/DockerFiles/drone_ws/install/tello_camera:/opt/ros/foxy /usr/bin/cmake /root/DockerFiles/drone_ws/src/tello_ros/tello_msgs -DCMAKE_INSTALL_PREFIX=/root/DockerFiles/drone_ws/install/tello_msgs
[1.571s] -- The C compiler identification is GNU 9.4.0
[1.572s] -- The CXX compiler identification is GNU 9.4.0
[1.572s] -- Check for working C compiler: /usr/bin/cc
[1.573s] -- Check for working C compiler: /usr/bin/cc -- works
[1.574s] -- Detecting C compiler ABI info
[1.575s] -- Detecting C compiler ABI info - done
[1.575s] -- Detecting C compile features
[1.575s] -- Detecting C compile features - done
[1.575s] -- Check for working CXX compiler: /usr/bin/c++
[1.575s] -- Check for working CXX compiler: /usr/bin/c++ -- works
[1.575s] -- Detecting CXX compiler ABI info
[1.575s] -- Detecting CXX compiler ABI info - done
[1.575s] -- Detecting CXX compile features
[1.578s] -- Detecting CXX compile features - done
[1.578s] -- Found ament_cmake: 0.9.12 (/opt/ros/foxy/share/ament_cmake/cmake)
[1.578s] -- Found PythonInterp: /usr/bin/python3 (found suitable version "3.8.10", minimum required is "3") 
[1.579s] -- Using PYTHON_EXECUTABLE: /usr/bin/python3
[1.579s] -- Found rosidl_default_generators: 1.0.1 (/opt/ros/foxy/share/rosidl_default_generators/cmake)
[1.579s] -- Using all available rosidl_typesupport_c: rosidl_typesupport_fastrtps_c;rosidl_typesupport_introspection_c
[1.579s] -- Found rosidl_adapter: 1.3.1 (/opt/ros/foxy/share/rosidl_adapter/cmake)
[1.627s] -- Found OpenSSL: /usr/lib/x86_64-linux-gnu/libcrypto.so (found version "1.1.1f")  
[1.682s] -- Found FastRTPS: /opt/ros/foxy/include  
[1.843s] -- Using all available rosidl_typesupport_cpp: rosidl_typesupport_fastrtps_cpp;rosidl_typesupport_introspection_cpp
[1.899s] -- Found std_msgs: 2.0.5 (/opt/ros/foxy/share/std_msgs/cmake)
[1.994s] -- Found PythonInterp: /usr/bin/python3 (found version "3.8.10") 
[2.386s] -- Found ament_cmake_ros: 0.9.2 (/opt/ros/foxy/share/ament_cmake_ros/cmake)
[2.791s] -- Using all available rosidl_typesupport_c: rosidl_typesupport_fastrtps_c;rosidl_typesupport_introspection_c
[2.920s] -- Using all available rosidl_typesupport_cpp: rosidl_typesupport_fastrtps_cpp;rosidl_typesupport_introspection_cpp
[2.982s] -- Found PythonInterp: /usr/bin/python3 (found suitable version "3.8.10", minimum required is "3.5") 
[2.988s] -- Found python_cmake_module: 0.8.1 (/opt/ros/foxy/share/python_cmake_module/cmake)
[3.034s] -- Found PythonLibs: /usr/lib/x86_64-linux-gnu/libpython3.8.so (found suitable version "3.8.10", minimum required is "3.5") 
[3.036s] -- Using PYTHON_EXECUTABLE: /usr/bin/python3
[3.036s] -- Using PYTHON_INCLUDE_DIRS: /usr/include/python3.8
[3.036s] -- Using PYTHON_LIBRARIES: /usr/lib/x86_64-linux-gnu/libpython3.8.so
[3.083s] -- Found PythonExtra: .so  
[3.244s] -- Configuring done
[3.322s] -- Generating done
[3.333s] -- Build files have been written to: /root/DockerFiles/drone_ws/build/tello_msgs
[3.340s] Invoked command in '/root/DockerFiles/drone_ws/build/tello_msgs' returned '0': CMAKE_PREFIX_PATH=${CMAKE_PREFIX_PATH}:/root/DockerFiles/drone_ws/install/tello_mission:/root/DockerFiles/drone_ws/install/tello_hand_move:/root/DockerFiles/drone_ws/install/tello_controller:/root/DockerFiles/drone_ws/install/tello_camera:/opt/ros/foxy /usr/bin/cmake /root/DockerFiles/drone_ws/src/tello_ros/tello_msgs -DCMAKE_INSTALL_PREFIX=/root/DockerFiles/drone_ws/install/tello_msgs
[3.346s] Invoking command in '/root/DockerFiles/drone_ws/build/tello_msgs': CMAKE_PREFIX_PATH=${CMAKE_PREFIX_PATH}:/root/DockerFiles/drone_ws/install/tello_mission:/root/DockerFiles/drone_ws/install/tello_hand_move:/root/DockerFiles/drone_ws/install/tello_controller:/root/DockerFiles/drone_ws/install/tello_camera:/opt/ros/foxy /usr/bin/cmake --build /root/DockerFiles/drone_ws/build/tello_msgs -- -j12 -l12
[3.424s] [35m[1mScanning dependencies of target tello_msgs__cpp[0m
[3.443s] [  2%] [34m[1mGenerating C++ code for ROS interfaces[0m
[4.579s] [  2%] Built target tello_msgs__cpp
[4.598s] [  4%] [34m[1mGenerating C code for ROS interfaces[0m
[5.747s] [35m[1mScanning dependencies of target tello_msgs__rosidl_generator_c[0m
[5.770s] [  6%] [32mBuilding C object CMakeFiles/tello_msgs__rosidl_generator_c.dir/rosidl_generator_c/tello_msgs/msg/detail/flight_data__functions.c.o[0m
[5.846s] [  8%] [32mBuilding C object CMakeFiles/tello_msgs__rosidl_generator_c.dir/rosidl_generator_c/tello_msgs/srv/detail/tello_action__functions.c.o[0m
[5.931s] [ 10%] [32mBuilding C object CMakeFiles/tello_msgs__rosidl_generator_c.dir/rosidl_generator_c/tello_msgs/msg/detail/tello_response__functions.c.o[0m
[6.000s] [ 12%] [32m[1mLinking C shared library libtello_msgs__rosidl_generator_c.so[0m
[6.067s] [ 12%] Built target tello_msgs__rosidl_generator_c
[6.091s] [ 14%] [34m[1mGenerating C++ introspection for ROS interfaces[0m
[7.083s] [35m[1mScanning dependencies of target tello_msgs__rosidl_typesupport_introspection_cpp[0m
[7.105s] [ 17%] [32mBuilding CXX object CMakeFiles/tello_msgs__rosidl_typesupport_introspection_cpp.dir/rosidl_typesupport_introspection_cpp/tello_msgs/msg/detail/flight_data__type_support.cpp.o[0m
[7.503s] [ 19%] [32mBuilding CXX object CMakeFiles/tello_msgs__rosidl_typesupport_introspection_cpp.dir/rosidl_typesupport_introspection_cpp/tello_msgs/srv/detail/tello_action__type_support.cpp.o[0m
[7.910s] [ 21%] [32mBuilding CXX object CMakeFiles/tello_msgs__rosidl_typesupport_introspection_cpp.dir/rosidl_typesupport_introspection_cpp/tello_msgs/msg/detail/tello_response__type_support.cpp.o[0m
[8.326s] [ 23%] [32m[1mLinking CXX shared library libtello_msgs__rosidl_typesupport_introspection_cpp.so[0m
[8.448s] [ 23%] Built target tello_msgs__rosidl_typesupport_introspection_cpp
[8.469s] [ 25%] [34m[1mGenerating C type support dispatch for ROS interfaces[0m
[9.316s] [35m[1mScanning dependencies of target tello_msgs__rosidl_typesupport_c[0m
[9.341s] [ 27%] [32mBuilding CXX object CMakeFiles/tello_msgs__rosidl_typesupport_c.dir/rosidl_typesupport_c/tello_msgs/msg/flight_data__type_support.cpp.o[0m
[9.393s] [ 29%] [32mBuilding CXX object CMakeFiles/tello_msgs__rosidl_typesupport_c.dir/rosidl_typesupport_c/tello_msgs/srv/tello_action__type_support.cpp.o[0m
[9.446s] [ 31%] [32mBuilding CXX object CMakeFiles/tello_msgs__rosidl_typesupport_c.dir/rosidl_typesupport_c/tello_msgs/msg/tello_response__type_support.cpp.o[0m
[9.493s] [ 34%] [32m[1mLinking CXX shared library libtello_msgs__rosidl_typesupport_c.so[0m
[9.559s] [ 34%] Built target tello_msgs__rosidl_typesupport_c
[9.578s] [ 36%] [34m[1mGenerating C introspection for ROS interfaces[0m
[10.508s] [35m[1mScanning dependencies of target tello_msgs__rosidl_typesupport_introspection_c[0m
[10.554s] [ 38%] [32mBuilding C object CMakeFiles/tello_msgs__rosidl_typesupport_introspection_c.dir/rosidl_typesupport_introspection_c/tello_msgs/msg/detail/flight_data__type_support.c.o[0m
[10.601s] [ 40%] [32mBuilding C object CMakeFiles/tello_msgs__rosidl_typesupport_introspection_c.dir/rosidl_typesupport_introspection_c/tello_msgs/srv/detail/tello_action__type_support.c.o[0m
[10.656s] [ 42%] [32mBuilding C object CMakeFiles/tello_msgs__rosidl_typesupport_introspection_c.dir/rosidl_typesupport_introspection_c/tello_msgs/msg/detail/tello_response__type_support.c.o[0m
[10.705s] [ 44%] [32m[1mLinking C shared library libtello_msgs__rosidl_typesupport_introspection_c.so[0m
[10.768s] [ 44%] Built target tello_msgs__rosidl_typesupport_introspection_c
[10.784s] [ 46%] [34m[1mGenerating C++ type support for eProsima Fast-RTPS[0m
[11.745s] [35m[1mScanning dependencies of target tello_msgs__rosidl_typesupport_fastrtps_cpp[0m
[11.796s] [ 48%] [32mBuilding CXX object CMakeFiles/tello_msgs__rosidl_typesupport_fastrtps_cpp.dir/rosidl_typesupport_fastrtps_cpp/tello_msgs/msg/detail/dds_fastrtps/flight_data__type_support.cpp.o[0m
[12.391s] [ 51%] [32mBuilding CXX object CMakeFiles/tello_msgs__rosidl_typesupport_fastrtps_cpp.dir/rosidl_typesupport_fastrtps_cpp/tello_msgs/srv/detail/dds_fastrtps/tello_action__type_support.cpp.o[0m
[12.995s] [ 53%] [32mBuilding CXX object CMakeFiles/tello_msgs__rosidl_typesupport_fastrtps_cpp.dir/rosidl_typesupport_fastrtps_cpp/tello_msgs/msg/detail/dds_fastrtps/tello_response__type_support.cpp.o[0m
[13.598s] [ 55%] [32m[1mLinking CXX shared library libtello_msgs__rosidl_typesupport_fastrtps_cpp.so[0m
[13.765s] [ 55%] Built target tello_msgs__rosidl_typesupport_fastrtps_cpp
[13.792s] [ 57%] [34m[1mGenerating C++ type support dispatch for ROS interfaces[0m
[14.626s] [35m[1mScanning dependencies of target tello_msgs__rosidl_typesupport_cpp[0m
[14.671s] [ 59%] [32mBuilding CXX object CMakeFiles/tello_msgs__rosidl_typesupport_cpp.dir/rosidl_typesupport_cpp/tello_msgs/msg/flight_data__type_support.cpp.o[0m
[15.098s] [ 61%] [32mBuilding CXX object CMakeFiles/tello_msgs__rosidl_typesupport_cpp.dir/rosidl_typesupport_cpp/tello_msgs/srv/tello_action__type_support.cpp.o[0m
[15.490s] [ 63%] [32mBuilding CXX object CMakeFiles/tello_msgs__rosidl_typesupport_cpp.dir/rosidl_typesupport_cpp/tello_msgs/msg/tello_response__type_support.cpp.o[0m
[15.889s] [ 65%] [32m[1mLinking CXX shared library libtello_msgs__rosidl_typesupport_cpp.so[0m
[15.961s] [ 65%] Built target tello_msgs__rosidl_typesupport_cpp
[15.981s] [ 68%] [34m[1mGenerating C type support for eProsima Fast-RTPS[0m
[16.993s] [35m[1mScanning dependencies of target tello_msgs__rosidl_typesupport_fastrtps_c[0m
[17.043s] [ 70%] [32mBuilding CXX object CMakeFiles/tello_msgs__rosidl_typesupport_fastrtps_c.dir/rosidl_typesupport_fastrtps_c/tello_msgs/msg/detail/flight_data__type_support_c.cpp.o[0m
[17.559s] [ 72%] [32mBuilding CXX object CMakeFiles/tello_msgs__rosidl_typesupport_fastrtps_c.dir/rosidl_typesupport_fastrtps_c/tello_msgs/srv/detail/tello_action__type_support_c.cpp.o[0m
[18.072s] [ 74%] [32mBuilding CXX object CMakeFiles/tello_msgs__rosidl_typesupport_fastrtps_c.dir/rosidl_typesupport_fastrtps_c/tello_msgs/msg/detail/tello_response__type_support_c.cpp.o[0m
[18.566s] [ 76%] [32m[1mLinking CXX shared library libtello_msgs__rosidl_typesupport_fastrtps_c.so[0m
[18.752s] [ 76%] Built target tello_msgs__rosidl_typesupport_fastrtps_c
[18.772s] [35m[1mScanning dependencies of target tello_msgs[0m
[18.793s] [ 76%] Built target tello_msgs
[18.807s] [35m[1mScanning dependencies of target tello_msgs__py[0m
[18.829s] [ 78%] [34m[1mGenerating Python code for ROS interfaces[0m
[20.737s] [ 78%] Built target tello_msgs__py
[20.754s] [35m[1mScanning dependencies of target tello_msgs__python[0m
[20.802s] [ 80%] [32mBuilding C object CMakeFiles/tello_msgs__python.dir/rosidl_generator_py/tello_msgs/msg/_flight_data_s.c.o[0m
[20.953s] [ 82%] [32mBuilding C object CMakeFiles/tello_msgs__python.dir/rosidl_generator_py/tello_msgs/srv/_tello_action_s.c.o[0m
[21.086s] [ 85%] [32mBuilding C object CMakeFiles/tello_msgs__python.dir/rosidl_generator_py/tello_msgs/msg/_tello_response_s.c.o[0m
[21.236s] [ 87%] [32m[1mLinking C shared library rosidl_generator_py/tello_msgs/libtello_msgs__python.so[0m
[21.304s] [ 87%] Built target tello_msgs__python
[21.322s] [35m[1mScanning dependencies of target tello_msgs__rosidl_typesupport_c__pyext[0m
[21.351s] [ 89%] [32mBuilding C object CMakeFiles/tello_msgs__rosidl_typesupport_c__pyext.dir/rosidl_generator_py/tello_msgs/_tello_msgs_s.ep.rosidl_typesupport_c.c.o[0m
[21.495s] [ 91%] [32m[1mLinking C shared library rosidl_generator_py/tello_msgs/tello_msgs_s__rosidl_typesupport_c.cpython-38-x86_64-linux-gnu.so[0m
[21.561s] [ 91%] Built target tello_msgs__rosidl_typesupport_c__pyext
[21.582s] [35m[1mScanning dependencies of target tello_msgs__rosidl_typesupport_introspection_c__pyext[0m
[21.632s] [ 93%] [32mBuilding C object CMakeFiles/tello_msgs__rosidl_typesupport_introspection_c__pyext.dir/rosidl_generator_py/tello_msgs/_tello_msgs_s.ep.rosidl_typesupport_introspection_c.c.o[0m
[21.760s] [ 95%] [32m[1mLinking C shared library rosidl_generator_py/tello_msgs/tello_msgs_s__rosidl_typesupport_introspection_c.cpython-38-x86_64-linux-gnu.so[0m
[21.822s] [ 95%] Built target tello_msgs__rosidl_typesupport_introspection_c__pyext
[21.841s] [35m[1mScanning dependencies of target tello_msgs__rosidl_typesupport_fastrtps_c__pyext[0m
[21.874s] [ 97%] [32mBuilding C object CMakeFiles/tello_msgs__rosidl_typesupport_fastrtps_c__pyext.dir/rosidl_generator_py/tello_msgs/_tello_msgs_s.ep.rosidl_typesupport_fastrtps_c.c.o[0m
[22.020s] [100%] [32m[1mLinking CXX shared library rosidl_generator_py/tello_msgs/tello_msgs_s__rosidl_typesupport_fastrtps_c.cpython-38-x86_64-linux-gnu.so[0m
[22.127s] [100%] Built target tello_msgs__rosidl_typesupport_fastrtps_c__pyext
[22.144s] Invoked command in '/root/DockerFiles/drone_ws/build/tello_msgs' returned '0': CMAKE_PREFIX_PATH=${CMAKE_PREFIX_PATH}:/root/DockerFiles/drone_ws/install/tello_mission:/root/DockerFiles/drone_ws/install/tello_hand_move:/root/DockerFiles/drone_ws/install/tello_controller:/root/DockerFiles/drone_ws/install/tello_camera:/opt/ros/foxy /usr/bin/cmake --build /root/DockerFiles/drone_ws/build/tello_msgs -- -j12 -l12
[22.346s] Invoking command in '/root/DockerFiles/drone_ws/build/tello_msgs': CMAKE_PREFIX_PATH=${CMAKE_PREFIX_PATH}:/root/DockerFiles/drone_ws/install/tello_mission:/root/DockerFiles/drone_ws/install/tello_hand_move:/root/DockerFiles/drone_ws/install/tello_controller:/root/DockerFiles/drone_ws/install/tello_camera:/opt/ros/foxy /usr/bin/cmake --install /root/DockerFiles/drone_ws/build/tello_msgs
[22.361s] -- Install configuration: ""
[22.363s] -- Installing: /root/DockerFiles/drone_ws/install/tello_msgs/share/ament_index/resource_index/rosidl_interfaces/tello_msgs
[22.364s] -- Installing: /root/DockerFiles/drone_ws/install/tello_msgs/include/tello_msgs
[22.364s] -- Installing: /root/DockerFiles/drone_ws/install/tello_msgs/include/tello_msgs/msg
[22.364s] -- Installing: /root/DockerFiles/drone_ws/install/tello_msgs/include/tello_msgs/msg/detail
[22.365s] -- Installing: /root/DockerFiles/drone_ws/install/tello_msgs/include/tello_msgs/msg/detail/flight_data__struct.h
[22.365s] -- Installing: /root/DockerFiles/drone_ws/install/tello_msgs/include/tello_msgs/msg/detail/tello_response__struct.h
[22.365s] -- Installing: /root/DockerFiles/drone_ws/install/tello_msgs/include/tello_msgs/msg/detail/flight_data__functions.h
[22.365s] -- Installing: /root/DockerFiles/drone_ws/install/tello_msgs/include/tello_msgs/msg/detail/flight_data__functions.c
[22.366s] -- Installing: /root/DockerFiles/drone_ws/install/tello_msgs/include/tello_msgs/msg/detail/tello_response__functions.c
[22.366s] -- Installing: /root/DockerFiles/drone_ws/install/tello_msgs/include/tello_msgs/msg/detail/flight_data__type_support.h
[22.366s] -- Installing: /root/DockerFiles/drone_ws/install/tello_msgs/include/tello_msgs/msg/detail/tello_response__functions.h
[22.366s] -- Installing: /root/DockerFiles/drone_ws/install/tello_msgs/include/tello_msgs/msg/detail/tello_response__type_support.h
[22.366s] -- Installing: /root/DockerFiles/drone_ws/install/tello_msgs/include/tello_msgs/msg/rosidl_generator_c__visibility_control.h
[22.366s] -- Installing: /root/DockerFiles/drone_ws/install/tello_msgs/include/tello_msgs/msg/tello_response.h
[22.366s] -- Installing: /root/DockerFiles/drone_ws/install/tello_msgs/include/tello_msgs/msg/flight_data.h
[22.367s] -- Installing: /root/DockerFiles/drone_ws/install/tello_msgs/include/tello_msgs/srv
[22.367s] -- Installing: /root/DockerFiles/drone_ws/install/tello_msgs/include/tello_msgs/srv/detail
[22.367s] -- Installing: /root/DockerFiles/drone_ws/install/tello_msgs/include/tello_msgs/srv/detail/tello_action__struct.h
[22.367s] -- Installing: /root/DockerFiles/drone_ws/install/tello_msgs/include/tello_msgs/srv/detail/tello_action__functions.h
[22.367s] -- Installing: /root/DockerFiles/drone_ws/install/tello_msgs/include/tello_msgs/srv/detail/tello_action__type_support.h
[22.367s] -- Installing: /root/DockerFiles/drone_ws/install/tello_msgs/include/tello_msgs/srv/detail/tello_action__functions.c
[22.367s] -- Installing: /root/DockerFiles/drone_ws/install/tello_msgs/include/tello_msgs/srv/tello_action.h
[22.367s] -- Installing: /root/DockerFiles/drone_ws/install/tello_msgs/share/tello_msgs/environment/library_path.sh
[22.367s] -- Installing: /root/DockerFiles/drone_ws/install/tello_msgs/share/tello_msgs/environment/library_path.dsv
[22.368s] -- Installing: /root/DockerFiles/drone_ws/install/tello_msgs/lib/libtello_msgs__rosidl_generator_c.so
[22.368s] -- Set runtime path of "/root/DockerFiles/drone_ws/install/tello_msgs/lib/libtello_msgs__rosidl_generator_c.so" to ""
[22.368s] -- Up-to-date: /root/DockerFiles/drone_ws/install/tello_msgs/include/tello_msgs
[22.368s] -- Up-to-date: /root/DockerFiles/drone_ws/install/tello_msgs/include/tello_msgs/msg
[22.368s] -- Up-to-date: /root/DockerFiles/drone_ws/install/tello_msgs/include/tello_msgs/msg/detail
[22.368s] -- Installing: /root/DockerFiles/drone_ws/install/tello_msgs/include/tello_msgs/msg/detail/tello_response__rosidl_typesupport_fastrtps_c.h
[22.368s] -- Installing: /root/DockerFiles/drone_ws/install/tello_msgs/include/tello_msgs/msg/detail/flight_data__rosidl_typesupport_fastrtps_c.h
[22.368s] -- Installing: /root/DockerFiles/drone_ws/install/tello_msgs/include/tello_msgs/msg/rosidl_typesupport_fastrtps_c__visibility_control.h
[22.368s] -- Up-to-date: /root/DockerFiles/drone_ws/install/tello_msgs/include/tello_msgs/srv
[22.368s] -- Up-to-date: /root/DockerFiles/drone_ws/install/tello_msgs/include/tello_msgs/srv/detail
[22.368s] -- Installing: /root/DockerFiles/drone_ws/install/tello_msgs/include/tello_msgs/srv/detail/tello_action__rosidl_typesupport_fastrtps_c.h
[22.368s] -- Installing: /root/DockerFiles/drone_ws/install/tello_msgs/lib/libtello_msgs__rosidl_typesupport_fastrtps_c.so
[22.369s] -- Set runtime path of "/root/DockerFiles/drone_ws/install/tello_msgs/lib/libtello_msgs__rosidl_typesupport_fastrtps_c.so" to ""
[22.369s] -- Up-to-date: /root/DockerFiles/drone_ws/install/tello_msgs/include/tello_msgs
[22.369s] -- Up-to-date: /root/DockerFiles/drone_ws/install/tello_msgs/include/tello_msgs/msg
[22.369s] -- Up-to-date: /root/DockerFiles/drone_ws/install/tello_msgs/include/tello_msgs/msg/detail
[22.369s] -- Installing: /root/DockerFiles/drone_ws/install/tello_msgs/include/tello_msgs/msg/detail/flight_data__rosidl_typesupport_fastrtps_cpp.hpp
[22.369s] -- Installing: /root/DockerFiles/drone_ws/install/tello_msgs/include/tello_msgs/msg/detail/dds_fastrtps
[22.369s] -- Installing: /root/DockerFiles/drone_ws/install/tello_msgs/include/tello_msgs/msg/detail/tello_response__rosidl_typesupport_fastrtps_cpp.hpp
[22.371s] -- Installing: /root/DockerFiles/drone_ws/install/tello_msgs/include/tello_msgs/msg/rosidl_typesupport_fastrtps_cpp__visibility_control.h
[22.371s] -- Up-to-date: /root/DockerFiles/drone_ws/install/tello_msgs/include/tello_msgs/srv
[22.372s] -- Up-to-date: /root/DockerFiles/drone_ws/install/tello_msgs/include/tello_msgs/srv/detail
[22.372s] -- Installing: /root/DockerFiles/drone_ws/install/tello_msgs/include/tello_msgs/srv/detail/dds_fastrtps
[22.372s] -- Installing: /root/DockerFiles/drone_ws/install/tello_msgs/include/tello_msgs/srv/detail/tello_action__rosidl_typesupport_fastrtps_cpp.hpp
[22.372s] -- Installing: /root/DockerFiles/drone_ws/install/tello_msgs/lib/libtello_msgs__rosidl_typesupport_fastrtps_cpp.so
[22.372s] -- Set runtime path of "/root/DockerFiles/drone_ws/install/tello_msgs/lib/libtello_msgs__rosidl_typesupport_fastrtps_cpp.so" to ""
[22.372s] -- Up-to-date: /root/DockerFiles/drone_ws/install/tello_msgs/include/tello_msgs
[22.372s] -- Up-to-date: /root/DockerFiles/drone_ws/install/tello_msgs/include/tello_msgs/msg
[22.372s] -- Up-to-date: /root/DockerFiles/drone_ws/install/tello_msgs/include/tello_msgs/msg/detail
[22.372s] -- Installing: /root/DockerFiles/drone_ws/install/tello_msgs/include/tello_msgs/msg/detail/flight_data__rosidl_typesupport_introspection_c.h
[22.373s] -- Installing: /root/DockerFiles/drone_ws/install/tello_msgs/include/tello_msgs/msg/detail/tello_response__type_support.c
[22.373s] -- Installing: /root/DockerFiles/drone_ws/install/tello_msgs/include/tello_msgs/msg/detail/tello_response__rosidl_typesupport_introspection_c.h
[22.373s] -- Installing: /root/DockerFiles/drone_ws/install/tello_msgs/include/tello_msgs/msg/detail/flight_data__type_support.c
[22.373s] -- Installing: /root/DockerFiles/drone_ws/install/tello_msgs/include/tello_msgs/msg/rosidl_typesupport_introspection_c__visibility_control.h
[22.373s] -- Up-to-date: /root/DockerFiles/drone_ws/install/tello_msgs/include/tello_msgs/srv
[22.373s] -- Up-to-date: /root/DockerFiles/drone_ws/install/tello_msgs/include/tello_msgs/srv/detail
[22.373s] -- Installing: /root/DockerFiles/drone_ws/install/tello_msgs/include/tello_msgs/srv/detail/tello_action__type_support.c
[22.373s] -- Installing: /root/DockerFiles/drone_ws/install/tello_msgs/include/tello_msgs/srv/detail/tello_action__rosidl_typesupport_introspection_c.h
[22.373s] -- Installing: /root/DockerFiles/drone_ws/install/tello_msgs/lib/libtello_msgs__rosidl_typesupport_introspection_c.so
[22.373s] -- Set runtime path of "/root/DockerFiles/drone_ws/install/tello_msgs/lib/libtello_msgs__rosidl_typesupport_introspection_c.so" to ""
[22.373s] -- Installing: /root/DockerFiles/drone_ws/install/tello_msgs/lib/libtello_msgs__rosidl_typesupport_c.so
[22.374s] -- Set runtime path of "/root/DockerFiles/drone_ws/install/tello_msgs/lib/libtello_msgs__rosidl_typesupport_c.so" to ""
[22.374s] -- Up-to-date: /root/DockerFiles/drone_ws/install/tello_msgs/include/tello_msgs
[22.375s] -- Up-to-date: /root/DockerFiles/drone_ws/install/tello_msgs/include/tello_msgs/msg
[22.375s] -- Up-to-date: /root/DockerFiles/drone_ws/install/tello_msgs/include/tello_msgs/msg/detail
[22.375s] -- Installing: /root/DockerFiles/drone_ws/install/tello_msgs/include/tello_msgs/msg/detail/tello_response__type_support.hpp
[22.375s] -- Installing: /root/DockerFiles/drone_ws/install/tello_msgs/include/tello_msgs/msg/detail/flight_data__struct.hpp
[22.375s] -- Installing: /root/DockerFiles/drone_ws/install/tello_msgs/include/tello_msgs/msg/detail/tello_response__struct.hpp
[22.375s] -- Installing: /root/DockerFiles/drone_ws/install/tello_msgs/include/tello_msgs/msg/detail/tello_response__traits.hpp
[22.375s] -- Installing: /root/DockerFiles/drone_ws/install/tello_msgs/include/tello_msgs/msg/detail/tello_response__builder.hpp
[22.376s] -- Installing: /root/DockerFiles/drone_ws/install/tello_msgs/include/tello_msgs/msg/detail/flight_data__type_support.hpp
[22.376s] -- Installing: /root/DockerFiles/drone_ws/install/tello_msgs/include/tello_msgs/msg/detail/flight_data__traits.hpp
[22.376s] -- Installing: /root/DockerFiles/drone_ws/install/tello_msgs/include/tello_msgs/msg/detail/flight_data__builder.hpp
[22.376s] -- Installing: /root/DockerFiles/drone_ws/install/tello_msgs/include/tello_msgs/msg/rosidl_generator_cpp__visibility_control.hpp
[22.376s] -- Installing: /root/DockerFiles/drone_ws/install/tello_msgs/include/tello_msgs/msg/tello_response.hpp
[22.376s] -- Installing: /root/DockerFiles/drone_ws/install/tello_msgs/include/tello_msgs/msg/flight_data.hpp
[22.376s] -- Up-to-date: /root/DockerFiles/drone_ws/install/tello_msgs/include/tello_msgs/srv
[22.376s] -- Up-to-date: /root/DockerFiles/drone_ws/install/tello_msgs/include/tello_msgs/srv/detail
[22.376s] -- Installing: /root/DockerFiles/drone_ws/install/tello_msgs/include/tello_msgs/srv/detail/tello_action__struct.hpp
[22.376s] -- Installing: /root/DockerFiles/drone_ws/install/tello_msgs/include/tello_msgs/srv/detail/tello_action__builder.hpp
[22.376s] -- Installing: /root/DockerFiles/drone_ws/install/tello_msgs/include/tello_msgs/srv/detail/tello_action__traits.hpp
[22.377s] -- Installing: /root/DockerFiles/drone_ws/install/tello_msgs/include/tello_msgs/srv/detail/tello_action__type_support.hpp
[22.377s] -- Installing: /root/DockerFiles/drone_ws/install/tello_msgs/include/tello_msgs/srv/tello_action.hpp
[22.377s] -- Up-to-date: /root/DockerFiles/drone_ws/install/tello_msgs/include/tello_msgs
[22.377s] -- Up-to-date: /root/DockerFiles/drone_ws/install/tello_msgs/include/tello_msgs/msg
[22.377s] -- Up-to-date: /root/DockerFiles/drone_ws/install/tello_msgs/include/tello_msgs/msg/detail
[22.377s] -- Installing: /root/DockerFiles/drone_ws/install/tello_msgs/include/tello_msgs/msg/detail/flight_data__type_support.cpp
[22.377s] -- Installing: /root/DockerFiles/drone_ws/install/tello_msgs/include/tello_msgs/msg/detail/tello_response__rosidl_typesupport_introspection_cpp.hpp
[22.377s] -- Installing: /root/DockerFiles/drone_ws/install/tello_msgs/include/tello_msgs/msg/detail/flight_data__rosidl_typesupport_introspection_cpp.hpp
[22.377s] -- Installing: /root/DockerFiles/drone_ws/install/tello_msgs/include/tello_msgs/msg/detail/tello_response__type_support.cpp
[22.377s] -- Up-to-date: /root/DockerFiles/drone_ws/install/tello_msgs/include/tello_msgs/srv
[22.378s] -- Up-to-date: /root/DockerFiles/drone_ws/install/tello_msgs/include/tello_msgs/srv/detail
[22.378s] -- Installing: /root/DockerFiles/drone_ws/install/tello_msgs/include/tello_msgs/srv/detail/tello_action__rosidl_typesupport_introspection_cpp.hpp
[22.380s] -- Installing: /root/DockerFiles/drone_ws/install/tello_msgs/include/tello_msgs/srv/detail/tello_action__type_support.cpp
[22.380s] -- Installing: /root/DockerFiles/drone_ws/install/tello_msgs/lib/libtello_msgs__rosidl_typesupport_introspection_cpp.so
[22.380s] -- Set runtime path of "/root/DockerFiles/drone_ws/install/tello_msgs/lib/libtello_msgs__rosidl_typesupport_introspection_cpp.so" to ""
[22.380s] -- Installing: /root/DockerFiles/drone_ws/install/tello_msgs/lib/libtello_msgs__rosidl_typesupport_cpp.so
[22.380s] -- Set runtime path of "/root/DockerFiles/drone_ws/install/tello_msgs/lib/libtello_msgs__rosidl_typesupport_cpp.so" to ""
[22.380s] -- Installing: /root/DockerFiles/drone_ws/install/tello_msgs/share/tello_msgs/environment/pythonpath.sh
[22.380s] -- Installing: /root/DockerFiles/drone_ws/install/tello_msgs/share/tello_msgs/environment/pythonpath.dsv
[22.380s] -- Installing: /root/DockerFiles/drone_ws/install/tello_msgs/lib/python3.8/site-packages/tello_msgs/__init__.py
[22.432s] Compiling '/root/DockerFiles/drone_ws/install/tello_msgs/lib/python3.8/site-packages/tello_msgs/__init__.py'...
[22.434s] -- Installing: /root/DockerFiles/drone_ws/install/tello_msgs/lib/python3.8/site-packages/tello_msgs/msg
[22.434s] -- Installing: /root/DockerFiles/drone_ws/install/tello_msgs/lib/python3.8/site-packages/tello_msgs/msg/_tello_response.py
[22.434s] -- Installing: /root/DockerFiles/drone_ws/install/tello_msgs/lib/python3.8/site-packages/tello_msgs/msg/__init__.py
[22.434s] -- Installing: /root/DockerFiles/drone_ws/install/tello_msgs/lib/python3.8/site-packages/tello_msgs/msg/_tello_response_s.c
[22.434s] -- Installing: /root/DockerFiles/drone_ws/install/tello_msgs/lib/python3.8/site-packages/tello_msgs/msg/_flight_data_s.c
[22.435s] -- Installing: /root/DockerFiles/drone_ws/install/tello_msgs/lib/python3.8/site-packages/tello_msgs/msg/_flight_data.py
[22.435s] -- Installing: /root/DockerFiles/drone_ws/install/tello_msgs/lib/python3.8/site-packages/tello_msgs/srv
[22.435s] -- Installing: /root/DockerFiles/drone_ws/install/tello_msgs/lib/python3.8/site-packages/tello_msgs/srv/__init__.py
[22.435s] -- Installing: /root/DockerFiles/drone_ws/install/tello_msgs/lib/python3.8/site-packages/tello_msgs/srv/_tello_action.py
[22.435s] -- Installing: /root/DockerFiles/drone_ws/install/tello_msgs/lib/python3.8/site-packages/tello_msgs/srv/_tello_action_s.c
[22.437s] -- Installing: /root/DockerFiles/drone_ws/install/tello_msgs/lib/python3.8/site-packages/tello_msgs/tello_msgs_s__rosidl_typesupport_fastrtps_c.cpython-38-x86_64-linux-gnu.so
[22.438s] -- Set runtime path of "/root/DockerFiles/drone_ws/install/tello_msgs/lib/python3.8/site-packages/tello_msgs/tello_msgs_s__rosidl_typesupport_fastrtps_c.cpython-38-x86_64-linux-gnu.so" to ""
[22.438s] -- Installing: /root/DockerFiles/drone_ws/install/tello_msgs/lib/python3.8/site-packages/tello_msgs/tello_msgs_s__rosidl_typesupport_introspection_c.cpython-38-x86_64-linux-gnu.so
[22.438s] -- Set runtime path of "/root/DockerFiles/drone_ws/install/tello_msgs/lib/python3.8/site-packages/tello_msgs/tello_msgs_s__rosidl_typesupport_introspection_c.cpython-38-x86_64-linux-gnu.so" to ""
[22.438s] -- Installing: /root/DockerFiles/drone_ws/install/tello_msgs/lib/python3.8/site-packages/tello_msgs/tello_msgs_s__rosidl_typesupport_c.cpython-38-x86_64-linux-gnu.so
[22.438s] -- Set runtime path of "/root/DockerFiles/drone_ws/install/tello_msgs/lib/python3.8/site-packages/tello_msgs/tello_msgs_s__rosidl_typesupport_c.cpython-38-x86_64-linux-gnu.so" to ""
[22.438s] -- Installing: /root/DockerFiles/drone_ws/install/tello_msgs/lib/libtello_msgs__python.so
[22.438s] -- Set runtime path of "/root/DockerFiles/drone_ws/install/tello_msgs/lib/libtello_msgs__python.so" to ""
[22.438s] -- Installing: /root/DockerFiles/drone_ws/install/tello_msgs/share/tello_msgs/msg/FlightData.idl
[22.438s] -- Installing: /root/DockerFiles/drone_ws/install/tello_msgs/share/tello_msgs/msg/TelloResponse.idl
[22.438s] -- Installing: /root/DockerFiles/drone_ws/install/tello_msgs/share/tello_msgs/srv/TelloAction.idl
[22.439s] -- Installing: /root/DockerFiles/drone_ws/install/tello_msgs/share/tello_msgs/msg/FlightData.msg
[22.439s] -- Installing: /root/DockerFiles/drone_ws/install/tello_msgs/share/tello_msgs/msg/TelloResponse.msg
[22.439s] -- Installing: /root/DockerFiles/drone_ws/install/tello_msgs/share/tello_msgs/srv/TelloAction.srv
[22.440s] -- Installing: /root/DockerFiles/drone_ws/install/tello_msgs/share/tello_msgs/srv/TelloAction_Request.msg
[22.445s] -- Installing: /root/DockerFiles/drone_ws/install/tello_msgs/share/tello_msgs/srv/TelloAction_Response.msg
[22.446s] -- Installing: /root/DockerFiles/drone_ws/install/tello_msgs/share/ament_index/resource_index/package_run_dependencies/tello_msgs
[22.447s] -- Installing: /root/DockerFiles/drone_ws/install/tello_msgs/share/ament_index/resource_index/parent_prefix_path/tello_msgs
[22.450s] -- Installing: /root/DockerFiles/drone_ws/install/tello_msgs/share/tello_msgs/environment/ament_prefix_path.sh
[22.451s] -- Installing: /root/DockerFiles/drone_ws/install/tello_msgs/share/tello_msgs/environment/ament_prefix_path.dsv
[22.451s] -- Installing: /root/DockerFiles/drone_ws/install/tello_msgs/share/tello_msgs/environment/path.sh
[22.451s] -- Installing: /root/DockerFiles/drone_ws/install/tello_msgs/share/tello_msgs/environment/path.dsv
[22.451s] -- Installing: /root/DockerFiles/drone_ws/install/tello_msgs/share/tello_msgs/local_setup.bash
[22.451s] -- Installing: /root/DockerFiles/drone_ws/install/tello_msgs/share/tello_msgs/local_setup.sh
[22.451s] -- Installing: /root/DockerFiles/drone_ws/install/tello_msgs/share/tello_msgs/local_setup.zsh
[22.451s] -- Installing: /root/DockerFiles/drone_ws/install/tello_msgs/share/tello_msgs/local_setup.dsv
[22.451s] -- Installing: /root/DockerFiles/drone_ws/install/tello_msgs/share/tello_msgs/package.dsv
[22.452s] -- Installing: /root/DockerFiles/drone_ws/install/tello_msgs/share/ament_index/resource_index/packages/tello_msgs
[22.455s] -- Installing: /root/DockerFiles/drone_ws/install/tello_msgs/share/tello_msgs/cmake/tello_msgs__rosidl_generator_cExport.cmake
[22.455s] -- Installing: /root/DockerFiles/drone_ws/install/tello_msgs/share/tello_msgs/cmake/tello_msgs__rosidl_generator_cExport-noconfig.cmake
[22.455s] -- Installing: /root/DockerFiles/drone_ws/install/tello_msgs/share/tello_msgs/cmake/tello_msgs__rosidl_typesupport_introspection_cExport.cmake
[22.456s] -- Installing: /root/DockerFiles/drone_ws/install/tello_msgs/share/tello_msgs/cmake/tello_msgs__rosidl_typesupport_introspection_cExport-noconfig.cmake
[22.456s] -- Installing: /root/DockerFiles/drone_ws/install/tello_msgs/share/tello_msgs/cmake/tello_msgs__rosidl_typesupport_cExport.cmake
[22.456s] -- Installing: /root/DockerFiles/drone_ws/install/tello_msgs/share/tello_msgs/cmake/tello_msgs__rosidl_typesupport_cExport-noconfig.cmake
[22.456s] -- Installing: /root/DockerFiles/drone_ws/install/tello_msgs/share/tello_msgs/cmake/tello_msgs__rosidl_generator_cppExport.cmake
[22.456s] -- Installing: /root/DockerFiles/drone_ws/install/tello_msgs/share/tello_msgs/cmake/tello_msgs__rosidl_typesupport_introspection_cppExport.cmake
[22.456s] -- Installing: /root/DockerFiles/drone_ws/install/tello_msgs/share/tello_msgs/cmake/tello_msgs__rosidl_typesupport_introspection_cppExport-noconfig.cmake
[22.456s] -- Installing: /root/DockerFiles/drone_ws/install/tello_msgs/share/tello_msgs/cmake/tello_msgs__rosidl_typesupport_cppExport.cmake
[22.456s] -- Installing: /root/DockerFiles/drone_ws/install/tello_msgs/share/tello_msgs/cmake/tello_msgs__rosidl_typesupport_cppExport-noconfig.cmake
[22.456s] -- Installing: /root/DockerFiles/drone_ws/install/tello_msgs/share/tello_msgs/cmake/rosidl_cmake-extras.cmake
[22.456s] -- Installing: /root/DockerFiles/drone_ws/install/tello_msgs/share/tello_msgs/cmake/ament_cmake_export_dependencies-extras.cmake
[22.456s] -- Installing: /root/DockerFiles/drone_ws/install/tello_msgs/share/tello_msgs/cmake/ament_cmake_export_libraries-extras.cmake
[22.457s] -- Installing: /root/DockerFiles/drone_ws/install/tello_msgs/share/tello_msgs/cmake/ament_cmake_export_targets-extras.cmake
[22.457s] -- Installing: /root/DockerFiles/drone_ws/install/tello_msgs/share/tello_msgs/cmake/ament_cmake_export_include_directories-extras.cmake
[22.457s] -- Installing: /root/DockerFiles/drone_ws/install/tello_msgs/share/tello_msgs/cmake/rosidl_cmake_export_typesupport_libraries-extras.cmake
[22.457s] -- Installing: /root/DockerFiles/drone_ws/install/tello_msgs/share/tello_msgs/cmake/rosidl_cmake_export_typesupport_targets-extras.cmake
[22.457s] -- Installing: /root/DockerFiles/drone_ws/install/tello_msgs/share/tello_msgs/cmake/tello_msgsConfig.cmake
[22.457s] -- Installing: /root/DockerFiles/drone_ws/install/tello_msgs/share/tello_msgs/cmake/tello_msgsConfig-version.cmake
[22.457s] -- Installing: /root/DockerFiles/drone_ws/install/tello_msgs/share/tello_msgs/package.xml
[22.468s] Invoked command in '/root/DockerFiles/drone_ws/build/tello_msgs' returned '0': CMAKE_PREFIX_PATH=${CMAKE_PREFIX_PATH}:/root/DockerFiles/drone_ws/install/tello_mission:/root/DockerFiles/drone_ws/install/tello_hand_move:/root/DockerFiles/drone_ws/install/tello_controller:/root/DockerFiles/drone_ws/install/tello_camera:/opt/ros/foxy /usr/bin/cmake --install /root/DockerFiles/drone_ws/build/tello_msgs
