[0.855s] Invoking command in '/root/DockerFiles/drone_ws/build/tello_description': CMAKE_PREFIX_PATH=/opt/ros/foxy /usr/bin/cmake /root/DockerFiles/drone_ws/src/tello_ros/tello_description -DCMAKE_INSTALL_PREFIX=/root/DockerFiles/drone_ws/install/tello_description
[1.746s] -- The C compiler identification is GNU 9.4.0
[1.746s] -- The CXX compiler identification is GNU 9.4.0
[1.746s] -- Check for working C compiler: /usr/bin/cc
[1.746s] -- Check for working C compiler: /usr/bin/cc -- works
[1.746s] -- Detecting C compiler ABI info
[1.746s] -- Detecting C compiler ABI info - done
[1.746s] -- Detecting C compile features
[1.746s] -- Detecting C compile features - done
[1.746s] -- Check for working CXX compiler: /usr/bin/c++
[1.747s] -- Check for working CXX compiler: /usr/bin/c++ -- works
[1.747s] -- Detecting CXX compiler ABI info
[1.844s] -- Detecting CXX compiler ABI info - done
[1.878s] -- Detecting CXX compile features
[1.878s] -- Detecting CXX compile features - done
[1.892s] -- Found ament_cmake: 0.9.12 (/opt/ros/foxy/share/ament_cmake/cmake)
[1.950s] -- Found PythonInterp: /usr/bin/python3 (found suitable version "3.8.10", minimum required is "3") 
[1.952s] -- Using PYTHON_EXECUTABLE: /usr/bin/python3
[2.368s] -- creating rules for /root/DockerFiles/drone_ws/build/tello_description/urdf/tello.urdf
[2.368s] -- creating rules for /root/DockerFiles/drone_ws/build/tello_description/urdf/tello_1.urdf
[2.368s] -- creating rules for /root/DockerFiles/drone_ws/build/tello_description/urdf/tello_2.urdf
[2.368s] -- creating rules for /root/DockerFiles/drone_ws/build/tello_description/urdf/tello_3.urdf
[2.368s] -- creating rules for /root/DockerFiles/drone_ws/build/tello_description/urdf/tello_4.urdf
[2.368s] -- creating rules for /root/DockerFiles/drone_ws/build/tello_description/urdf/tello_5.urdf
[2.368s] -- creating rules for /root/DockerFiles/drone_ws/build/tello_description/urdf/tello_6.urdf
[2.368s] -- creating rules for /root/DockerFiles/drone_ws/build/tello_description/urdf/tello_7.urdf
[2.368s] -- creating rules for /root/DockerFiles/drone_ws/build/tello_description/urdf/tello_8.urdf
[2.602s] -- Configuring done
[2.687s] -- Generating done
[2.712s] -- Build files have been written to: /root/DockerFiles/drone_ws/build/tello_description
[2.750s] Invoked command in '/root/DockerFiles/drone_ws/build/tello_description' returned '0': CMAKE_PREFIX_PATH=/opt/ros/foxy /usr/bin/cmake /root/DockerFiles/drone_ws/src/tello_ros/tello_description -DCMAKE_INSTALL_PREFIX=/root/DockerFiles/drone_ws/install/tello_description
[2.752s] Invoking command in '/root/DockerFiles/drone_ws/build/tello_description': CMAKE_PREFIX_PATH=/opt/ros/foxy /usr/bin/cmake --build /root/DockerFiles/drone_ws/build/tello_description -- -j12 -l12
[2.861s] [35m[1mScanning dependencies of target generate_urdf_6[0m
[2.903s] [ 11%] [34m[1mGenerate /root/DockerFiles/drone_ws/build/tello_description/urdf/tello_6.urdf[0m
[3.002s] [ 11%] Built target generate_urdf_6
[3.037s] [35m[1mScanning dependencies of target generate_urdf_2[0m
[3.050s] [ 22%] [34m[1mGenerate /root/DockerFiles/drone_ws/build/tello_description/urdf/tello_2.urdf[0m
[3.135s] [ 22%] Built target generate_urdf_2
[3.171s] [35m[1mScanning dependencies of target generate_urdf_7[0m
[3.194s] [ 33%] [34m[1mGenerate /root/DockerFiles/drone_ws/build/tello_description/urdf/tello_7.urdf[0m
[3.289s] [ 33%] Built target generate_urdf_7
[3.321s] [35m[1mScanning dependencies of target generate_urdf_5[0m
[3.351s] [ 44%] [34m[1mGenerate /root/DockerFiles/drone_ws/build/tello_description/urdf/tello_5.urdf[0m
[3.438s] [ 44%] Built target generate_urdf_5
[3.459s] [35m[1mScanning dependencies of target generate_urdf_4[0m
[3.509s] [ 55%] [34m[1mGenerate /root/DockerFiles/drone_ws/build/tello_description/urdf/tello_4.urdf[0m
[3.630s] [ 55%] Built target generate_urdf_4
[3.654s] [35m[1mScanning dependencies of target generate_urdf_8[0m
[3.685s] [ 66%] [34m[1mGenerate /root/DockerFiles/drone_ws/build/tello_description/urdf/tello_8.urdf[0m
[3.765s] [ 66%] Built target generate_urdf_8
[3.785s] [35m[1mScanning dependencies of target generate_urdf_3[0m
[3.810s] [ 77%] [34m[1mGenerate /root/DockerFiles/drone_ws/build/tello_description/urdf/tello_3.urdf[0m
[3.893s] [ 77%] Built target generate_urdf_3
[3.916s] [35m[1mScanning dependencies of target generate_urdf_1[0m
[3.932s] [ 88%] [34m[1mGenerate /root/DockerFiles/drone_ws/build/tello_description/urdf/tello_1.urdf[0m
[4.030s] [ 88%] Built target generate_urdf_1
[4.050s] [35m[1mScanning dependencies of target generate_urdf[0m
[4.103s] [100%] [34m[1mGenerate /root/DockerFiles/drone_ws/build/tello_description/urdf/tello.urdf[0m
[4.190s] [100%] Built target generate_urdf
[4.214s] Invoked command in '/root/DockerFiles/drone_ws/build/tello_description' returned '0': CMAKE_PREFIX_PATH=/opt/ros/foxy /usr/bin/cmake --build /root/DockerFiles/drone_ws/build/tello_description -- -j12 -l12
[4.323s] Invoking command in '/root/DockerFiles/drone_ws/build/tello_description': CMAKE_PREFIX_PATH=/opt/ros/foxy /usr/bin/cmake --install /root/DockerFiles/drone_ws/build/tello_description
[4.341s] -- Install configuration: ""
[4.341s] -- Installing: /root/DockerFiles/drone_ws/install/tello_description/share/tello_description/urdf
[4.342s] -- Installing: /root/DockerFiles/drone_ws/install/tello_description/share/tello_description/urdf/tello_8.urdf
[4.342s] -- Installing: /root/DockerFiles/drone_ws/install/tello_description/share/tello_description/urdf/tello_3.urdf
[4.343s] -- Installing: /root/DockerFiles/drone_ws/install/tello_description/share/tello_description/urdf/tello_1.urdf
[4.343s] -- Installing: /root/DockerFiles/drone_ws/install/tello_description/share/tello_description/urdf/tello_5.urdf
[4.344s] -- Installing: /root/DockerFiles/drone_ws/install/tello_description/share/tello_description/urdf/tello_4.urdf
[4.344s] -- Installing: /root/DockerFiles/drone_ws/install/tello_description/share/tello_description/urdf/tello_6.urdf
[4.345s] -- Installing: /root/DockerFiles/drone_ws/install/tello_description/share/tello_description/urdf/tello_2.urdf
[4.345s] -- Installing: /root/DockerFiles/drone_ws/install/tello_description/share/tello_description/urdf/tello_7.urdf
[4.345s] -- Installing: /root/DockerFiles/drone_ws/install/tello_description/share/tello_description/urdf/tello.urdf
[4.346s] -- Installing: /root/DockerFiles/drone_ws/install/tello_description/share/ament_index/resource_index/package_run_dependencies/tello_description
[4.346s] -- Installing: /root/DockerFiles/drone_ws/install/tello_description/share/ament_index/resource_index/parent_prefix_path/tello_description
[4.346s] -- Installing: /root/DockerFiles/drone_ws/install/tello_description/share/tello_description/environment/ament_prefix_path.sh
[4.347s] -- Installing: /root/DockerFiles/drone_ws/install/tello_description/share/tello_description/environment/ament_prefix_path.dsv
[4.347s] -- Installing: /root/DockerFiles/drone_ws/install/tello_description/share/tello_description/environment/path.sh
[4.348s] -- Installing: /root/DockerFiles/drone_ws/install/tello_description/share/tello_description/environment/path.dsv
[4.349s] -- Installing: /root/DockerFiles/drone_ws/install/tello_description/share/tello_description/local_setup.bash
[4.349s] -- Installing: /root/DockerFiles/drone_ws/install/tello_description/share/tello_description/local_setup.sh
[4.350s] -- Installing: /root/DockerFiles/drone_ws/install/tello_description/share/tello_description/local_setup.zsh
[4.350s] -- Installing: /root/DockerFiles/drone_ws/install/tello_description/share/tello_description/local_setup.dsv
[4.350s] -- Installing: /root/DockerFiles/drone_ws/install/tello_description/share/tello_description/package.dsv
[4.350s] -- Installing: /root/DockerFiles/drone_ws/install/tello_description/share/ament_index/resource_index/packages/tello_description
[4.350s] -- Installing: /root/DockerFiles/drone_ws/install/tello_description/share/tello_description/cmake/tello_descriptionConfig.cmake
[4.351s] -- Installing: /root/DockerFiles/drone_ws/install/tello_description/share/tello_description/cmake/tello_descriptionConfig-version.cmake
[4.351s] -- Installing: /root/DockerFiles/drone_ws/install/tello_description/share/tello_description/package.xml
[4.362s] Invoked command in '/root/DockerFiles/drone_ws/build/tello_description' returned '0': CMAKE_PREFIX_PATH=/opt/ros/foxy /usr/bin/cmake --install /root/DockerFiles/drone_ws/build/tello_description
