[0.048s] Invoking command in '/root/DockerFiles/drone_ws/build/tello_driver': CMAKE_PREFIX_PATH=/root/DockerFiles/drone_ws/install/tello_msgs:/root/DockerFiles/drone_ws/install/ros2_shared:/root/DockerFiles/drone_ws/install/tello_gazebo:/root/DockerFiles/drone_ws/install/tello_driver:/root/DockerFiles/drone_ws/install/tello_description:/root/DockerFiles/drone_ws/install/tello_mission:/root/DockerFiles/drone_ws/install/tello_hand_move:/root/DockerFiles/drone_ws/install/tello_controller:/root/DockerFiles/drone_ws/install/tello_camera:/opt/ros/foxy LD_LIBRARY_PATH=/root/DockerFiles/drone_ws/install/tello_msgs/lib:/root/DockerFiles/drone_ws/install/tello_gazebo/lib:/root/DockerFiles/drone_ws/install/tello_driver/lib:/usr/lib/x86_64-linux-gnu/gazebo-11/plugins:/opt/ros/foxy/opt/yaml_cpp_vendor/lib:/opt/ros/foxy/opt/rviz_ogre_vendor/lib:/opt/ros/foxy/lib/x86_64-linux-gnu:/opt/ros/foxy/lib /usr/bin/cmake /root/DockerFiles/drone_ws/src/tello_ros/tello_driver -DCMAKE_INSTALL_PREFIX=/root/DockerFiles/drone_ws/install/tello_driver
[0.146s] -- The C compiler identification is GNU 9.4.0
[0.236s] -- The CXX compiler identification is GNU 9.4.0
[0.245s] -- Check for working C compiler: /usr/bin/cc
[0.387s] -- Check for working C compiler: /usr/bin/cc -- works
[0.387s] -- Detecting C compiler ABI info
[0.506s] -- Detecting C compiler ABI info - done
[0.525s] -- Detecting C compile features
[0.525s] -- Detecting C compile features - done
[0.528s] -- Check for working CXX compiler: /usr/bin/c++
[0.654s] -- Check for working CXX compiler: /usr/bin/c++ -- works
[0.656s] -- Detecting CXX compiler ABI info
[0.797s] -- Detecting CXX compiler ABI info - done
[0.819s] -- Detecting CXX compile features
[0.819s] -- Detecting CXX compile features - done
[0.824s] -- Found ament_cmake: 0.9.12 (/opt/ros/foxy/share/ament_cmake/cmake)
[0.863s] -- Found PythonInterp: /usr/bin/python3 (found suitable version "3.8.10", minimum required is "3") 
[0.863s] -- Using PYTHON_EXECUTABLE: /usr/bin/python3
[1.193s] -- Found camera_calibration_parsers: 2.4.0 (/opt/ros/foxy/share/camera_calibration_parsers/cmake)
[1.290s] -- Using all available rosidl_typesupport_c: rosidl_typesupport_fastrtps_c;rosidl_typesupport_introspection_c
[1.304s] -- Found rosidl_adapter: 1.3.1 (/opt/ros/foxy/share/rosidl_adapter/cmake)
[1.464s] -- Found OpenSSL: /usr/lib/x86_64-linux-gnu/libcrypto.so (found version "1.1.1f")  
[1.513s] -- Found FastRTPS: /opt/ros/foxy/include  
[1.659s] -- Using all available rosidl_typesupport_cpp: rosidl_typesupport_fastrtps_cpp;rosidl_typesupport_introspection_cpp
[1.757s] -- Found rmw_implementation_cmake: 1.0.4 (/opt/ros/foxy/share/rmw_implementation_cmake/cmake)
[1.761s] -- Using RMW implementation 'rmw_fastrtps_cpp' as default
[1.761s] -- Looking for pthread.h
[1.882s] -- Looking for pthread.h - found
[1.883s] -- Performing Test CMAKE_HAVE_LIBC_PTHREAD
[2.009s] -- Performing Test CMAKE_HAVE_LIBC_PTHREAD - Failed
[2.010s] -- Looking for pthread_create in pthreads
[2.118s] -- Looking for pthread_create in pthreads - not found
[2.118s] -- Looking for pthread_create in pthread
[2.233s] -- Looking for pthread_create in pthread - found
[2.234s] -- Found Threads: TRUE  
[2.667s] -- Setting yaml-cpp_DIR to: '/opt/ros/foxy/share/yaml_cpp_vendor/cmake/../../../opt/yaml_cpp_vendor/lib/cmake/yaml-cpp'
[2.675s] -- Found class_loader: 2.0.3 (/opt/ros/foxy/share/class_loader/cmake)
[2.685s] -- Found cv_bridge: 3.0.7 (/opt/ros/foxy/share/cv_bridge/cmake)
[2.736s] -- Found OpenCV: /usr (found version "4.2.0") 
[2.736s] -- Found rclcpp_components: 2.4.3 (/opt/ros/foxy/share/rclcpp_components/cmake)
[2.824s] -- Found ros2_shared: 0.1.0 (/root/DockerFiles/drone_ws/install/ros2_shared/share/ros2_shared/cmake)
[2.828s] -- Found tello_msgs: 0.1.0 (/root/DockerFiles/drone_ws/install/tello_msgs/share/tello_msgs/cmake)
[3.160s] -- Configuring done
[3.263s] -- Generating done
[3.266s] -- Build files have been written to: /root/DockerFiles/drone_ws/build/tello_driver
[3.292s] Invoked command in '/root/DockerFiles/drone_ws/build/tello_driver' returned '0': CMAKE_PREFIX_PATH=/root/DockerFiles/drone_ws/install/tello_msgs:/root/DockerFiles/drone_ws/install/ros2_shared:/root/DockerFiles/drone_ws/install/tello_gazebo:/root/DockerFiles/drone_ws/install/tello_driver:/root/DockerFiles/drone_ws/install/tello_description:/root/DockerFiles/drone_ws/install/tello_mission:/root/DockerFiles/drone_ws/install/tello_hand_move:/root/DockerFiles/drone_ws/install/tello_controller:/root/DockerFiles/drone_ws/install/tello_camera:/opt/ros/foxy LD_LIBRARY_PATH=/root/DockerFiles/drone_ws/install/tello_msgs/lib:/root/DockerFiles/drone_ws/install/tello_gazebo/lib:/root/DockerFiles/drone_ws/install/tello_driver/lib:/usr/lib/x86_64-linux-gnu/gazebo-11/plugins:/opt/ros/foxy/opt/yaml_cpp_vendor/lib:/opt/ros/foxy/opt/rviz_ogre_vendor/lib:/opt/ros/foxy/lib/x86_64-linux-gnu:/opt/ros/foxy/lib /usr/bin/cmake /root/DockerFiles/drone_ws/src/tello_ros/tello_driver -DCMAKE_INSTALL_PREFIX=/root/DockerFiles/drone_ws/install/tello_driver
[3.293s] Invoking command in '/root/DockerFiles/drone_ws/build/tello_driver': CMAKE_PREFIX_PATH=/root/DockerFiles/drone_ws/install/tello_msgs:/root/DockerFiles/drone_ws/install/ros2_shared:/root/DockerFiles/drone_ws/install/tello_gazebo:/root/DockerFiles/drone_ws/install/tello_driver:/root/DockerFiles/drone_ws/install/tello_description:/root/DockerFiles/drone_ws/install/tello_mission:/root/DockerFiles/drone_ws/install/tello_hand_move:/root/DockerFiles/drone_ws/install/tello_controller:/root/DockerFiles/drone_ws/install/tello_camera:/opt/ros/foxy LD_LIBRARY_PATH=/root/DockerFiles/drone_ws/install/tello_msgs/lib:/root/DockerFiles/drone_ws/install/tello_gazebo/lib:/root/DockerFiles/drone_ws/install/tello_driver/lib:/usr/lib/x86_64-linux-gnu/gazebo-11/plugins:/opt/ros/foxy/opt/yaml_cpp_vendor/lib:/opt/ros/foxy/opt/rviz_ogre_vendor/lib:/opt/ros/foxy/lib/x86_64-linux-gnu:/opt/ros/foxy/lib /usr/bin/cmake --build /root/DockerFiles/drone_ws/build/tello_driver -- -j12 -l12
[3.365s] [35m[1mScanning dependencies of target tello_joy_main[0m
[3.433s] [  4%] [32mBuilding CXX object CMakeFiles/tello_joy_main.dir/src/tello_joy_main.cpp.o[0m
[5.964s] [  9%] [32mBuilding CXX object CMakeFiles/tello_joy_main.dir/src/tello_joy_node.cpp.o[0m
[14.554s] [ 13%] [32m[1mLinking CXX executable tello_joy_main[0m
[15.233s] [ 13%] Built target tello_joy_main
[15.273s] [35m[1mScanning dependencies of target tello_joy_node[0m
[15.360s] [ 18%] [32mBuilding CXX object CMakeFiles/tello_joy_node.dir/src/tello_joy_node.cpp.o[0m
[24.409s] [ 22%] [32m[1mLinking CXX shared library libtello_joy_node.so[0m
[24.924s] [ 22%] Built target tello_joy_node
[24.939s] [35m[1mScanning dependencies of target tello_emulator[0m
[24.956s] [ 27%] [32mBuilding CXX object CMakeFiles/tello_emulator.dir/src/tello_emulator.cpp.o[0m
[26.750s] [ 31%] [32m[1mLinking CXX executable tello_emulator[0m
[26.923s] [ 31%] Built target tello_emulator
[26.940s] [35m[1mScanning dependencies of target tello_driver_main[0m
[27.083s] [ 36%] [32mBuilding CXX object CMakeFiles/tello_driver_main.dir/src/tello_driver_main.cpp.o[0m
[31.313s] [ 40%] [32mBuilding CXX object CMakeFiles/tello_driver_main.dir/h264decoder/h264decoder.cpp.o[0m
[31.630s] [ 45%] [32mBuilding CXX object CMakeFiles/tello_driver_main.dir/src/video_socket.cpp.o[0m
[36.243s] [ 50%] [32mBuilding CXX object CMakeFiles/tello_driver_main.dir/src/state_socket.cpp.o[0m
[43.047s] [ 54%] [32mBuilding CXX object CMakeFiles/tello_driver_main.dir/src/command_socket.cpp.o[0m
[47.428s] [ 59%] [32mBuilding CXX object CMakeFiles/tello_driver_main.dir/src/tello_socket.cpp.o[0m
[51.455s] [ 63%] [32mBuilding CXX object CMakeFiles/tello_driver_main.dir/src/tello_driver_node.cpp.o[0m
[62.781s] [ 68%] [32m[1mLinking CXX executable tello_driver_main[0m
[64.539s] [ 68%] Built target tello_driver_main
[64.557s] [35m[1mScanning dependencies of target tello_driver_node[0m
[64.689s] [ 72%] [32mBuilding CXX object CMakeFiles/tello_driver_node.dir/src/tello_driver_node.cpp.o[0m
[75.852s] [ 77%] [32mBuilding CXX object CMakeFiles/tello_driver_node.dir/h264decoder/h264decoder.cpp.o[0m
[76.188s] [ 81%] [32mBuilding CXX object CMakeFiles/tello_driver_node.dir/src/video_socket.cpp.o[0m
[80.619s] [ 86%] [32mBuilding CXX object CMakeFiles/tello_driver_node.dir/src/state_socket.cpp.o[0m
[87.576s] [ 90%] [32mBuilding CXX object CMakeFiles/tello_driver_node.dir/src/command_socket.cpp.o[0m
[91.951s] [ 95%] [32mBuilding CXX object CMakeFiles/tello_driver_node.dir/src/tello_socket.cpp.o[0m
[95.885s] [100%] [32m[1mLinking CXX shared library libtello_driver_node.so[0m
[97.073s] [100%] Built target tello_driver_node
[97.093s] Invoked command in '/root/DockerFiles/drone_ws/build/tello_driver' returned '0': CMAKE_PREFIX_PATH=/root/DockerFiles/drone_ws/install/tello_msgs:/root/DockerFiles/drone_ws/install/ros2_shared:/root/DockerFiles/drone_ws/install/tello_gazebo:/root/DockerFiles/drone_ws/install/tello_driver:/root/DockerFiles/drone_ws/install/tello_description:/root/DockerFiles/drone_ws/install/tello_mission:/root/DockerFiles/drone_ws/install/tello_hand_move:/root/DockerFiles/drone_ws/install/tello_controller:/root/DockerFiles/drone_ws/install/tello_camera:/opt/ros/foxy LD_LIBRARY_PATH=/root/DockerFiles/drone_ws/install/tello_msgs/lib:/root/DockerFiles/drone_ws/install/tello_gazebo/lib:/root/DockerFiles/drone_ws/install/tello_driver/lib:/usr/lib/x86_64-linux-gnu/gazebo-11/plugins:/opt/ros/foxy/opt/yaml_cpp_vendor/lib:/opt/ros/foxy/opt/rviz_ogre_vendor/lib:/opt/ros/foxy/lib/x86_64-linux-gnu:/opt/ros/foxy/lib /usr/bin/cmake --build /root/DockerFiles/drone_ws/build/tello_driver -- -j12 -l12
[97.171s] Invoking command in '/root/DockerFiles/drone_ws/build/tello_driver': CMAKE_PREFIX_PATH=/root/DockerFiles/drone_ws/install/tello_msgs:/root/DockerFiles/drone_ws/install/ros2_shared:/root/DockerFiles/drone_ws/install/tello_gazebo:/root/DockerFiles/drone_ws/install/tello_driver:/root/DockerFiles/drone_ws/install/tello_description:/root/DockerFiles/drone_ws/install/tello_mission:/root/DockerFiles/drone_ws/install/tello_hand_move:/root/DockerFiles/drone_ws/install/tello_controller:/root/DockerFiles/drone_ws/install/tello_camera:/opt/ros/foxy LD_LIBRARY_PATH=/root/DockerFiles/drone_ws/install/tello_msgs/lib:/root/DockerFiles/drone_ws/install/tello_gazebo/lib:/root/DockerFiles/drone_ws/install/tello_driver/lib:/usr/lib/x86_64-linux-gnu/gazebo-11/plugins:/opt/ros/foxy/opt/yaml_cpp_vendor/lib:/opt/ros/foxy/opt/rviz_ogre_vendor/lib:/opt/ros/foxy/lib/x86_64-linux-gnu:/opt/ros/foxy/lib /usr/bin/cmake --install /root/DockerFiles/drone_ws/build/tello_driver
[97.188s] -- Install configuration: ""
[97.189s] -- Installing: /root/DockerFiles/drone_ws/install/tello_driver/share/tello_driver/environment/library_path.sh
[97.189s] -- Installing: /root/DockerFiles/drone_ws/install/tello_driver/share/tello_driver/environment/library_path.dsv
[97.189s] -- Installing: /root/DockerFiles/drone_ws/install/tello_driver/lib/libtello_driver_node.so
[97.206s] -- Set runtime path of "/root/DockerFiles/drone_ws/install/tello_driver/lib/libtello_driver_node.so" to ""
[97.206s] -- Installing: /root/DockerFiles/drone_ws/install/tello_driver/lib/libtello_joy_node.so
[97.214s] -- Set runtime path of "/root/DockerFiles/drone_ws/install/tello_driver/lib/libtello_joy_node.so" to ""
[97.215s] -- Installing: /root/DockerFiles/drone_ws/install/tello_driver/lib/tello_driver/tello_driver_main
[97.220s] -- Set runtime path of "/root/DockerFiles/drone_ws/install/tello_driver/lib/tello_driver/tello_driver_main" to ""
[97.220s] -- Installing: /root/DockerFiles/drone_ws/install/tello_driver/lib/tello_driver/tello_joy_main
[97.224s] -- Set runtime path of "/root/DockerFiles/drone_ws/install/tello_driver/lib/tello_driver/tello_joy_main" to ""
[97.224s] -- Installing: /root/DockerFiles/drone_ws/install/tello_driver/lib/tello_driver/tello_emulator
[97.224s] -- Installing: /root/DockerFiles/drone_ws/install/tello_driver/share/tello_driver/cfg
[97.225s] -- Installing: /root/DockerFiles/drone_ws/install/tello_driver/share/tello_driver/cfg/camera_info.yaml
[97.225s] -- Installing: /root/DockerFiles/drone_ws/install/tello_driver/share/tello_driver/launch
[97.225s] -- Installing: /root/DockerFiles/drone_ws/install/tello_driver/share/tello_driver/launch/teleop_launch.py
[97.225s] -- Installing: /root/DockerFiles/drone_ws/install/tello_driver/share/tello_driver/launch/emulators_launch.py
[97.225s] -- Installing: /root/DockerFiles/drone_ws/install/tello_driver/share/tello_driver/launch/emulator_launch.py
[97.225s] -- Installing: /root/DockerFiles/drone_ws/install/tello_driver/share/ament_index/resource_index/package_run_dependencies/tello_driver
[97.225s] -- Installing: /root/DockerFiles/drone_ws/install/tello_driver/share/ament_index/resource_index/parent_prefix_path/tello_driver
[97.226s] -- Installing: /root/DockerFiles/drone_ws/install/tello_driver/share/tello_driver/environment/ament_prefix_path.sh
[97.226s] -- Installing: /root/DockerFiles/drone_ws/install/tello_driver/share/tello_driver/environment/ament_prefix_path.dsv
[97.228s] -- Installing: /root/DockerFiles/drone_ws/install/tello_driver/share/tello_driver/environment/path.sh
[97.228s] -- Installing: /root/DockerFiles/drone_ws/install/tello_driver/share/tello_driver/environment/path.dsv
[97.229s] -- Installing: /root/DockerFiles/drone_ws/install/tello_driver/share/tello_driver/local_setup.bash
[97.229s] -- Installing: /root/DockerFiles/drone_ws/install/tello_driver/share/tello_driver/local_setup.sh
[97.229s] -- Installing: /root/DockerFiles/drone_ws/install/tello_driver/share/tello_driver/local_setup.zsh
[97.229s] -- Installing: /root/DockerFiles/drone_ws/install/tello_driver/share/tello_driver/local_setup.dsv
[97.229s] -- Installing: /root/DockerFiles/drone_ws/install/tello_driver/share/tello_driver/package.dsv
[97.229s] -- Installing: /root/DockerFiles/drone_ws/install/tello_driver/share/ament_index/resource_index/packages/tello_driver
[97.229s] -- Installing: /root/DockerFiles/drone_ws/install/tello_driver/share/ament_index/resource_index/rclcpp_components/tello_driver
[97.229s] -- Installing: /root/DockerFiles/drone_ws/install/tello_driver/share/tello_driver/cmake/tello_driverConfig.cmake
[97.229s] -- Installing: /root/DockerFiles/drone_ws/install/tello_driver/share/tello_driver/cmake/tello_driverConfig-version.cmake
[97.229s] -- Installing: /root/DockerFiles/drone_ws/install/tello_driver/share/tello_driver/package.xml
[97.234s] Invoked command in '/root/DockerFiles/drone_ws/build/tello_driver' returned '0': CMAKE_PREFIX_PATH=/root/DockerFiles/drone_ws/install/tello_msgs:/root/DockerFiles/drone_ws/install/ros2_shared:/root/DockerFiles/drone_ws/install/tello_gazebo:/root/DockerFiles/drone_ws/install/tello_driver:/root/DockerFiles/drone_ws/install/tello_description:/root/DockerFiles/drone_ws/install/tello_mission:/root/DockerFiles/drone_ws/install/tello_hand_move:/root/DockerFiles/drone_ws/install/tello_controller:/root/DockerFiles/drone_ws/install/tello_camera:/opt/ros/foxy LD_LIBRARY_PATH=/root/DockerFiles/drone_ws/install/tello_msgs/lib:/root/DockerFiles/drone_ws/install/tello_gazebo/lib:/root/DockerFiles/drone_ws/install/tello_driver/lib:/usr/lib/x86_64-linux-gnu/gazebo-11/plugins:/opt/ros/foxy/opt/yaml_cpp_vendor/lib:/opt/ros/foxy/opt/rviz_ogre_vendor/lib:/opt/ros/foxy/lib/x86_64-linux-gnu:/opt/ros/foxy/lib /usr/bin/cmake --install /root/DockerFiles/drone_ws/build/tello_driver
