[2.818s] Invoking command in '/root/DockerFiles/drone_ws/src/tello_controller': PYTHONPATH=/root/DockerFiles/drone_ws/build/tello_controller/prefix_override:/root/DockerFiles/drone_ws/install/tello_controller/lib/python3.8/site-packages:${PYTHONPATH} /usr/bin/python3 setup.py egg_info --egg-base ../../build/tello_controller build --build-base /root/DockerFiles/drone_ws/build/tello_controller/build install --record /root/DockerFiles/drone_ws/build/tello_controller/install.log --single-version-externally-managed
[3.295s] running egg_info
[3.298s] creating ../../build/tello_controller/tello_controller.egg-info
[3.298s] writing ../../build/tello_controller/tello_controller.egg-info/PKG-INFO
[3.300s] writing dependency_links to ../../build/tello_controller/tello_controller.egg-info/dependency_links.txt
[3.300s] writing requirements to ../../build/tello_controller/tello_controller.egg-info/requires.txt
[3.300s] writing top-level names to ../../build/tello_controller/tello_controller.egg-info/top_level.txt
[3.301s] writing manifest file '../../build/tello_controller/tello_controller.egg-info/SOURCES.txt'
[3.388s] reading manifest file '../../build/tello_controller/tello_controller.egg-info/SOURCES.txt'
[3.390s] writing manifest file '../../build/tello_controller/tello_controller.egg-info/SOURCES.txt'
[3.393s] running build
[3.394s] running build_py
[3.394s] creating /root/DockerFiles/drone_ws/build/tello_controller/build
[3.394s] creating /root/DockerFiles/drone_ws/build/tello_controller/build/lib
[3.394s] creating /root/DockerFiles/drone_ws/build/tello_controller/build/lib/tello_controller
[3.401s] copying tello_controller/tello_controller.py -> /root/DockerFiles/drone_ws/build/tello_controller/build/lib/tello_controller
[3.403s] copying tello_controller/__init__.py -> /root/DockerFiles/drone_ws/build/tello_controller/build/lib/tello_controller
[3.403s] running install
[3.403s] running install_lib
[3.412s] creating /root/DockerFiles/drone_ws/install/tello_controller/lib/python3.8/site-packages/tello_controller
[3.413s] copying /root/DockerFiles/drone_ws/build/tello_controller/build/lib/tello_controller/tello_controller.py -> /root/DockerFiles/drone_ws/install/tello_controller/lib/python3.8/site-packages/tello_controller
[3.414s] copying /root/DockerFiles/drone_ws/build/tello_controller/build/lib/tello_controller/__init__.py -> /root/DockerFiles/drone_ws/install/tello_controller/lib/python3.8/site-packages/tello_controller
[3.416s] byte-compiling /root/DockerFiles/drone_ws/install/tello_controller/lib/python3.8/site-packages/tello_controller/tello_controller.py to tello_controller.cpython-38.pyc
[3.425s] byte-compiling /root/DockerFiles/drone_ws/install/tello_controller/lib/python3.8/site-packages/tello_controller/__init__.py to __init__.cpython-38.pyc
[3.425s] running install_data
[3.426s] creating /root/DockerFiles/drone_ws/install/tello_controller/share/ament_index
[3.426s] creating /root/DockerFiles/drone_ws/install/tello_controller/share/ament_index/resource_index
[3.426s] creating /root/DockerFiles/drone_ws/install/tello_controller/share/ament_index/resource_index/packages
[3.426s] copying resource/tello_controller -> /root/DockerFiles/drone_ws/install/tello_controller/share/ament_index/resource_index/packages
[3.426s] copying package.xml -> /root/DockerFiles/drone_ws/install/tello_controller/share/tello_controller
[3.427s] running install_egg_info
[3.428s] Copying ../../build/tello_controller/tello_controller.egg-info to /root/DockerFiles/drone_ws/install/tello_controller/lib/python3.8/site-packages/tello_controller-0.0.1-py3.8.egg-info
[3.429s] running install_scripts
[3.455s] writing list of installed files to '/root/DockerFiles/drone_ws/build/tello_controller/install.log'
[3.609s] Invoked command in '/root/DockerFiles/drone_ws/src/tello_controller' returned '0': PYTHONPATH=/root/DockerFiles/drone_ws/build/tello_controller/prefix_override:/root/DockerFiles/drone_ws/install/tello_controller/lib/python3.8/site-packages:${PYTHONPATH} /usr/bin/python3 setup.py egg_info --egg-base ../../build/tello_controller build --build-base /root/DockerFiles/drone_ws/build/tello_controller/build install --record /root/DockerFiles/drone_ws/build/tello_controller/install.log --single-version-externally-managed
