[2.385s] Invoking command in '/root/DockerFiles/drone_ws/src/tello_camera': PYTHONPATH=/root/DockerFiles/drone_ws/build/tello_camera/prefix_override:/root/DockerFiles/drone_ws/install/tello_camera/lib/python3.8/site-packages:${PYTHONPATH} /usr/bin/python3 setup.py egg_info --egg-base ../../build/tello_camera build --build-base /root/DockerFiles/drone_ws/build/tello_camera/build install --record /root/DockerFiles/drone_ws/build/tello_camera/install.log --single-version-externally-managed
[2.694s] running egg_info
[2.704s] writing ../../build/tello_camera/tello_camera.egg-info/PKG-INFO
[2.705s] writing dependency_links to ../../build/tello_camera/tello_camera.egg-info/dependency_links.txt
[2.706s] writing entry points to ../../build/tello_camera/tello_camera.egg-info/entry_points.txt
[2.707s] writing requirements to ../../build/tello_camera/tello_camera.egg-info/requires.txt
[2.708s] writing top-level names to ../../build/tello_camera/tello_camera.egg-info/top_level.txt
[2.777s] reading manifest file '../../build/tello_camera/tello_camera.egg-info/SOURCES.txt'
[2.777s] writing manifest file '../../build/tello_camera/tello_camera.egg-info/SOURCES.txt'
[2.777s] running build
[2.777s] running build_py
[2.777s] copying tello_camera/tello_camera_hough.py -> /root/DockerFiles/drone_ws/build/tello_camera/build/lib/tello_camera
[2.777s] running install
[2.777s] running install_lib
[2.777s] copying /root/DockerFiles/drone_ws/build/tello_camera/build/lib/tello_camera/tello_camera_hough.py -> /root/DockerFiles/drone_ws/install/tello_camera/lib/python3.8/site-packages/tello_camera
[2.777s] byte-compiling /root/DockerFiles/drone_ws/install/tello_camera/lib/python3.8/site-packages/tello_camera/tello_camera_hough.py to tello_camera_hough.cpython-38.pyc
[2.778s] running install_data
[2.778s] running install_egg_info
[2.778s] removing '/root/DockerFiles/drone_ws/install/tello_camera/lib/python3.8/site-packages/tello_camera-1.0.0-py3.8.egg-info' (and everything under it)
[2.778s] Copying ../../build/tello_camera/tello_camera.egg-info to /root/DockerFiles/drone_ws/install/tello_camera/lib/python3.8/site-packages/tello_camera-1.0.0-py3.8.egg-info
[2.778s] running install_scripts
[2.793s] Installing tello_camera_contour script to /root/DockerFiles/drone_ws/install/tello_camera/lib/tello_camera
[2.793s] Installing tello_camera_hough script to /root/DockerFiles/drone_ws/install/tello_camera/lib/tello_camera
[2.793s] writing list of installed files to '/root/DockerFiles/drone_ws/build/tello_camera/install.log'
[2.860s] Invoked command in '/root/DockerFiles/drone_ws/src/tello_camera' returned '0': PYTHONPATH=/root/DockerFiles/drone_ws/build/tello_camera/prefix_override:/root/DockerFiles/drone_ws/install/tello_camera/lib/python3.8/site-packages:${PYTHONPATH} /usr/bin/python3 setup.py egg_info --egg-base ../../build/tello_camera build --build-base /root/DockerFiles/drone_ws/build/tello_camera/build install --record /root/DockerFiles/drone_ws/build/tello_camera/install.log --single-version-externally-managed
