running egg_info
creating ../../build/tello_camera/tello_camera.egg-info
writing ../../build/tello_camera/tello_camera.egg-info/PKG-INFO
writing dependency_links to ../../build/tello_camera/tello_camera.egg-info/dependency_links.txt
writing entry points to ../../build/tello_camera/tello_camera.egg-info/entry_points.txt
writing requirements to ../../build/tello_camera/tello_camera.egg-info/requires.txt
writing top-level names to ../../build/tello_camera/tello_camera.egg-info/top_level.txt
writing manifest file '../../build/tello_camera/tello_camera.egg-info/SOURCES.txt'
reading manifest file '../../build/tello_camera/tello_camera.egg-info/SOURCES.txt'
writing manifest file '../../build/tello_camera/tello_camera.egg-info/SOURCES.txt'
running build
running build_py
creating /root/DockerFiles/drone_ws/build/tello_camera/build
creating /root/DockerFiles/drone_ws/build/tello_camera/build/lib
creating /root/DockerFiles/drone_ws/build/tello_camera/build/lib/tello_camera
copying tello_camera/__init__.py -> /root/DockerFiles/drone_ws/build/tello_camera/build/lib/tello_camera
copying tello_camera/circle_detector.py -> /root/DockerFiles/drone_ws/build/tello_camera/build/lib/tello_camera
running install
running install_lib
creating /root/DockerFiles/drone_ws/install/tello_camera/lib/python3.8/site-packages/tello_camera
copying /root/DockerFiles/drone_ws/build/tello_camera/build/lib/tello_camera/__init__.py -> /root/DockerFiles/drone_ws/install/tello_camera/lib/python3.8/site-packages/tello_camera
copying /root/DockerFiles/drone_ws/build/tello_camera/build/lib/tello_camera/circle_detector.py -> /root/DockerFiles/drone_ws/install/tello_camera/lib/python3.8/site-packages/tello_camera
byte-compiling /root/DockerFiles/drone_ws/install/tello_camera/lib/python3.8/site-packages/tello_camera/__init__.py to __init__.cpython-38.pyc
byte-compiling /root/DockerFiles/drone_ws/install/tello_camera/lib/python3.8/site-packages/tello_camera/circle_detector.py to circle_detector.cpython-38.pyc
running install_data
creating /root/DockerFiles/drone_ws/install/tello_camera/share/ament_index
creating /root/DockerFiles/drone_ws/install/tello_camera/share/ament_index/resource_index
creating /root/DockerFiles/drone_ws/install/tello_camera/share/ament_index/resource_index/packages
copying resource/tello_camera -> /root/DockerFiles/drone_ws/install/tello_camera/share/ament_index/resource_index/packages
copying package.xml -> /root/DockerFiles/drone_ws/install/tello_camera/share/tello_camera
running install_egg_info
Copying ../../build/tello_camera/tello_camera.egg-info to /root/DockerFiles/drone_ws/install/tello_camera/lib/python3.8/site-packages/tello_camera-0.0.1-py3.8.egg-info
running install_scripts
Installing circle_detector script to /root/DockerFiles/drone_ws/install/tello_camera/lib/tello_camera
writing list of installed files to '/root/DockerFiles/drone_ws/build/tello_camera/install.log'
