[0.532s] DEBUG:colcon:Command line arguments: ['/usr/bin/colcon', 'build']
[0.532s] DEBUG:colcon:Parsed command line arguments: Namespace(ament_cmake_args=None, base_paths=['.'], build_base='build', catkin_cmake_args=None, catkin_skip_building_tests=False, cmake_args=None, cmake_clean_cache=False, cmake_clean_first=False, cmake_force_configure=False, cmake_target=None, cmake_target_skip_unavailable=False, continue_on_error=False, event_handlers=None, executor='parallel', ignore_user_meta=False, install_base='install', log_base=None, log_level=None, main=<bound method BuildVerb.main of <colcon_core.verb.build.BuildVerb object at 0x70b7ab383880>>, merge_install=False, metas=['./colcon.meta'], mixin=None, mixin_files=None, mixin_verb=('build',), packages_above=None, packages_above_and_dependencies=None, packages_above_depth=None, packages_end=None, packages_ignore=None, packages_ignore_regex=None, packages_select=None, packages_select_build_failed=False, packages_select_by_dep=None, packages_select_regex=None, packages_select_test_failures=False, packages_skip=None, packages_skip_build_finished=False, packages_skip_by_dep=None, packages_skip_regex=None, packages_skip_test_passed=False, packages_skip_up_to=None, packages_start=None, packages_up_to=None, packages_up_to_regex=None, parallel_workers=12, paths=None, symlink_install=False, test_result_base=None, verb_extension=<colcon_core.verb.build.BuildVerb object at 0x70b7ab383880>, verb_name='build', verb_parser=<colcon_mixin.mixin.mixin_argument.MixinArgumentDecorator object at 0x70b7ab383e50>)
[0.585s] Level 1:colcon.colcon_core.package_discovery:discover_packages(colcon_meta) check parameters
[0.586s] INFO:colcon.colcon_metadata.package_discovery.colcon_meta:Using configuration from '/root/.colcon/metadata/default/Gazebo.meta'
[0.587s] INFO:colcon.colcon_metadata.package_discovery.colcon_meta:Using configuration from '/root/.colcon/metadata/default/fastdds.meta'
[0.588s] INFO:colcon.colcon_metadata.package_discovery.colcon_meta:Using configuration from '/root/.colcon/metadata/default/fastrtps.meta'
[0.588s] Level 1:colcon.colcon_core.package_discovery:discover_packages(recursive) check parameters
[0.588s] Level 1:colcon.colcon_core.package_discovery:discover_packages(ignore) check parameters
[0.588s] Level 1:colcon.colcon_core.package_discovery:discover_packages(path) check parameters
[0.588s] Level 1:colcon.colcon_core.package_discovery:discover_packages(colcon_meta) discover
[0.589s] Level 1:colcon.colcon_core.package_discovery:discover_packages(recursive) discover
[0.589s] INFO:colcon.colcon_core.package_discovery:Crawling recursively for packages in '/root/DockerFiles/dronefiles/src/tello_hand_move'
[0.589s] Level 1:colcon.colcon_core.package_identification:_identify(.) by extensions ['ignore', 'ignore_ament_install']
[0.589s] Level 1:colcon.colcon_core.package_identification:_identify(.) by extension 'ignore'
[0.589s] Level 1:colcon.colcon_core.package_identification:_identify(.) by extension 'ignore_ament_install'
[0.589s] Level 1:colcon.colcon_core.package_identification:_identify(.) by extensions ['colcon_pkg']
[0.589s] Level 1:colcon.colcon_core.package_identification:_identify(.) by extension 'colcon_pkg'
[0.590s] Level 1:colcon.colcon_core.package_identification:_identify(.) by extensions ['colcon_meta']
[0.590s] Level 1:colcon.colcon_core.package_identification:_identify(.) by extension 'colcon_meta'
[0.590s] Level 1:colcon.colcon_core.package_identification:_identify(.) by extensions ['ros']
[0.590s] Level 1:colcon.colcon_core.package_identification:_identify(.) by extension 'ros'
[0.646s] DEBUG:colcon.colcon_core.package_identification:Package '.' with type 'ros.ament_python' and name 'tello_hand_move'
[0.646s] Level 1:colcon.colcon_core.package_discovery:discover_packages(recursive) using defaults
[0.646s] Level 1:colcon.colcon_core.package_discovery:discover_packages(ignore) discover
[0.646s] Level 1:colcon.colcon_core.package_discovery:discover_packages(ignore) using defaults
[0.646s] Level 1:colcon.colcon_core.package_discovery:discover_packages(path) discover
[0.646s] Level 1:colcon.colcon_core.package_discovery:discover_packages(path) using defaults
[0.683s] INFO:colcon.colcon_metadata.metadata.colcon_pkg:Updating descriptor of package '.' from colcon.pkg: {'package': {'build_type': 'ament_python'}}
[0.686s] Level 5:colcon.colcon_core.verb:set package 'tello_hand_move' build argument 'cmake_args' from command line to 'None'
[0.687s] Level 5:colcon.colcon_core.verb:set package 'tello_hand_move' build argument 'cmake_target' from command line to 'None'
[0.687s] Level 5:colcon.colcon_core.verb:set package 'tello_hand_move' build argument 'cmake_target_skip_unavailable' from command line to 'False'
[0.687s] Level 5:colcon.colcon_core.verb:set package 'tello_hand_move' build argument 'cmake_clean_cache' from command line to 'False'
[0.687s] Level 5:colcon.colcon_core.verb:set package 'tello_hand_move' build argument 'cmake_clean_first' from command line to 'False'
[0.687s] Level 5:colcon.colcon_core.verb:set package 'tello_hand_move' build argument 'cmake_force_configure' from command line to 'False'
[0.687s] Level 5:colcon.colcon_core.verb:set package 'tello_hand_move' build argument 'ament_cmake_args' from command line to 'None'
[0.687s] Level 5:colcon.colcon_core.verb:set package 'tello_hand_move' build argument 'catkin_cmake_args' from command line to 'None'
[0.687s] Level 5:colcon.colcon_core.verb:set package 'tello_hand_move' build argument 'catkin_skip_building_tests' from command line to 'False'
[0.687s] DEBUG:colcon.colcon_core.verb:Building package 'tello_hand_move' with the following arguments: {'ament_cmake_args': None, 'build_base': '/root/DockerFiles/dronefiles/src/tello_hand_move/build/tello_hand_move', 'catkin_cmake_args': None, 'catkin_skip_building_tests': False, 'cmake_args': None, 'cmake_clean_cache': False, 'cmake_clean_first': False, 'cmake_force_configure': False, 'cmake_target': None, 'cmake_target_skip_unavailable': False, 'install_base': '/root/DockerFiles/dronefiles/src/tello_hand_move/install/tello_hand_move', 'merge_install': False, 'path': '/root/DockerFiles/dronefiles/src/tello_hand_move', 'symlink_install': False, 'test_result_base': None}
[0.688s] INFO:colcon.colcon_core.executor:Executing jobs using 'parallel' executor
[0.695s] DEBUG:colcon.colcon_parallel_executor.executor.parallel:run_until_complete
[0.695s] INFO:colcon.colcon_ros.task.ament_python.build:Building ROS package in '/root/DockerFiles/dronefiles/src/tello_hand_move' with build type 'ament_python'
[0.695s] Level 1:colcon.colcon_core.shell:create_environment_hook('tello_hand_move', 'ament_prefix_path')
[0.707s] INFO:colcon.colcon_core.plugin_system:Skipping extension 'colcon_core.shell.bat': Not used on non-Windows systems
[0.707s] INFO:colcon.colcon_core.shell:Creating environment hook '/root/DockerFiles/dronefiles/src/tello_hand_move/install/tello_hand_move/share/tello_hand_move/hook/ament_prefix_path.ps1'
[0.708s] INFO:colcon.colcon_core.shell:Creating environment descriptor '/root/DockerFiles/dronefiles/src/tello_hand_move/install/tello_hand_move/share/tello_hand_move/hook/ament_prefix_path.dsv'
[0.709s] INFO:colcon.colcon_core.shell:Creating environment hook '/root/DockerFiles/dronefiles/src/tello_hand_move/install/tello_hand_move/share/tello_hand_move/hook/ament_prefix_path.sh'
[0.711s] INFO:colcon.colcon_core.shell:Skip shell extension 'powershell' for command environment: Not usable outside of PowerShell
[0.712s] DEBUG:colcon.colcon_core.shell:Skip shell extension 'dsv' for command environment
[1.073s] WARNING:colcon.colcon_ros.task.ament_python.build:Package 'tello_hand_move' doesn't explicitly install a marker in the package index (colcon-ros currently does it implicitly but that fallback will be removed in the future)
[1.073s] WARNING:colcon.colcon_ros.task.ament_python.build:Package 'tello_hand_move' doesn't explicitly install the 'package.xml' file (colcon-ros currently does it implicitly but that fallback will be removed in the future)
[1.074s] INFO:colcon.colcon_core.task.python.build:Building Python package in '/root/DockerFiles/dronefiles/src/tello_hand_move'
[1.079s] INFO:colcon.colcon_core.shell:Skip shell extension 'powershell' for command environment: Not usable outside of PowerShell
[1.079s] DEBUG:colcon.colcon_core.shell:Skip shell extension 'dsv' for command environment
[1.778s] DEBUG:colcon.colcon_core.event_handler.log_command:Invoking command in '/root/DockerFiles/dronefiles/src/tello_hand_move': PYTHONPATH=/root/DockerFiles/dronefiles/src/tello_hand_move/build/tello_hand_move/prefix_override:/root/DockerFiles/dronefiles/src/tello_hand_move/install/tello_hand_move/lib/python3.8/site-packages:${PYTHONPATH} /usr/bin/python3 setup.py egg_info --egg-base build/tello_hand_move build --build-base /root/DockerFiles/dronefiles/src/tello_hand_move/build/tello_hand_move/build install --record /root/DockerFiles/dronefiles/src/tello_hand_move/build/tello_hand_move/install.log --single-version-externally-managed
[2.304s] Level 1:colcon.colcon_core.environment:checking '/root/DockerFiles/dronefiles/src/tello_hand_move/install/tello_hand_move' for CMake module files
[2.305s] DEBUG:colcon.colcon_core.event_handler.log_command:Invoked command in '/root/DockerFiles/dronefiles/src/tello_hand_move' returned '0': PYTHONPATH=/root/DockerFiles/dronefiles/src/tello_hand_move/build/tello_hand_move/prefix_override:/root/DockerFiles/dronefiles/src/tello_hand_move/install/tello_hand_move/lib/python3.8/site-packages:${PYTHONPATH} /usr/bin/python3 setup.py egg_info --egg-base build/tello_hand_move build --build-base /root/DockerFiles/dronefiles/src/tello_hand_move/build/tello_hand_move/build install --record /root/DockerFiles/dronefiles/src/tello_hand_move/build/tello_hand_move/install.log --single-version-externally-managed
[2.306s] Level 1:colcon.colcon_core.environment:checking '/root/DockerFiles/dronefiles/src/tello_hand_move/install/tello_hand_move' for CMake config files
[2.307s] Level 1:colcon.colcon_core.environment:checking '/root/DockerFiles/dronefiles/src/tello_hand_move/install/tello_hand_move/lib'
[2.308s] Level 1:colcon.colcon_core.environment:checking '/root/DockerFiles/dronefiles/src/tello_hand_move/install/tello_hand_move/bin'
[2.308s] Level 1:colcon.colcon_core.environment:checking '/root/DockerFiles/dronefiles/src/tello_hand_move/install/tello_hand_move/lib/pkgconfig/tello_hand_move.pc'
[2.308s] Level 1:colcon.colcon_core.environment:checking '/root/DockerFiles/dronefiles/src/tello_hand_move/install/tello_hand_move/lib/python3.8/site-packages'
[2.308s] Level 1:colcon.colcon_core.shell:create_environment_hook('tello_hand_move', 'pythonpath')
[2.313s] INFO:colcon.colcon_core.shell:Creating environment hook '/root/DockerFiles/dronefiles/src/tello_hand_move/install/tello_hand_move/share/tello_hand_move/hook/pythonpath.ps1'
[2.314s] INFO:colcon.colcon_core.shell:Creating environment descriptor '/root/DockerFiles/dronefiles/src/tello_hand_move/install/tello_hand_move/share/tello_hand_move/hook/pythonpath.dsv'
[2.315s] INFO:colcon.colcon_core.shell:Creating environment hook '/root/DockerFiles/dronefiles/src/tello_hand_move/install/tello_hand_move/share/tello_hand_move/hook/pythonpath.sh'
[2.316s] Level 1:colcon.colcon_core.environment:checking '/root/DockerFiles/dronefiles/src/tello_hand_move/install/tello_hand_move/bin'
[2.316s] Level 1:colcon.colcon_core.environment:create_environment_scripts_only(tello_hand_move)
[2.319s] INFO:colcon.colcon_core.shell:Creating package script '/root/DockerFiles/dronefiles/src/tello_hand_move/install/tello_hand_move/share/tello_hand_move/package.ps1'
[2.325s] INFO:colcon.colcon_core.shell:Creating package descriptor '/root/DockerFiles/dronefiles/src/tello_hand_move/install/tello_hand_move/share/tello_hand_move/package.dsv'
[2.326s] INFO:colcon.colcon_core.shell:Creating package script '/root/DockerFiles/dronefiles/src/tello_hand_move/install/tello_hand_move/share/tello_hand_move/package.sh'
[2.327s] INFO:colcon.colcon_core.shell:Creating package script '/root/DockerFiles/dronefiles/src/tello_hand_move/install/tello_hand_move/share/tello_hand_move/package.bash'
[2.328s] INFO:colcon.colcon_core.shell:Creating package script '/root/DockerFiles/dronefiles/src/tello_hand_move/install/tello_hand_move/share/tello_hand_move/package.zsh'
[2.328s] Level 1:colcon.colcon_core.environment:create_file_with_runtime_dependencies(/root/DockerFiles/dronefiles/src/tello_hand_move/install/tello_hand_move/share/colcon-core/packages/tello_hand_move)
[2.330s] DEBUG:colcon.colcon_parallel_executor.executor.parallel:closing loop
[2.330s] DEBUG:colcon.colcon_parallel_executor.executor.parallel:loop closed
[2.330s] DEBUG:colcon.colcon_parallel_executor.executor.parallel:run_until_complete finished with '0'
[2.330s] DEBUG:colcon.colcon_core.event_reactor:joining thread
[2.345s] INFO:colcon.colcon_core.plugin_system:Skipping extension 'colcon_notification.desktop_notification.notify_send': Could not find 'notify-send'
[2.345s] INFO:colcon.colcon_core.plugin_system:Skipping extension 'colcon_notification.desktop_notification.terminal_notifier': Not used on non-Darwin systems
[2.345s] INFO:colcon.colcon_core.plugin_system:Skipping extension 'colcon_notification.desktop_notification.win32': Not used on non-Windows systems
[2.345s] INFO:colcon.colcon_notification.desktop_notification:Sending desktop notification using 'notify2'
[2.350s] DEBUG:colcon.colcon_notification.desktop_notification.notify2:Failed to initialize notify2: org.freedesktop.DBus.Error.Spawn.ExecFailed: /usr/bin/dbus-launch terminated abnormally without any error message
[2.350s] DEBUG:colcon.colcon_core.event_reactor:joined thread
[2.354s] INFO:colcon.colcon_core.shell:Creating prefix script '/root/DockerFiles/dronefiles/src/tello_hand_move/install/local_setup.ps1'
[2.358s] INFO:colcon.colcon_core.shell:Creating prefix util module '/root/DockerFiles/dronefiles/src/tello_hand_move/install/_local_setup_util_ps1.py'
[2.359s] INFO:colcon.colcon_core.shell:Creating prefix chain script '/root/DockerFiles/dronefiles/src/tello_hand_move/install/setup.ps1'
[2.362s] INFO:colcon.colcon_core.shell:Creating prefix script '/root/DockerFiles/dronefiles/src/tello_hand_move/install/local_setup.sh'
[2.363s] INFO:colcon.colcon_core.shell:Creating prefix util module '/root/DockerFiles/dronefiles/src/tello_hand_move/install/_local_setup_util_sh.py'
[2.363s] INFO:colcon.colcon_core.shell:Creating prefix chain script '/root/DockerFiles/dronefiles/src/tello_hand_move/install/setup.sh'
[2.368s] INFO:colcon.colcon_core.shell:Creating prefix script '/root/DockerFiles/dronefiles/src/tello_hand_move/install/local_setup.bash'
[2.369s] INFO:colcon.colcon_core.shell:Creating prefix chain script '/root/DockerFiles/dronefiles/src/tello_hand_move/install/setup.bash'
[2.371s] INFO:colcon.colcon_core.shell:Creating prefix script '/root/DockerFiles/dronefiles/src/tello_hand_move/install/local_setup.zsh'
[2.372s] INFO:colcon.colcon_core.shell:Creating prefix chain script '/root/DockerFiles/dronefiles/src/tello_hand_move/install/setup.zsh'
