[0.169s] Invoking command in '/root/DockerFiles/drone_ws/build/ros2_shared': CMAKE_PREFIX_PATH=/opt/ros/foxy /usr/bin/cmake /root/DockerFiles/drone_ws/src/ros2_shared -DCMAKE_INSTALL_PREFIX=/root/DockerFiles/drone_ws/install/ros2_shared
[1.806s] -- The C compiler identification is GNU 9.4.0
[1.806s] -- The CXX compiler identification is GNU 9.4.0
[1.808s] -- Check for working C compiler: /usr/bin/cc
[1.809s] -- Check for working C compiler: /usr/bin/cc -- works
[1.809s] -- Detecting C compiler ABI info
[1.809s] -- Detecting C compiler ABI info - done
[1.809s] -- Detecting C compile features
[1.809s] -- Detecting C compile features - done
[1.809s] -- Check for working CXX compiler: /usr/bin/c++
[1.809s] -- Check for working CXX compiler: /usr/bin/c++ -- works
[1.809s] -- Detecting CXX compiler ABI info
[1.812s] -- Detecting CXX compiler ABI info - done
[1.813s] -- Detecting CXX compile features
[1.813s] -- Detecting CXX compile features - done
[1.813s] -- Found ament_cmake: 0.9.12 (/opt/ros/foxy/share/ament_cmake/cmake)
[1.813s] -- Found PythonInterp: /usr/bin/python3 (found suitable version "3.8.10", minimum required is "3") 
[1.813s] -- Using PYTHON_EXECUTABLE: /usr/bin/python3
[1.929s] -- Found rclcpp: 2.4.3 (/opt/ros/foxy/share/rclcpp/cmake)
[2.081s] -- Using all available rosidl_typesupport_c: rosidl_typesupport_fastrtps_c;rosidl_typesupport_introspection_c
[2.100s] -- Found rosidl_adapter: 1.3.1 (/opt/ros/foxy/share/rosidl_adapter/cmake)
[2.326s] -- Found OpenSSL: /usr/lib/x86_64-linux-gnu/libcrypto.so (found version "1.1.1f")  
[2.435s] -- Found FastRTPS: /opt/ros/foxy/include  
[2.676s] -- Using all available rosidl_typesupport_cpp: rosidl_typesupport_fastrtps_cpp;rosidl_typesupport_introspection_cpp
[3.174s] -- Found rmw_implementation_cmake: 1.0.4 (/opt/ros/foxy/share/rmw_implementation_cmake/cmake)
[3.188s] -- Using RMW implementation 'rmw_fastrtps_cpp' as default
[3.191s] -- Looking for pthread.h
[3.426s] -- Looking for pthread.h - found
[3.427s] -- Performing Test CMAKE_HAVE_LIBC_PTHREAD
[3.577s] -- Performing Test CMAKE_HAVE_LIBC_PTHREAD - Failed
[3.577s] -- Looking for pthread_create in pthreads
[3.777s] -- Looking for pthread_create in pthreads - not found
[3.778s] -- Looking for pthread_create in pthread
[3.977s] -- Looking for pthread_create in pthread - found
[3.977s] -- Found Threads: TRUE  
[4.516s] -- Configuring done
[4.536s] -- Generating done
[4.545s] -- Build files have been written to: /root/DockerFiles/drone_ws/build/ros2_shared
[4.582s] Invoked command in '/root/DockerFiles/drone_ws/build/ros2_shared' returned '0': CMAKE_PREFIX_PATH=/opt/ros/foxy /usr/bin/cmake /root/DockerFiles/drone_ws/src/ros2_shared -DCMAKE_INSTALL_PREFIX=/root/DockerFiles/drone_ws/install/ros2_shared
[4.583s] Invoking command in '/root/DockerFiles/drone_ws/build/ros2_shared': CMAKE_PREFIX_PATH=/opt/ros/foxy /usr/bin/cmake --build /root/DockerFiles/drone_ws/build/ros2_shared -- -j12 -l12
[4.691s] Invoked command in '/root/DockerFiles/drone_ws/build/ros2_shared' returned '0': CMAKE_PREFIX_PATH=/opt/ros/foxy /usr/bin/cmake --build /root/DockerFiles/drone_ws/build/ros2_shared -- -j12 -l12
[4.745s] Invoking command in '/root/DockerFiles/drone_ws/build/ros2_shared': CMAKE_PREFIX_PATH=/opt/ros/foxy /usr/bin/cmake --install /root/DockerFiles/drone_ws/build/ros2_shared
[4.770s] -- Install configuration: ""
[4.771s] -- Installing: /root/DockerFiles/drone_ws/install/ros2_shared/include
[4.771s] -- Installing: /root/DockerFiles/drone_ws/install/ros2_shared/include/ros2_shared
[4.771s] -- Installing: /root/DockerFiles/drone_ws/install/ros2_shared/include/ros2_shared/context_macros.hpp
[4.771s] -- Installing: /root/DockerFiles/drone_ws/install/ros2_shared/include/ros2_shared/string_printf.hpp
[4.771s] -- Installing: /root/DockerFiles/drone_ws/install/ros2_shared/include/ros2_shared/param_macros.hpp
[4.771s] -- Installing: /root/DockerFiles/drone_ws/install/ros2_shared/share/ament_index/resource_index/package_run_dependencies/ros2_shared
[4.772s] -- Installing: /root/DockerFiles/drone_ws/install/ros2_shared/share/ament_index/resource_index/parent_prefix_path/ros2_shared
[4.773s] -- Installing: /root/DockerFiles/drone_ws/install/ros2_shared/share/ros2_shared/environment/ament_prefix_path.sh
[4.777s] -- Installing: /root/DockerFiles/drone_ws/install/ros2_shared/share/ros2_shared/environment/ament_prefix_path.dsv
[4.777s] -- Installing: /root/DockerFiles/drone_ws/install/ros2_shared/share/ros2_shared/environment/path.sh
[4.777s] -- Installing: /root/DockerFiles/drone_ws/install/ros2_shared/share/ros2_shared/environment/path.dsv
[4.777s] -- Installing: /root/DockerFiles/drone_ws/install/ros2_shared/share/ros2_shared/local_setup.bash
[4.777s] -- Installing: /root/DockerFiles/drone_ws/install/ros2_shared/share/ros2_shared/local_setup.sh
[4.777s] -- Installing: /root/DockerFiles/drone_ws/install/ros2_shared/share/ros2_shared/local_setup.zsh
[4.777s] -- Installing: /root/DockerFiles/drone_ws/install/ros2_shared/share/ros2_shared/local_setup.dsv
[4.777s] -- Installing: /root/DockerFiles/drone_ws/install/ros2_shared/share/ros2_shared/package.dsv
[4.778s] -- Installing: /root/DockerFiles/drone_ws/install/ros2_shared/share/ament_index/resource_index/packages/ros2_shared
[4.778s] -- Installing: /root/DockerFiles/drone_ws/install/ros2_shared/share/ros2_shared/cmake/ros2_shared_targetsExport.cmake
[4.778s] -- Installing: /root/DockerFiles/drone_ws/install/ros2_shared/share/ros2_shared/cmake/ament_cmake_export_targets-extras.cmake
[4.778s] -- Installing: /root/DockerFiles/drone_ws/install/ros2_shared/share/ros2_shared/cmake/ament_cmake_export_dependencies-extras.cmake
[4.778s] -- Installing: /root/DockerFiles/drone_ws/install/ros2_shared/share/ros2_shared/cmake/ros2_sharedConfig.cmake
[4.778s] -- Installing: /root/DockerFiles/drone_ws/install/ros2_shared/share/ros2_shared/cmake/ros2_sharedConfig-version.cmake
[4.778s] -- Installing: /root/DockerFiles/drone_ws/install/ros2_shared/share/ros2_shared/package.xml
[4.794s] Invoked command in '/root/DockerFiles/drone_ws/build/ros2_shared' returned '0': CMAKE_PREFIX_PATH=/opt/ros/foxy /usr/bin/cmake --install /root/DockerFiles/drone_ws/build/ros2_shared
